Archive member included to satisfy reference by file (symbol)

C:/msys64/opt/wonderful/thirdparty/blocksds/core/libs/libnds/lib\libnds9.a(cp15.s.o)
                              C:/msys64/opt/wonderful/thirdparty/blocksds/core/sys/crts/ds_arm9_crt0.o (CP15_FlushICache)
C:/msys64/opt/wonderful/thirdparty/blocksds/core/libs/libnds/lib\libnds9.a(mpu_setup.s.o)
                              C:/msys64/opt/wonderful/thirdparty/blocksds/core/sys/crts/ds_arm9_crt0.o (__libnds_mpu_setup)
C:/msys64/opt/wonderful/thirdparty/blocksds/core/libs/libnds/lib\libnds9.a(dma.s.o)
                              build/Code/source/display.cpp.o (dmaSetParams)
C:/msys64/opt/wonderful/thirdparty/blocksds/core/libs/libnds/lib\libnds9.a(memcpy.s.o)
                              build/Code/source/decisions.cpp.o (memcpy)
C:/msys64/opt/wonderful/thirdparty/blocksds/core/libs/libnds/lib\libnds9.a(memset.s.o)
                              build/Code/source/decisions.cpp.o (memset)
C:/msys64/opt/wonderful/thirdparty/blocksds/core/libs/libnds/lib\libnds9.a(console.c.o)
                              build/Code/source/menu.cpp.o (consoleInit)
C:/msys64/opt/wonderful/thirdparty/blocksds/core/libs/libnds/lib\libnds9.a(dlmalloc.c.o)
                              C:/msys64/opt/wonderful/thirdparty/blocksds/core/libs/libnds/lib\libnds9.a(console.c.o) (malloc)
C:/msys64/opt/wonderful/thirdparty/blocksds/core/libs/libnds/lib\libnds9.a(crt0_argv.c.o)
                              C:/msys64/opt/wonderful/thirdparty/blocksds/core/sys/crts/ds_arm9_crt0.o (build_argv)
C:/msys64/opt/wonderful/thirdparty/blocksds/core/libs/libnds/lib\libnds9.a(iob.c.o)
                              C:/msys64/opt/wonderful/thirdparty/blocksds/core/libs/libnds/lib\libnds9.a(console.c.o) (stderr)
C:/msys64/opt/wonderful/thirdparty/blocksds/core/libs/libnds/lib\libnds9.a(sassert.c.o)
                              build/Code/source/sprites.cpp.o (__sassert)
C:/msys64/opt/wonderful/thirdparty/blocksds/core/libs/libnds/lib\libnds9.a(cache.c.o)
                              C:/msys64/opt/wonderful/thirdparty/blocksds/core/libs/libnds/lib\libnds9.a(console.c.o) (CP15_CleanAndFlushDCacheRange)
C:/msys64/opt/wonderful/thirdparty/blocksds/core/libs/libnds/lib\libnds9.a(initSystem.c.o)
                              C:/msys64/opt/wonderful/thirdparty/blocksds/core/sys/crts/ds_arm9_crt0.o (__debugger_unit)
C:/msys64/opt/wonderful/thirdparty/blocksds/core/libs/libnds/lib\libnds9.a(keys.c.o)
                              build/Code/source/main.cpp.o (scanKeys)
C:/msys64/opt/wonderful/thirdparty/blocksds/core/libs/libnds/lib\libnds9.a(securearea.c.o)
                              C:/msys64/opt/wonderful/thirdparty/blocksds/core/sys/crts/ds_arm9_crt0.o (__secure_area__)
C:/msys64/opt/wonderful/thirdparty/blocksds/core/libs/libnds/lib\libnds9.a(system.c.o)
                              C:/msys64/opt/wonderful/thirdparty/blocksds/core/libs/libnds/lib\libnds9.a(initSystem.c.o) (systemValueHandler)
C:/msys64/opt/wonderful/thirdparty/blocksds/core/libs/libnds/lib\libnds9.a(background.c.o)
                              build/Code/source/text_sprites.cpp.o (bgUpdate)
C:/msys64/opt/wonderful/thirdparty/blocksds/core/libs/libnds/lib\libnds9.a(sprite.c.o)
                              build/Code/source/sprites.cpp.o (oamInit)
C:/msys64/opt/wonderful/thirdparty/blocksds/core/libs/libnds/lib\libnds9.a(sprite_alloc.c.o)
                              C:/msys64/opt/wonderful/thirdparty/blocksds/core/libs/libnds/lib\libnds9.a(sprite.c.o) (oamAllocReset)
C:/msys64/opt/wonderful/thirdparty/blocksds/core/libs/libnds/lib\libnds9.a(video.c.o)
                              C:/msys64/opt/wonderful/thirdparty/blocksds/core/libs/libnds/lib\libnds9.a(console.c.o) (setBrightness)
C:/msys64/opt/wonderful/thirdparty/blocksds/core/libs/libnds/lib\libnds9.a(threads.c.o)
                              C:/msys64/opt/wonderful/thirdparty/blocksds/core/libs/libnds/lib\libnds9.a(iob.c.o) (cothread_yield_irq)
C:/msys64/opt/wonderful/thirdparty/blocksds/core/libs/libnds/lib\libnds9.a(debugprint.c.o)
                              C:/msys64/opt/wonderful/thirdparty/blocksds/core/libs/libnds/lib\libnds9.a(console.c.o) (nocash_putc_buffered)
C:/msys64/opt/wonderful/thirdparty/blocksds/core/libs/libnds/lib\libnds9.a(exceptions.c.o)
                              C:/msys64/opt/wonderful/thirdparty/blocksds/core/libs/libnds/lib\libnds9.a(threads.c.o) (libndsCrash)
C:/msys64/opt/wonderful/thirdparty/blocksds/core/libs/libnds/lib\libnds9.a(fifosystem.c.o)
                              C:/msys64/opt/wonderful/thirdparty/blocksds/core/libs/libnds/lib\libnds9.a(system.c.o) (fifoSendValue32)
C:/msys64/opt/wonderful/thirdparty/blocksds/core/libs/libnds/lib\libnds9.a(interrupts.c.o)
                              C:/msys64/opt/wonderful/thirdparty/blocksds/core/libs/libnds/lib\libnds9.a(fifosystem.c.o) (irqSet)
C:/msys64/opt/wonderful/thirdparty/blocksds/core/libs/libnds/lib\libnds9.a(exit.c.o)
[...]
Memory Configuration

Name             Origin             Length             Attributes
ewram            0x02000000         0x00380000
dtcm             0x02ff4000         0x00004000
itcm             0x01000000         0x00008000
*default*        0x00000000         0xffffffff

Linker script and memory map

                0x00000000                        PROVIDE (__dtcm_data_size = 0x0)
                0x00000001                        ASSERT (((__dtcm_data_size & 0x3) == 0x0), __dtcm_data_size must be a multiple of 4)
                0x00004000                        PROVIDE (__dldi_size = 0x4000)
                0x00000040                        PROVIDE (__dtcm_reserved_size = 0x40)
                0x00000001                        ASSERT (((__dtcm_reserved_size & 0x3) == 0x0), __dtcm_reserved_size must be a multiple of 4)
                0x00000100                        PROVIDE (__svc_stack_size = 0x100)
                0x00000001                        ASSERT (((__svc_stack_size & 0x3) == 0x0), __svc_stack_size must be a multiple of 4)
                0x00000100                        PROVIDE (__irq_stack_size = 0x100)
                0x00000001                        ASSERT (((__irq_stack_size & 0x3) == 0x0), __irq_stack_size must be a multiple of 4)
                0x00000000                        PROVIDE (__usr_stack_size = 0x0)
                0x00000001                        ASSERT (((__usr_stack_size & 0x3) == 0x0), __usr_stack_size must be a multiple of 4)
                0x02380000                        __ewram_end = (ORIGIN (ewram) + LENGTH (ewram))
                0x02380000                        __eheap_end = (ORIGIN (ewram) + LENGTH (ewram))
                0x02ff4000                        __dtcm_start = ORIGIN (dtcm)
                0x02ff8000                        __dtcm_top = (ORIGIN (dtcm) + LENGTH (dtcm))
                0x02ff7ff8                        __irq_flags = (__dtcm_top - 0x8)
                0x02ff7ffc                        __irq_vector = (__dtcm_top - 0x4)
                0x02ff7fc0                        __sp_svc = (__dtcm_top - __dtcm_reserved_size)
                0x02ff7ec0                        __sp_irq = (__sp_svc - __svc_stack_size)
                0x02ff7dc0                        __sp_usr = ((__sp_irq - __irq_stack_size) - __dtcm_data_size)
                0x02ff4000                        __dtcm_data_start = (__dtcm_data_size > 0x0)?__sp_usr:ORIGIN (dtcm)
                0x02ff7dc0                        __dtcm_data_top = (__dtcm_data_size > 0x0)?(__sp_irq - __irq_stack_size):(__sp_usr - __usr_stack_size)
                0x0000000e                        __dldi_log2_size = (LOG2CEIL ((__dldi_size + 0x1)) - 0x1)

.secure         0x02000000      0x800
 *(.secure)
 .secure        0x02000000      0x800 C:/msys64/opt/wonderful/thirdparty/blocksds/core/libs/libnds/lib\libnds9.a(securearea.c.o)
                0x02000000                __secure_area__

.crt0           0x02000800      0x2e4
                0x02000800                        __text_start = .
 *(.crt0)
 .crt0          0x02000800      0x2e4 C:/msys64/opt/wonderful/thirdparty/blocksds/core/sys/crts/ds_arm9_crt0.o
                0x02000800                _start
                0x02000ae4                        . = ALIGN (0x4)

.dldi           0x02000ae4        0x0
                0x02000ae4                        __dldi_start = .
 *(.dldi)
                0x02000ae4                        . = ALIGN (0x4)
                0x02000ae4                        __dldi_data_end = .
                0x02000ae4                        __dldi_end = (__dldi_data_end > __dldi_start)?(__dldi_start + __dldi_size):__dldi_start
                0x02000ae4                        . = __dldi_end
                0x02000ae4                        . = ALIGN (0x4)

.plt
 *(.plt)

.init           0x02000ae4        0x8
 *(SORT_NONE(.init))
 .init          0x02000ae4        0x8 C:/msys64/opt/wonderful/toolchain/gcc-arm-none-eabi/lib/gcc/arm-none-eabi/15.2.1/thumb/arm946e-s/crtn.o

.text           0x02000af0     0x9570
 *(EXCLUDE_FILE(*.twl* *.itcm*) .text)
 .text          0x02000af0        0xe C:/msys64/opt/wonderful/toolchain/gcc-arm-none-eabi/lib/gcc/arm-none-eabi/15.2.1/../../../../arm-none-eabi/lib/thumb/arm946e-s\libc.a(strlen.S.o)
                0x02000af0                strlen
 *fill*         0x02000afe        0x2 ff
 .text          0x02000b00       0x14 C:/msys64/opt/wonderful/toolchain/gcc-arm-none-eabi/lib/gcc/arm-none-eabi/15.2.1/thumb/arm946e-s\libgcc.a(_thumb1_case_uqi.o)
                0x02000b00                __gnu_thumb1_case_uqi
 .text          0x02000b14       0x14 C:/msys64/opt/wonderful/toolchain/gcc-arm-none-eabi/lib/gcc/arm-none-eabi/15.2.1/thumb/arm946e-s\libgcc.a(_thumb1_case_uhi.o)
                0x02000b14                __gnu_thumb1_case_uhi
 .text          0x02000b28      0x214 C:/msys64/opt/wonderful/toolchain/gcc-arm-none-eabi/lib/gcc/arm-none-eabi/15.2.1/thumb/arm946e-s\libgcc.a(_udivsi3.o)
                0x02000b28                __aeabi_uidiv
                0x02000b28                __udivsi3
                0x02000d1c                __aeabi_uidivmod
 .text          0x02000d3c      0x248 C:/msys64/opt/wonderful/toolchain/gcc-arm-none-eabi/lib/gcc/arm-none-eabi/15.2.1/thumb/arm946e-s\libgcc.a(_divsi3.o)
                0x02000d3c                __divsi3
                0x02000d3c                __aeabi_idiv
                0x02000f64                __aeabi_idivmod
 .text          0x02000f84        0x4 C:/msys64/opt/wonderful/toolchain/gcc-arm-none-eabi/lib/gcc/arm-none-eabi/15.2.1/thumb/arm946e-s\libgcc.a(_dvmd_tls.o)
                0x02000f84                __aeabi_idiv0
                0x02000f84                __aeabi_ldiv0
 .text          0x02000f88       0x18 C:/msys64/opt/wonderful/toolchain/gcc-arm-none-eabi/lib/gcc/arm-none-eabi/15.2.1/thumb/arm946e-s\libgcc.a(_lshrdi3.o)
                0x02000f88                __lshrdi3
                0x02000f88                __aeabi_llsr
 .text          0x02000fa0       0x1c C:/msys64/opt/wonderful/toolchain/gcc-arm-none-eabi/lib/gcc/arm-none-eabi/15.2.1/thumb/arm946e-s\libgcc.a(_ashrdi3.o)
                0x02000fa0                __aeabi_lasr
                0x02000fa0                __ashrdi3
 .text          0x02000fbc       0x18 C:/msys64/opt/wonderful/toolchain/gcc-arm-none-eabi/lib/gcc/arm-none-eabi/15.2.1/thumb/arm946e-s\libgcc.a(_ashldi3.o)
                0x02000fbc                __aeabi_llsl
                0x02000fbc                __ashldi3
 .text          0x02000fd4        0x8 C:/msys64/opt/wonderful/toolchain/gcc-arm-none-eabi/lib/gcc/arm-none-eabi/15.2.1/thumb/arm946e-s\libgcc.a(_clzsi2.o)
                0x02000fd4                __clzsi2
 .text          0x02000fdc       0x3c C:/msys64/opt/wonderful/toolchain/gcc-arm-none-eabi/lib/gcc/arm-none-eabi/15.2.1/thumb/arm946e-s\libgcc.a(_aeabi_uldivmod.o)
                0x02000fdc                __aeabi_uldivmod
 .text          0x02001018      0x190 C:/msys64/opt/wonderful/toolchain/gcc-arm-none-eabi/lib/gcc/arm-none-eabi/15.2.1/thumb/arm946e-s\libgcc.a(_udivmoddi4.o)
                0x02001018                __udivmoddi4
 .text          0x020011a8       0x14 C:/msys64/opt/wonderful/toolchain/gcc-arm-none-eabi/lib/gcc/arm-none-eabi/15.2.1/thumb/arm946e-s\libgcc.a(muldi3.o)
                0x020011a8                __muldi3
                0x020011a8                __aeabi_lmul
 .text          0x020011bc       0x14 C:/msys64/opt/wonderful/toolchain/gcc-arm-none-eabi/lib/gcc/arm-none-eabi/15.2.1/thumb/arm946e-s\libgcc.a(_clzdi2.o)
                0x020011bc                __clzdi2
 *(EXCLUDE_FILE(*.twl* *.itcm*) .stub)
 *(EXCLUDE_FILE(*.twl* *.itcm*) .text.*)
 .text._ZL17drawMultilineText10TextEngineiiPKci.constprop.0
                0x020011d0       0x54 build/Code/source/decisions.cpp.o
 .text._ZL27updateDecisionDetailDisplayv
                0x02001224       0x74 build/Code/source/decisions.cpp.o
 .text._Z19getRuntimeCoreCountv
                0x02001298        0xc build/Code/source/decisions.cpp.o
                0x02001298                getRuntimeCoreCount()
 .text._Z14getRuntimeCorei
                0x020012a4        0xc build/Code/source/decisions.cpp.o
                0x020012a4                getRuntimeCore(int)
 .text._Z19initDecisionsSystemv
                0x020012b0       0x5c build/Code/source/decisions.cpp.o
                0x020012b0                initDecisionsSystem()
 .text._Z24evaluateConditionProgramtth
                0x0200130c      0x1e4 build/Code/source/decisions.cpp.o
                0x0200130c                evaluateConditionProgram(unsigned short, unsigned short, unsigned char)
 .text._ZL26rebuildVisibleDecisionListv
                0x020014f0       0x74 build/Code/source/decisions.cpp.o
 .text._Z19isDecisionAvailableih
                0x02001564       0x6c build/Code/source/decisions.cpp.o
                0x02001564                isDecisionAvailable(int, unsigned char)
 .text._Z12takeDecisionih
                0x020015d0      0x3f4 build/Code/source/decisions.cpp.o
                0x020015d0                takeDecision(int, unsigned char)
 .text._Z19enterDecisionsStatev
                0x020019c4       0x4c build/Code/source/decisions.cpp.o
                0x020019c4                enterDecisionsState()
 .text._Z20updateDecisionsStateii
                0x02001a10      0x440 build/Code/source/decisions.cpp.o
                0x02001a10                updateDecisionsState(int, int)
 .text._Z19blitTerrainViewportv
                0x02001e50       0xf8 build/Code/source/display.cpp.o
                0x02001e50                blitTerrainViewport()
 .text._Z20generatePoliticalMapv
                0x02001f48      0x158 build/Code/source/display.cpp.o
                0x02001f48                generatePoliticalMap()
 .text._Z21blitPoliticalViewportv
                0x020020a0       0x38 build/Code/source/display.cpp.o
                0x020020a0                blitPoliticalViewport()
 .text._Z12updateCameraii
                0x020020d8      0x1c8 build/Code/source/display.cpp.o
                0x020020d8                updateCamera(int, int)
 .text._Z9initFlagsv
                0x020022a0       0x1c build/Code/source/flags.cpp.o
                0x020022a0                initFlags()
 .text._Z8showFlagiiii
                0x020022bc      0x14c build/Code/source/flags.cpp.o
                0x020022bc                showFlag(int, int, int, int)
 .text._Z8hideFlagv
                0x02002408       0x14 build/Code/source/flags.cpp.o
                0x02002408                hideFlag()
 .text._Z16drawCountryPopupv.part.0
                0x0200241c      0x100 build/Code/source/main.cpp.o
 .text._Z7is_coreth
                0x0200251c       0x5c build/Code/source/main.cpp.o
                0x0200251c                is_core(unsigned short, unsigned char)
 .text._Z17printProvinceInfot.part.0
                0x02002578      0x324 build/Code/source/main.cpp.o
 .text._Z9initVideov
                0x0200289c       0xc0 build/Code/source/main.cpp.o
                0x0200289c                initVideo()
 .text._Z18getTouchedProvincePt
                0x0200295c       0x74 build/Code/source/main.cpp.o
                0x0200295c                getTouchedProvince(unsigned short*)
 .text._Z23handleCountryPopupTouchv
                0x020029d0      0x1c8 build/Code/source/main.cpp.o
                0x020029d0                handleCountryPopupTouch()
 .text._Z21getCountryDisplayNamehh
                0x02002b98       0x38 build/Code/source/main.cpp.o
                0x02002b98                getCountryDisplayName(unsigned char, unsigned char)
 .text.startup.main
                0x02002bd0      0x120 build/Code/source/main.cpp.o
                0x02002bd0                main
 .text._Z15initMenuConsolev
                0x02002cf0       0x2c build/Code/source/menu.cpp.o
                0x02002cf0                initMenuConsole()
 .text._Z20renderMenuBackgroundv
                0x02002d1c       0x58 build/Code/source/menu.cpp.o
                0x02002d1c                renderMenuBackground()
 .text._Z14drawButtonRectiiiibb
                0x02002d74       0xd8 build/Code/source/menu.cpp.o
                0x02002d74                drawButtonRect(int, int, int, int, bool, bool)
 .text._Z14enterMenuStatev
                0x02002e4c       0x2c build/Code/source/menu.cpp.o
                0x02002e4c                enterMenuState()
 .text._Z8drawMenuv
                0x02002e78       0xb8 build/Code/source/menu.cpp.o
                0x02002e78                drawMenu()
 .text._Z10updateMenui
                0x02002f30      0x100 build/Code/source/menu.cpp.o
                0x02002f30                updateMenu(int)
 .text._Z17drawCountrySelectv
                0x02003030       0xf4 build/Code/source/menu.cpp.o
                0x02003030                drawCountrySelect()
 .text._Z19updateCountrySelecti
                0x02003124      0x21c build/Code/source/menu.cpp.o
                0x02003124                updateCountrySelect(int)
 .text._Z22get_ruling_leader_nameh
                0x02003340       0x38 build/Code/source/politics.cpp.o
                0x02003340                get_ruling_leader_name(unsigned char)
 .text._Z19get_ruling_ideologyh
                0x02003378       0x1c build/Code/source/politics.cpp.o
                0x02003378                get_ruling_ideology(unsigned char)
 .text._Z15initGameSprites12SpriteScreen
                0x02003394       0x20 build/Code/source/sprites.cpp.o
                0x02003394                initGameSprites(SpriteScreen)
 .text._Z14allocSpriteGfx12SpriteScreen10SpriteSize17SpriteColorFormat
                0x020033b4       0x1c build/Code/source/sprites.cpp.o
                0x020033b4                allocSpriteGfx(SpriteScreen, SpriteSize, SpriteColorFormat)
 .text._Z9setSprite12SpriteScreeniii10SpriteSize17SpriteColorFormatPKv
                0x020033d0       0x4c build/Code/source/sprites.cpp.o
                0x020033d0                setSprite(SpriteScreen, int, int, int, SpriteSize, SpriteColorFormat, void const*)
 .text._Z10hideSprite12SpriteScreeni
                0x0200341c       0x40 build/Code/source/sprites.cpp.o
                0x0200341c                hideSprite(SpriteScreen, int)
 .text._Z13commitSprites12SpriteScreen
                0x0200345c       0x1c build/Code/source/sprites.cpp.o
                0x0200345c                commitSprites(SpriteScreen)
 .text._ZL10decodeUtf8PPKc
                0x02003478       0x7c build/Code/source/text_sprites.cpp.o
 .text._ZL14buildGlyphTileRK5GlyphPh.constprop.0
                0x020034f4       0x64 build/Code/source/text_sprites.cpp.o
 .text._Z15initTextSprites10TextEngine
                0x02003558      0x278 build/Code/source/text_sprites.cpp.o
                0x02003558                initTextSprites(TextEngine)
 .text._Z9clearText10TextEngine
                0x020037d0       0x6c build/Code/source/text_sprites.cpp.o
                0x020037d0                clearText(TextEngine)
 .text._Z8drawText10TextEngineiiPKc
                0x0200383c      0x11c build/Code/source/text_sprites.cpp.o
                0x0200383c                drawText(TextEngine, int, int, char const*)
 .text._Z10commitText10TextEngine
                0x02003958       0x18 build/Code/source/text_sprites.cpp.o
                0x02003958                commitText(TextEngine)
 .text._Z14textPixelWidthPKc
                0x02003970        0xc build/Code/source/text_sprites.cpp.o
                0x02003970                textPixelWidth(char const*)
 .text._Z15drawIdeologyBariiiPKh
                0x0200397c      0x130 build/Code/source/text_sprites.cpp.o
                0x0200397c                drawIdeologyBar(int, int, int, unsigned char const*)
 .text._Z16init_turn_systemv
                0x02003aac       0x38 build/Code/source/turn_system.cpp.o
                0x02003aac                init_turn_system()
 .text._Z12next_countryv
                0x02003ae4       0xc0 build/Code/source/turn_system.cpp.o
                0x02003ae4                next_country()
 .text._Z9pass_turni
                0x02003ba4       0x28 build/Code/source/turn_system.cpp.o
                0x02003ba4                pass_turn(int)
 .text._Z20currentActingCountryv
                0x02003bcc       0x14 build/Code/source/turn_system.cpp.o
                0x02003bcc                currentActingCountry()
 .text._Z22swapTurnOrderPositionshh
                0x02003be0       0x44 build/Code/source/turn_system.cpp.o
                0x02003be0                swapTurnOrderPositions(unsigned char, unsigned char)
 .text.CP15_FlushICache
                0x02003c24        0xc C:/msys64/opt/wonderful/thirdparty/blocksds/core/libs/libnds/lib\libnds9.a(cp15.s.o)
                0x02003c24                CP15_FlushICache
 .text.CP15_FlushDCache
                0x02003c30        0xc C:/msys64/opt/wonderful/thirdparty/blocksds/core/libs/libnds/lib\libnds9.a(cp15.s.o)
                0x02003c30                CP15_FlushDCache
 .text.CP15_CleanAndFlushDCache
                0x02003c3c       0x34 C:/msys64/opt/wonderful/thirdparty/blocksds/core/libs/libnds/lib\libnds9.a(cp15.s.o)
                0x02003c3c                CP15_CleanAndFlushDCache
 .text.__libnds_mpu_setup
                0x02003c70      0x1c4 C:/msys64/opt/wonderful/thirdparty/blocksds/core/libs/libnds/lib\libnds9.a(mpu_setup.s.o)
                0x02003c70                __libnds_mpu_setup
 .text.CP15_MPUDisable
                0x02003e34       0x3c C:/msys64/opt/wonderful/thirdparty/blocksds/core/libs/libnds/lib\libnds9.a(mpu_setup.s.o)
                0x02003e34                CP15_MPUDisable
 .text.__libnds_mpu_jump_past_dtcm
                0x02003e70       0x4c C:/msys64/opt/wonderful/thirdparty/blocksds/core/libs/libnds/lib\libnds9.a(mpu_setup.s.o)
                0x02003e70                __libnds_mpu_jump_past_dtcm
 .text.memUncached
                0x02003ebc       0x20 C:/msys64/opt/wonderful/thirdparty/blocksds/core/libs/libnds/lib\libnds9.a(mpu_setup.s.o)
                0x02003ebc                memUncached
 .text.dmaSetParams
                0x02003edc       0x1c C:/msys64/opt/wonderful/thirdparty/blocksds/core/libs/libnds/lib\libnds9.a(dma.s.o)
                0x02003edc                dmaSetParams
 .text.__aeabi_memcpy
                0x02003ef8       0xc8 C:/msys64/opt/wonderful/thirdparty/blocksds/core/libs/libnds/lib\libnds9.a(memcpy.s.o)
                0x02003ef8                __aeabi_memcpy
                0x02003f30                __aeabi_memcpy4
                0x02003f30                __aeabi_memcpy8
                0x02003f9c                __ndsabi_memcpy2
 .text.__ndsabi_memcpy1
                0x02003fc0       0x14 C:/msys64/opt/wonderful/thirdparty/blocksds/core/libs/libnds/lib\libnds9.a(memcpy.s.o)
                0x02003fc0                __ndsabi_memcpy1
 .text.memcpy   0x02003fd4       0x10 C:/msys64/opt/wonderful/thirdparty/blocksds/core/libs/libnds/lib\libnds9.a(memcpy.s.o)
                0x02003fd4                memcpy
 .text.__aeabi_memset
                0x02003fe4       0x9c C:/msys64/opt/wonderful/thirdparty/blocksds/core/libs/libnds/lib\libnds9.a(memset.s.o)
                0x02003fe4                __aeabi_memset
                0x02004008                __aeabi_memset8
                0x02004008                __aeabi_memset4
                0x02004014                __ndsabi_wordset4
                0x02004018                __ndsabi_lwordset4
 .text.__ndsabi_memset1
                0x02004080       0x10 C:/msys64/opt/wonderful/thirdparty/blocksds/core/libs/libnds/lib\libnds9.a(memset.s.o)
                0x02004080                __ndsabi_memset1
 .text.memset   0x02004090       0x1c C:/msys64/opt/wonderful/thirdparty/blocksds/core/libs/libnds/lib\libnds9.a(memset.s.o)
                0x02004090                memset
 .text.newRow   0x020040ac       0x88 C:/msys64/opt/wonderful/thirdparty/blocksds/core/libs/libnds/lib\libnds9.a(console.c.o)
 .text.consolePrintChar.part.0
                0x02004134      0x100 C:/msys64/opt/wonderful/thirdparty/blocksds/core/libs/libnds/lib\libnds9.a(console.c.o)
 .text.consolePrintChar
                0x02004234       0x2c C:/msys64/opt/wonderful/thirdparty/blocksds/core/libs/libnds/lib\libnds9.a(console.c.o)
                0x02004234                consolePrintChar
 .text.con_write
                0x02004260      0x330 C:/msys64/opt/wonderful/thirdparty/blocksds/core/libs/libnds/lib\libnds9.a(console.c.o)
 .text.consoleLoadFont
                0x02004590      0x24c C:/msys64/opt/wonderful/thirdparty/blocksds/core/libs/libnds/lib\libnds9.a(console.c.o)
                0x02004590                consoleLoadFont
 .text.consoleInitEx
                0x020047dc      0x19c C:/msys64/opt/wonderful/thirdparty/blocksds/core/libs/libnds/lib\libnds9.a(console.c.o)
                0x020047dc                consoleInitEx
 .text.consoleInit
                0x02004978       0x2c C:/msys64/opt/wonderful/thirdparty/blocksds/core/libs/libnds/lib\libnds9.a(console.c.o)
                0x02004978                consoleInit
 .text.consoleDemoInit
                0x020049a4       0x48 C:/msys64/opt/wonderful/thirdparty/blocksds/core/libs/libnds/lib\libnds9.a(console.c.o)
                0x020049a4                consoleDemoInit
 .text.consoleSetCursor
                0x020049ec       0x24 C:/msys64/opt/wonderful/thirdparty/blocksds/core/libs/libnds/lib\libnds9.a(console.c.o)
                0x020049ec                consoleSetCursor
 .text.consoleSetColor
                0x02004a10       0x18 C:/msys64/opt/wonderful/thirdparty/blocksds/core/libs/libnds/lib\libnds9.a(console.c.o)
                0x02004a10                consoleSetColor
 .text.consoleArm7Flush
                0x02004a28       0x90 C:/msys64/opt/wonderful/thirdparty/blocksds/core/libs/libnds/lib\libnds9.a(console.c.o)
                0x02004a28                consoleArm7Flush
 .text.comutex_acquire
                0x02004ab8       0x28 C:/msys64/opt/wonderful/thirdparty/blocksds/core/libs/libnds/lib\libnds9.a(dlmalloc.c.o)
 .text.comutex_release
                0x02004ae0       0x14 C:/msys64/opt/wonderful/thirdparty/blocksds/core/libs/libnds/lib\libnds9.a(dlmalloc.c.o)
 .text.dispose_chunk.constprop.0
                0x02004af4      0x304 C:/msys64/opt/wonderful/thirdparty/blocksds/core/libs/libnds/lib\libnds9.a(dlmalloc.c.o)
 .text.init_top.constprop.0
                0x02004df8       0x3c C:/msys64/opt/wonderful/thirdparty/blocksds/core/libs/libnds/lib\libnds9.a(dlmalloc.c.o)
 .text.segment_holding.constprop.0
                0x02004e34       0x20 C:/msys64/opt/wonderful/thirdparty/blocksds/core/libs/libnds/lib\libnds9.a(dlmalloc.c.o)
 .text.try_realloc_chunk.constprop.0.isra.0
                0x02004e54      0x230 C:/msys64/opt/wonderful/thirdparty/blocksds/core/libs/libnds/lib\libnds9.a(dlmalloc.c.o)
 .text.init_mparams.isra.0
                0x02005084       0x5c C:/msys64/opt/wonderful/thirdparty/blocksds/core/libs/libnds/lib\libnds9.a(dlmalloc.c.o)
 .text.sys_trim.constprop.0
                0x020050e0       0xf8 C:/msys64/opt/wonderful/thirdparty/blocksds/core/libs/libnds/lib\libnds9.a(dlmalloc.c.o)
 .text.malloc   0x020051d8      0xce0 C:/msys64/opt/wonderful/thirdparty/blocksds/core/libs/libnds/lib\libnds9.a(dlmalloc.c.o)
                0x020051d8                __malloc_malloc
                0x020051d8                malloc
 .text.free     0x02005eb8      0x360 C:/msys64/opt/wonderful/thirdparty/blocksds/core/libs/libnds/lib\libnds9.a(dlmalloc.c.o)
                0x02005eb8                cfree
                0x02005eb8                free
                0x02005eb8                __malloc_free
 .text.realloc  0x02006218       0xc4 C:/msys64/opt/wonderful/thirdparty/blocksds/core/libs/libnds/lib\libnds9.a(dlmalloc.c.o)
                0x02006218                realloc
 .text.build_argv
                0x020062dc       0x58 C:/msys64/opt/wonderful/thirdparty/blocksds/core/libs/libnds/lib\libnds9.a(crt0_argv.c.o)
                0x020062dc                build_argv
 .text.putc_buffered
                0x02006334       0x94 C:/msys64/opt/wonderful/thirdparty/blocksds/core/libs/libnds/lib\libnds9.a(iob.c.o)
 .text.stderr_putc_buffered
                0x020063c8       0x20 C:/msys64/opt/wonderful/thirdparty/blocksds/core/libs/libnds/lib\libnds9.a(iob.c.o)
 .text.stdout_putc_buffered
                0x020063e8       0x40 C:/msys64/opt/wonderful/thirdparty/blocksds/core/libs/libnds/lib\libnds9.a(iob.c.o)
 .text.__sassert
                0x02006428       0x90 C:/msys64/opt/wonderful/thirdparty/blocksds/core/libs/libnds/lib\libnds9.a(sassert.c.o)
                0x02006428                __sassert
 .text.initSystem
                0x020064b8      0x130 C:/msys64/opt/wonderful/thirdparty/blocksds/core/libs/libnds/lib\libnds9.a(initSystem.c.o)
                0x020064b8                initSystem
 .text.scanKeys
                0x020065e8       0xcc C:/msys64/opt/wonderful/thirdparty/blocksds/core/libs/libnds/lib\libnds9.a(keys.c.o)
                0x020065e8                scanKeys
 .text.keysHeld
                0x020066b4        0xc C:/msys64/opt/wonderful/thirdparty/blocksds/core/libs/libnds/lib\libnds9.a(keys.c.o)
                0x020066b4                keysHeld
 .text.keysDown
                0x020066c0        0xc C:/msys64/opt/wonderful/thirdparty/blocksds/core/libs/libnds/lib\libnds9.a(keys.c.o)
                0x020066c0                keysDown
 .text.touchRead
                0x020066cc       0x24 C:/msys64/opt/wonderful/thirdparty/blocksds/core/libs/libnds/lib\libnds9.a(keys.c.o)
                0x020066cc                touchRead
 .text.setTransferInputData
                0x020066f0       0x1c C:/msys64/opt/wonderful/thirdparty/blocksds/core/libs/libnds/lib\libnds9.a(keys.c.o)
                0x020066f0                setTransferInputData
 .text.systemValueHandler
                0x0200670c       0xc4 C:/msys64/opt/wonderful/thirdparty/blocksds/core/libs/libnds/lib\libnds9.a(system.c.o)
                0x0200670c                systemValueHandler
 .text.systemMsgHandler
                0x020067d0       0x2c C:/msys64/opt/wonderful/thirdparty/blocksds/core/libs/libnds/lib\libnds9.a(system.c.o)
                0x020067d0                systemMsgHandler
 .text.powerOn  0x020067fc       0x2c C:/msys64/opt/wonderful/thirdparty/blocksds/core/libs/libnds/lib\libnds9.a(system.c.o)
                0x020067fc                powerOn
 .text.checkIfText
                0x02006828       0x6c C:/msys64/opt/wonderful/thirdparty/blocksds/core/libs/libnds/lib\libnds9.a(background.c.o)
                0x02006828                checkIfText
 .text.bgUpdate
                0x02006894       0xe8 C:/msys64/opt/wonderful/thirdparty/blocksds/core/libs/libnds/lib\libnds9.a(background.c.o)
                0x02006894                bgUpdate
 .text.bgInit_call
                0x0200697c       0xa8 C:/msys64/opt/wonderful/thirdparty/blocksds/core/libs/libnds/lib\libnds9.a(background.c.o)
                0x0200697c                bgInit_call
 .text.bgInitSub_call
                0x02006a24       0xb0 C:/msys64/opt/wonderful/thirdparty/blocksds/core/libs/libnds/lib\libnds9.a(background.c.o)
                0x02006a24                bgInitSub_call
 .text.oamInit  0x02006ad4      0x100 C:/msys64/opt/wonderful/thirdparty/blocksds/core/libs/libnds/lib\libnds9.a(sprite.c.o)
                0x02006ad4                oamInit
 .text.oamGetGfxPtr
                0x02006bd4       0x34 C:/msys64/opt/wonderful/thirdparty/blocksds/core/libs/libnds/lib\libnds9.a(sprite.c.o)
                0x02006bd4                oamGetGfxPtr
 .text.oamGfxPtrToOffset
                0x02006c08       0x34 C:/msys64/opt/wonderful/thirdparty/blocksds/core/libs/libnds/lib\libnds9.a(sprite.c.o)
                0x02006c08                oamGfxPtrToOffset
 .text.oamSet   0x02006c3c      0x10c C:/msys64/opt/wonderful/thirdparty/blocksds/core/libs/libnds/lib\libnds9.a(sprite.c.o)
                0x02006c3c                oamSet
 .text.oamUpdate
                0x02006d48       0x50 C:/msys64/opt/wonderful/thirdparty/blocksds/core/libs/libnds/lib\libnds9.a(sprite.c.o)
                0x02006d48                oamUpdate
 .text.oamAllocReset
                0x02006d98       0x1c C:/msys64/opt/wonderful/thirdparty/blocksds/core/libs/libnds/lib\libnds9.a(sprite_alloc.c.o)
                0x02006d98                oamAllocReset
 .text.oamAllocateGfx
                0x02006db4      0x578 C:/msys64/opt/wonderful/thirdparty/blocksds/core/libs/libnds/lib\libnds9.a(sprite_alloc.c.o)
                0x02006db4                oamAllocateGfx
 .text.setBrightness
                0x0200732c       0x40 C:/msys64/opt/wonderful/thirdparty/blocksds/core/libs/libnds/lib\libnds9.a(video.c.o)
                0x0200732c                setBrightness
 .text.vramDefault
                0x0200736c       0xe4 C:/msys64/opt/wonderful/thirdparty/blocksds/core/libs/libnds/lib\libnds9.a(video.c.o)
                0x0200736c                vramDefault
 .text.cothread_delete_internal
                0x02007450       0xb4 C:/msys64/opt/wonderful/thirdparty/blocksds/core/libs/libnds/lib\libnds9.a(threads.c.o)
 .text.cothread_main
                0x02007504       0x1c C:/msys64/opt/wonderful/thirdparty/blocksds/core/libs/libnds/lib\libnds9.a(threads.c.o)
                0x02007504                cothread_main
 .text.cothread_start
                0x02007520      0x114 C:/msys64/opt/wonderful/thirdparty/blocksds/core/libs/libnds/lib\libnds9.a(threads.c.o)
                0x02007520                cothread_start
 .text.setExceptionHandler
                0x02007634       0x18 C:/msys64/opt/wonderful/thirdparty/blocksds/core/libs/libnds/lib\libnds9.a(exceptions.c.o)
                0x02007634                setExceptionHandler
 .text.libndsCrash
                0x0200764c        0xc C:/msys64/opt/wonderful/thirdparty/blocksds/core/libs/libnds/lib\libnds9.a(exceptions.c.o)
                0x0200764c                libndsCrash
 .text.fifo_buffer_wait_block
                0x02007658       0x74 C:/msys64/opt/wonderful/thirdparty/blocksds/core/libs/libnds/lib\libnds9.a(fifosystem.c.o)
 .text.fifoFillTxFifoFromBuffer
                0x020076cc       0xa0 C:/msys64/opt/wonderful/thirdparty/blocksds/core/libs/libnds/lib\libnds9.a(fifosystem.c.o)
 .text.fifoInternalSendInterrupt
                0x0200776c        0x8 C:/msys64/opt/wonderful/thirdparty/blocksds/core/libs/libnds/lib\libnds9.a(fifosystem.c.o)
 .text.fifoInternalSend
                0x02007774       0xd8 C:/msys64/opt/wonderful/thirdparty/blocksds/core/libs/libnds/lib\libnds9.a(fifosystem.c.o)
 .text.fifoSendValue32
                0x0200784c       0x3c C:/msys64/opt/wonderful/thirdparty/blocksds/core/libs/libnds/lib\libnds9.a(fifosystem.c.o)
                0x0200784c                fifoSendValue32
 .text.fifoGetDatamsg
                0x02007888       0xe0 C:/msys64/opt/wonderful/thirdparty/blocksds/core/libs/libnds/lib\libnds9.a(fifosystem.c.o)
                0x02007888                fifoGetDatamsg
 .text.fifoReadRxFifoAndProcessBuffer
                0x02007968      0x344 C:/msys64/opt/wonderful/thirdparty/blocksds/core/libs/libnds/lib\libnds9.a(fifosystem.c.o)
 .text.fifoGetValue32
                0x02007cac       0x7c C:/msys64/opt/wonderful/thirdparty/blocksds/core/libs/libnds/lib\libnds9.a(fifosystem.c.o)
                0x02007cac                fifoGetValue32
 .text.fifoInternalRecvInterrupt
                0x02007d28        0x8 C:/msys64/opt/wonderful/thirdparty/blocksds/core/libs/libnds/lib\libnds9.a(fifosystem.c.o)
 .text.fifoSetValue32Handler
                0x02007d30       0x80 C:/msys64/opt/wonderful/thirdparty/blocksds/core/libs/libnds/lib\libnds9.a(fifosystem.c.o)
                0x02007d30                fifoSetValue32Handler
 .text.fifoSetDatamsgHandler
                0x02007db0       0xa8 C:/msys64/opt/wonderful/thirdparty/blocksds/core/libs/libnds/lib\libnds9.a(fifosystem.c.o)
                0x02007db0                fifoSetDatamsgHandler
 .text.fifoInit
                0x02007e58      0x138 C:/msys64/opt/wonderful/thirdparty/blocksds/core/libs/libnds/lib\libnds9.a(fifosystem.c.o)
                0x02007e58                fifoInit
 .text.irqSet   0x02007f90       0x90 C:/msys64/opt/wonderful/thirdparty/blocksds/core/libs/libnds/lib\libnds9.a(interrupts.c.o)
                0x02007f90                irqSet
 .text.irqInit  0x02008020       0x44 C:/msys64/opt/wonderful/thirdparty/blocksds/core/libs/libnds/lib\libnds9.a(interrupts.c.o)
                0x02008020                irqInit
 .text.irqEnable
                0x02008064       0x64 C:/msys64/opt/wonderful/thirdparty/blocksds/core/libs/libnds/lib\libnds9.a(interrupts.c.o)
                0x02008064                irqEnable
 .text.systemErrorExit
                0x020080c8        0x4 C:/msys64/opt/wonderful/thirdparty/blocksds/core/libs/libnds/lib\libnds9.a(exit.c.o)
                0x020080c8                systemErrorExit
 .text.__libnds_exit
                0x020080cc        0x8 C:/msys64/opt/wonderful/thirdparty/blocksds/core/libs/libnds/lib\libnds9.a(exit.c.o)
                0x020080cc                __libnds_exit
 .text._exit    0x020080d4      0x10c C:/msys64/opt/wonderful/thirdparty/blocksds/core/libs/libnds/lib\libnds9.a(exit.c.o)
                0x020080d4                _exit
 .text.reduceHeapSize
                0x020081e0       0x2c C:/msys64/opt/wonderful/thirdparty/blocksds/core/libs/libnds/lib\libnds9.a(heapfuncs.c.o)
                0x020081e0                reduceHeapSize
 .text.sbrk     0x0200820c       0x44 C:/msys64/opt/wonderful/thirdparty/blocksds/core/libs/libnds/lib\libnds9.a(sbrk.c.o)
                0x0200820c                sbrk
 .text.__ndsabi_coro_make_noctx
                0x02008250       0x28 C:/msys64/opt/wonderful/thirdparty/blocksds/core/libs/libnds/lib\libnds9.a(coroutine.c.o)
                0x02008250                __ndsabi_coro_make_noctx
 .text.__aeabi_read_tp
                0x02008278        0xc C:/msys64/opt/wonderful/thirdparty/blocksds/core/libs/libnds/lib\libnds9.a(aeabi_read_tp.s.o)
                0x02008278                __aeabi_read_tp
 .text.enterException
                0x02008284       0xd4 C:/msys64/opt/wonderful/thirdparty/blocksds/core/libs/libnds/lib\libnds9.a(exceptionHandler.s.o)
                0x02008284                enterException
                0x020082f8                exceptionC
                0x020082fc                exceptionStack
                0x02008300                exceptionRegisters
 .text.__ndsabi_coro_resume
                0x02008358       0x18 C:/msys64/opt/wonderful/thirdparty/blocksds/core/libs/libnds/lib\libnds9.a(coroutine.s.o)
                0x02008358                __ndsabi_coro_resume
 .text.__ndsabi_coro_yield
                0x02008370       0x1c C:/msys64/opt/wonderful/thirdparty/blocksds/core/libs/libnds/lib\libnds9.a(coroutine.s.o)
                0x02008370                __ndsabi_coro_yield
 .text.__ndsabi_coro_pop_noctx
                0x0200838c       0x34 C:/msys64/opt/wonderful/thirdparty/blocksds/core/libs/libnds/lib\libnds9.a(coroutine.s.o)
                0x0200838c                __ndsabi_coro_pop_noctx
 .text.releaseCrashHandler
                0x020083c0       0x7c C:/msys64/opt/wonderful/thirdparty/blocksds/core/libs/libnds/lib\libnds9.a(exceptions.c.o)
 .text.exceptionStatePrint
                0x0200843c       0xf4 C:/msys64/opt/wonderful/thirdparty/blocksds/core/libs/libnds/lib\libnds9.a(exceptions.c.o)
                0x0200843c                exceptionStatePrint
 .text.releaseExceptionHandler
                0x02008530       0x10 C:/msys64/opt/wonderful/thirdparty/blocksds/core/libs/libnds/lib\libnds9.a(exceptions.c.o)
                0x02008530                releaseExceptionHandler
 .text.sinLutLookup
                0x02008540       0x4c C:/msys64/opt/wonderful/thirdparty/blocksds/core/libs/libnds/lib\libnds9.a(trig.c.o)
                0x02008540                sinLutLookup
 .text.sinLerp  0x0200858c       0x38 C:/msys64/opt/wonderful/thirdparty/blocksds/core/libs/libnds/lib\libnds9.a(trig.c.o)
                0x0200858c                sinLerp
 .text.cosLerp  0x020085c4       0x44 C:/msys64/opt/wonderful/thirdparty/blocksds/core/libs/libnds/lib\libnds9.a(trig.c.o)
                0x020085c4                cosLerp
 .text.getCPSR  0x02008608        0x8 C:/msys64/opt/wonderful/thirdparty/blocksds/core/libs/libnds/lib\libnds9.a(cpu.s.o)
                0x02008608                getCPSR
 .text.__libc_init_array
                0x02008610       0x1c C:/msys64/opt/wonderful/toolchain/gcc-arm-none-eabi/lib/gcc/arm-none-eabi/15.2.1/../../../../arm-none-eabi/lib/thumb/arm946e-s\libc.a(libc_misc_init.c.o)
                0x02008610                __libc_init_array
 .text.fflush   0x0200862c       0x10 C:/msys64/opt/wonderful/toolchain/gcc-arm-none-eabi/lib/gcc/arm-none-eabi/15.2.1/../../../../arm-none-eabi/lib/thumb/arm946e-s\libc.a(libc_stdio_fflush.c.o)
                0x0200862c                fflush
 .text.printf   0x0200863c       0x20 C:/msys64/opt/wonderful/toolchain/gcc-arm-none-eabi/lib/gcc/arm-none-eabi/15.2.1/../../../../arm-none-eabi/lib/thumb/arm946e-s\libc.a(libc_stdio_printf.c.o)
                0x0200863c                printf
 .text.putchar  0x0200865c       0x10 C:/msys64/opt/wonderful/toolchain/gcc-arm-none-eabi/lib/gcc/arm-none-eabi/15.2.1/../../../../arm-none-eabi/lib/thumb/arm946e-s\libc.a(libc_stdio_putchar.c.o)
                0x0200865c                putchar_unlocked
                0x0200865c                putchar
 .text.puts     0x0200866c       0x44 C:/msys64/opt/wonderful/toolchain/gcc-arm-none-eabi/lib/gcc/arm-none-eabi/15.2.1/../../../../arm-none-eabi/lib/thumb/arm946e-s\libc.a(libc_stdio_puts.c.o)
                0x0200866c                puts
 .text.setvbuf  0x020086b0       0x18 C:/msys64/opt/wonderful/toolchain/gcc-arm-none-eabi/lib/gcc/arm-none-eabi/15.2.1/../../../../arm-none-eabi/lib/thumb/arm946e-s\libc.a(libc_stdio_setvbuf.c.o)
                0x020086b0                setvbuf
 .text.snprintf
                0x020086c8       0x54 C:/msys64/opt/wonderful/toolchain/gcc-arm-none-eabi/lib/gcc/arm-none-eabi/15.2.1/../../../../arm-none-eabi/lib/thumb/arm946e-s\libc.a(libc_stdio_snprintf.c.o)
                0x020086c8                snprintf
 .text.__ultoa_invert
                0x0200871c       0x52 C:/msys64/opt/wonderful/toolchain/gcc-arm-none-eabi/lib/gcc/arm-none-eabi/15.2.1/../../../../arm-none-eabi/lib/thumb/arm946e-s\libc.a(libc_stdio_vfprintf.c.o)
 *fill*         0x0200876e        0x2 ff
 .text.skip_to_arg
                0x02008770      0x13c C:/msys64/opt/wonderful/toolchain/gcc-arm-none-eabi/lib/gcc/arm-none-eabi/15.2.1/../../../../arm-none-eabi/lib/thumb/arm946e-s\libc.a(libc_stdio_vfprintf.c.o)
 .text.vfprintf
                0x020088ac      0xad0 C:/msys64/opt/wonderful/toolchain/gcc-arm-none-eabi/lib/gcc/arm-none-eabi/15.2.1/../../../../arm-none-eabi/lib/thumb/arm946e-s\libc.a(libc_stdio_vfprintf.c.o)
                0x020088ac                vfprintf
                0x020088ac                __d_vfprintf
 .text.vprintf  0x0200937c       0x14 C:/msys64/opt/wonderful/toolchain/gcc-arm-none-eabi/lib/gcc/arm-none-eabi/15.2.1/../../../../arm-none-eabi/lib/thumb/arm946e-s\libc.a(libc_stdio_vprintf.c.o)
                0x0200937c                vprintf
 .text.mulShiftAll64
                0x02009390      0x202 C:/msys64/opt/wonderful/toolchain/gcc-arm-none-eabi/lib/gcc/arm-none-eabi/15.2.1/../../../../arm-none-eabi/lib/thumb/arm946e-s\libc.a(libc_stdio_dtoa_ryu.c.o)
 *fill*         0x02009592        0x2 ff
 .text.div10    0x02009594       0x28 C:/msys64/opt/wonderful/toolchain/gcc-arm-none-eabi/lib/gcc/arm-none-eabi/15.2.1/../../../../arm-none-eabi/lib/thumb/arm946e-s\libc.a(libc_stdio_dtoa_ryu.c.o)
 .text.__dtoa_engine
                0x020095bc      0x4b8 C:/msys64/opt/wonderful/toolchain/gcc-arm-none-eabi/lib/gcc/arm-none-eabi/15.2.1/../../../../arm-none-eabi/lib/thumb/arm946e-s\libc.a(libc_stdio_dtoa_ryu.c.o)
                0x020095bc                __dtoa_engine
 .text.__log10Pow2
                0x02009a74        0xc C:/msys64/opt/wonderful/toolchain/gcc-arm-none-eabi/lib/gcc/arm-none-eabi/15.2.1/../../../../arm-none-eabi/lib/thumb/arm946e-s\libc.a(libc_stdio_ryu_log10.c.o)
                0x02009a74                __log10Pow2
 .text.__log10Pow5
                0x02009a80        0xc C:/msys64/opt/wonderful/toolchain/gcc-arm-none-eabi/lib/gcc/arm-none-eabi/15.2.1/../../../../arm-none-eabi/lib/thumb/arm946e-s\libc.a(libc_stdio_ryu_log10.c.o)
                0x02009a80                __log10Pow5
 .text.__pow5bits
                0x02009a8c       0x10 C:/msys64/opt/wonderful/toolchain/gcc-arm-none-eabi/lib/gcc/arm-none-eabi/15.2.1/../../../../arm-none-eabi/lib/thumb/arm946e-s\libc.a(libc_stdio_ryu_pow5bits.c.o)
                0x02009a8c                __pow5bits
 .text.__pow5Factor
                0x02009a9c       0x2c C:/msys64/opt/wonderful/toolchain/gcc-arm-none-eabi/lib/gcc/arm-none-eabi/15.2.1/../../../../arm-none-eabi/lib/thumb/arm946e-s\libc.a(libc_stdio_ryu_table.c.o)
                0x02009a9c                __pow5Factor
 .text.__double_computePow5
                0x02009ac8      0x100 C:/msys64/opt/wonderful/toolchain/gcc-arm-none-eabi/lib/gcc/arm-none-eabi/15.2.1/../../../../arm-none-eabi/lib/thumb/arm946e-s\libc.a(libc_stdio_ryu_table.c.o)
                0x02009ac8                __double_computePow5
 .text.__double_computeInvPow5
                0x02009bc8       0xfc C:/msys64/opt/wonderful/toolchain/gcc-arm-none-eabi/lib/gcc/arm-none-eabi/15.2.1/../../../../arm-none-eabi/lib/thumb/arm946e-s\libc.a(libc_stdio_ryu_table.c.o)
                0x02009bc8                __double_computeInvPow5
 .text.__umul128
                0x02009cc4       0x6c C:/msys64/opt/wonderful/toolchain/gcc-arm-none-eabi/lib/gcc/arm-none-eabi/15.2.1/../../../../arm-none-eabi/lib/thumb/arm946e-s\libc.a(libc_stdio_ryu_umul128.c.o)
                0x02009cc4                __umul128
 .text.__shiftright128
                0x02009d30       0x28 C:/msys64/opt/wonderful/toolchain/gcc-arm-none-eabi/lib/gcc/arm-none-eabi/15.2.1/../../../../arm-none-eabi/lib/thumb/arm946e-s\libc.a(libc_stdio_ryu_umul128.c.o)
                0x02009d30                __shiftright128
 .text.exit     0x02009d58        0xe C:/msys64/opt/wonderful/toolchain/gcc-arm-none-eabi/lib/gcc/arm-none-eabi/15.2.1/../../../../arm-none-eabi/lib/thumb/arm946e-s\libc.a(libc_stdlib_exit.c.o)
                0x02009d58                exit
 .text.__ascii_wctomb
                0x02009d66       0x16 C:/msys64/opt/wonderful/toolchain/gcc-arm-none-eabi/lib/gcc/arm-none-eabi/15.2.1/../../../../arm-none-eabi/lib/thumb/arm946e-s\libc.a(libc_stdlib_wctomb_r.c.o)
                0x02009d66                __ascii_wctomb
 .text.__utf8_wctomb
                0x02009d7c       0xb8 C:/msys64/opt/wonderful/toolchain/gcc-arm-none-eabi/lib/gcc/arm-none-eabi/15.2.1/../../../../arm-none-eabi/lib/thumb/arm946e-s\libc.a(libc_stdlib_wctomb_r.c.o)
                0x02009d7c                __utf8_wctomb
 .text.stpcpy   0x02009e34       0x12 C:/msys64/opt/wonderful/toolchain/gcc-arm-none-eabi/lib/gcc/arm-none-eabi/15.2.1/../../../../arm-none-eabi/lib/thumb/arm946e-s\libc.a(libc_string_stpcpy.c.o)
                0x02009e34                stpcpy
 .text.strnlen  0x02009e46       0x16 C:/msys64/opt/wonderful/toolchain/gcc-arm-none-eabi/lib/gcc/arm-none-eabi/15.2.1/../../../../arm-none-eabi/lib/thumb/arm946e-s\libc.a(libc_string_strnlen.c.o)
                0x02009e46                strnlen
 .text.time     0x02009e5c       0x28 C:/msys64/opt/wonderful/toolchain/gcc-arm-none-eabi/lib/gcc/arm-none-eabi/15.2.1/../../../../arm-none-eabi/lib/thumb/arm946e-s\libc.a(libc_time_time.c.o)
                0x02009e5c                time
 .text.__libc_fini_array
                0x02009e84       0x1c C:/msys64/opt/wonderful/toolchain/gcc-arm-none-eabi/lib/gcc/arm-none-eabi/15.2.1/../../../../arm-none-eabi/lib/thumb/arm946e-s\libc.a(libc_misc_fini.c.o)
                0x02009e84                __libc_fini_array
 .text.__dtox_engine
                0x02009ea0      0x128 C:/msys64/opt/wonderful/toolchain/gcc-arm-none-eabi/lib/gcc/arm-none-eabi/15.2.1/../../../../arm-none-eabi/lib/thumb/arm946e-s\libc.a(libc_stdio_dtox_engine.c.o)
                0x02009ea0                __dtox_engine
 .text.__file_str_put
                0x02009fc8       0x10 C:/msys64/opt/wonderful/toolchain/gcc-arm-none-eabi/lib/gcc/arm-none-eabi/15.2.1/../../../../arm-none-eabi/lib/thumb/arm946e-s\libc.a(libc_stdio_filestrput.c.o)
                0x02009fc8                __file_str_put
 .text.putc     0x02009fd8       0x2c C:/msys64/opt/wonderful/toolchain/gcc-arm-none-eabi/lib/gcc/arm-none-eabi/15.2.1/../../../../arm-none-eabi/lib/thumb/arm946e-s\libc.a(libc_stdio_fputc.c.o)
                0x02009fd8                putc
                0x02009fd8                fputc
                0x02009fd8                putc_unlocked
 .text.gettimeofday
                0x0200a004       0x1c C:/msys64/opt/wonderful/thirdparty/blocksds/core/libs/libnds/lib\libnds9.a(syscalls.c.o)
                0x0200a004                gettimeofday
 .text.gettimeofday.__stub
                0x0200a020       0x40 linker stubs
 *(EXCLUDE_FILE(*.twl*) .gnu.warning)
 *(EXCLUDE_FILE(*.twl*) .gnu.linkonce.t*)
 *(.glue_7)
 .glue_7        0x0200a060        0x0 linker stubs
 *(.glue_7t)
 .glue_7t       0x0200a060        0x0 linker stubs
                0x0200a060                        . = ALIGN (0x4)

.vfp11_veneer   0x0200a060        0x0
 .vfp11_veneer  0x0200a060        0x0 linker stubs

.v4_bx          0x0200a060        0x0
 .v4_bx         0x0200a060        0x0 linker stubs

.iplt           0x0200a060        0x0
 .iplt          0x0200a060        0x0 C:/msys64/opt/wonderful/thirdparty/blocksds/core/sys/crts/ds_arm9_crt0.o

.fini           0x0200a060        0x8
 *(.fini)
 .fini          0x0200a060        0x8 C:/msys64/opt/wonderful/toolchain/gcc-arm-none-eabi/lib/gcc/arm-none-eabi/15.2.1/thumb/arm946e-s/crtn.o
                0x0200a068                        __text_end = .

.rodata         0x0200a068   0x114d74
 *(EXCLUDE_FILE(*.twl*) .rodata)
 .rodata        0x0200a068       0x40 C:/msys64/opt/wonderful/thirdparty/blocksds/core/libs/libnds/lib\libnds9.a(exceptions.c.o)
 .rodata        0x0200a0a8      0x340 C:/msys64/opt/wonderful/toolchain/gcc-arm-none-eabi/lib/gcc/arm-none-eabi/15.2.1/../../../../arm-none-eabi/lib/thumb/arm946e-s\libc.a(libc_stdio_ryu_table.c.o)
 .rodata        0x0200a3e8        0x8 C:/msys64/opt/wonderful/toolchain/gcc-arm-none-eabi/lib/gcc/arm-none-eabi/15.2.1/../../../../arm-none-eabi/lib/thumb/arm946e-s\libc.a(libc_stdlib_wctomb_r.c.o)
                0x0200a3e8                __wctomb
 *all.rodata*(*)
 *(EXCLUDE_FILE(*.twl*) .roda)
 *(EXCLUDE_FILE(*.twl*) .rodata.*)
 .rodata.flags_sheet0SharedPal
                0x0200a3f0       0x38 build/Code/gfx/flags_sheet0.png.o
                0x0200a3f0                flags_sheet0SharedPal
 .rodata.flags_sheet0Tiles
                0x0200a428    0x10000 build/Code/gfx/flags_sheet0.png.o
                0x0200a428                flags_sheet0Tiles
 .rodata.flags_sheet1SharedPal
                0x0201a428       0x14 build/Code/gfx/flags_sheet1.png.o
                0x0201a428                flags_sheet1SharedPal
 .rodata.flags_sheet1Tiles
                0x0201a43c    0x10000 build/Code/gfx/flags_sheet1.png.o
                0x0201a43c                flags_sheet1Tiles
 .rodata.flags_sheet2SharedPal
                0x0202a43c       0x18 build/Code/gfx/flags_sheet2.png.o
                0x0202a43c                flags_sheet2SharedPal
 .rodata.flags_sheet2Tiles
                0x0202a454    0x10000 build/Code/gfx/flags_sheet2.png.o
                0x0202a454                flags_sheet2Tiles
 .rodata.flags_sheet3SharedPal
                0x0203a454       0x64 build/Code/gfx/flags_sheet3.png.o
                0x0203a454                flags_sheet3SharedPal
 .rodata.flags_sheet3Tiles
                0x0203a4b8    0x10000 build/Code/gfx/flags_sheet3.png.o
                0x0203a4b8                flags_sheet3Tiles
 .rodata.flags_sheet4SharedPal
                0x0204a4b8       0x64 build/Code/gfx/flags_sheet4.png.o
                0x0204a4b8                flags_sheet4SharedPal
 .rodata.flags_sheet4Tiles
                0x0204a51c    0x10000 build/Code/gfx/flags_sheet4.png.o
                0x0204a51c                flags_sheet4Tiles
 .rodata.splashBitmap
                0x0205a51c    0x60000 build/Code/gfx/splash.png.o
                0x0205a51c                splashBitmap
 .rodata.str1.4
                0x020ba51c     0x2e58 build/Code/source/countries.c.o
                                0x1c7 (size before relaxing)
 .rodata.countries
                0x020bd374      0x39c build/Code/source/countries.c.o
                0x020bd374                countries
 .rodata.str1.4
                0x020bd710        0x0 build/Code/source/decisions_data.c.o
                                0x1e3 (size before relaxing)
 .rodata.decisions
                0x020bd710       0xc0 build/Code/source/decisions_data.c.o
                0x020bd710                decisions
 .rodata.effect_pool
                0x020bd7d0       0x5a build/Code/source/decisions_data.c.o
                0x020bd7d0                effect_pool
 *fill*         0x020bd82a        0x2 ff
 .rodata.condition_pool
                0x020bd82c       0xa8 build/Code/source/decisions_data.c.o
                0x020bd82c                condition_pool
 .rodata.formable_cores
                0x020bd8d4       0xa0 build/Code/source/formable_cores.c.o
                0x020bd8d4                formable_cores
 .rodata.country_politics
                0x020bd974      0x14a build/Code/source/political_data.c.o
                0x020bd974                country_politics
 .rodata.str1.4
                0x020bdabe        0x0 build/Code/source/political_data.c.o
                                0x94b (size before relaxing)
 *fill*         0x020bdabe        0x2 ff
 .rodata.leaders
                0x020bdac0      0x450 build/Code/source/political_data.c.o
                0x020bdac0                leaders
 .rodata.str1.4
                0x020bdf10        0x0 build/Code/source/province_data.c.o
                               0x1db0 (size before relaxing)
 .rodata.provinceMap
                0x020bdf10    0x60000 build/Code/source/province_map.c.o
                0x020bdf10                provinceMap
 .rodata._ZL27updateDecisionDetailDisplayv.str1.4
                0x0211df10        0x0 build/Code/source/decisions.cpp.o
                                 0x12 (size before relaxing)
 .rodata._Z24evaluateConditionProgramtth
                0x0211df10       0x2c build/Code/source/decisions.cpp.o
 .rodata._Z12takeDecisionih
                0x0211df3c       0x24 build/Code/source/decisions.cpp.o
 .rodata._Z20updateDecisionsStateii.str1.4
                0x0211df60        0x0 build/Code/source/decisions.cpp.o
                                 0x2e (size before relaxing)
 .rodata._ZL6sheets
                0x0211df60       0x28 build/Code/source/flags.cpp.o
 .rodata._Z17printProvinceInfot.part.0.str1.4
                0x0211df88        0x0 build/Code/source/main.cpp.o
                                 0xaf (size before relaxing)
 .rodata._Z23handleCountryPopupTouchv.str1.4
                0x0211df88        0x0 build/Code/source/main.cpp.o
                                 0x27 (size before relaxing)
 .rodata._Z8drawMenuv.str1.4
                0x0211df88        0x0 build/Code/source/menu.cpp.o
                                 0x11 (size before relaxing)
 .rodata._Z17drawCountrySelectv.str1.4
                0x0211df88        0x0 build/Code/source/menu.cpp.o
                                 0x1f (size before relaxing)
 .rodata.str1.4
                0x0211df88        0x0 build/Code/source/menu.cpp.o
                                 0x28 (size before relaxing)
 .rodata._Z22get_ruling_leader_nameh.str1.4
                0x0211df88        0x0 build/Code/source/politics.cpp.o
                                 0x12 (size before relaxing)
 .rodata.str1.4
                0x0211df88        0x0 build/Code/source/politics.cpp.o
                                 0x2a (size before relaxing)
 .rodata._Z10hideSprite12SpriteScreeni.str1.4
                0x0211df88        0x0 build/Code/source/sprites.cpp.o
                                 0xb3 (size before relaxing)
 .rodata._Z9clearText10TextEngine.str1.4
                0x0211df88        0x0 build/Code/source/text_sprites.cpp.o
                                 0xb3 (size before relaxing)
 .rodata._ZL11FONT_GLYPHS
                0x0211df88      0x894 build/Code/source/text_sprites.cpp.o
 .rodata.con_write
                0x0211e81c      0x118 C:/msys64/opt/wonderful/thirdparty/blocksds/core/libs/libnds/lib\libnds9.a(console.c.o)
 .rodata.stderr
                0x0211e934        0x4 C:/msys64/opt/wonderful/thirdparty/blocksds/core/libs/libnds/lib\libnds9.a(iob.c.o)
                0x0211e934                stderr
 .rodata.stdout
                0x0211e938        0x4 C:/msys64/opt/wonderful/thirdparty/blocksds/core/libs/libnds/lib\libnds9.a(iob.c.o)
                0x0211e938                stdout
 .rodata.__sassert.str1.4
                0x0211e93c        0x0 C:/msys64/opt/wonderful/thirdparty/blocksds/core/libs/libnds/lib\libnds9.a(sassert.c.o)
                                 0x73 (size before relaxing)
 .rodata.systemValueHandler.str1.4
                0x0211e93c        0x0 C:/msys64/opt/wonderful/thirdparty/blocksds/core/libs/libnds/lib\libnds9.a(system.c.o)
                                 0x2b (size before relaxing)
 .rodata.systemValueHandler
                0x0211e93c       0x10 C:/msys64/opt/wonderful/thirdparty/blocksds/core/libs/libnds/lib\libnds9.a(system.c.o)
 .rodata.bgTransform
                0x0211e94c       0x20 C:/msys64/opt/wonderful/thirdparty/blocksds/core/libs/libnds/lib\libnds9.a(background.c.o)
                0x0211e94c                bgTransform
 .rodata.bgScrollTable
                0x0211e96c       0x20 C:/msys64/opt/wonderful/thirdparty/blocksds/core/libs/libnds/lib\libnds9.a(background.c.o)
                0x0211e96c                bgScrollTable
 .rodata.bgControl
                0x0211e98c       0x20 C:/msys64/opt/wonderful/thirdparty/blocksds/core/libs/libnds/lib\libnds9.a(background.c.o)
                0x0211e98c                bgControl
 .rodata.__func__.0
                0x0211e9ac       0x19 C:/msys64/opt/wonderful/thirdparty/blocksds/core/libs/libnds/lib\libnds9.a(threads.c.o)
 .rodata.fifoReadRxFifoAndProcessBuffer.str1.4
                0x0211e9c5        0x0 C:/msys64/opt/wonderful/thirdparty/blocksds/core/libs/libnds/lib\libnds9.a(fifosystem.c.o)
                                 0x15 (size before relaxing)
 *fill*         0x0211e9c5        0x3 ff
 .rodata.default_fontTiles
                0x0211e9c8      0x300 C:/msys64/opt/wonderful/thirdparty/blocksds/core/libs/libnds/lib\libnds9.a(default_font.png.o)
                0x0211e9c8                default_fontTiles
 .rodata.releaseCrashHandler.str1.4
                0x0211ecc8        0x0 C:/msys64/opt/wonderful/thirdparty/blocksds/core/libs/libnds/lib\libnds9.a(exceptions.c.o)
                                 0x33 (size before relaxing)
 .rodata.exceptionStatePrint.str1.4
                0x0211ecc8        0x0 C:/msys64/opt/wonderful/thirdparty/blocksds/core/libs/libnds/lib\libnds9.a(exceptions.c.o)
                                 0x58 (size before relaxing)
 .rodata.str1.4
                0x0211ecc8        0x0 C:/msys64/opt/wonderful/thirdparty/blocksds/core/libs/libnds/lib\libnds9.a(exceptions.c.o)
                                 0x40 (size before relaxing)
 .rodata.SIN_LUT
                0x0211ecc8      0x102 C:/msys64/opt/wonderful/thirdparty/blocksds/core/libs/libnds/lib\libnds9.a(trig.c.o)
                0x0211ecc8                SIN_LUT
 .rodata.str1.1
                0x0211edca        0xf C:/msys64/opt/wonderful/toolchain/gcc-arm-none-eabi/lib/gcc/arm-none-eabi/15.2.1/../../../../arm-none-eabi/lib/thumb/arm946e-s\libc.a(libc_stdio_vfprintf.c.o)
 *(EXCLUDE_FILE(*.twl*) .gnu.linkonce.r*)
                0x0211eddc                        . = ALIGN (0x4)
 *fill*         0x0211edd9        0x3 ff

.ARM.extab
 *(.ARM.extab* .gnu.linkonce.armextab.*)
                0x0211eddc                        __exidx_start = .

ARM.exidx       0x0211eddc        0x8
 *(.ARM.exidx* .gnu.linkonce.armexidx.*)
 .ARM.exidx     0x0211eddc        0x8 C:/msys64/opt/wonderful/toolchain/gcc-arm-none-eabi/lib/gcc/arm-none-eabi/15.2.1/thumb/arm946e-s\libgcc.a(_udivmoddi4.o)
                0x0211ede4                        __exidx_end = .
                0x0211ede4                        . = ALIGN (0x4)

.init_array     0x0211ede4        0x0
                [!provide]                        PROVIDE (__preinit_array_start = .)
                0x0211ede4                        PROVIDE (__bothinit_array_start = .)
 *(.preinit_array)
                [!provide]                        PROVIDE (__preinit_array_end = .)
                [!provide]                        PROVIDE (__init_array_start = .)
 *(SORT_BY_INIT_PRIORITY(.init_array.*) SORT_BY_INIT_PRIORITY(.ctors.*))
 *(.init_array EXCLUDE_FILE(*crtend?.o *crtend.o *crtbegin?.o *crtbegin.o) .ctors)
                [!provide]                        PROVIDE (__init_array_end = .)
                0x0211ede4                        PROVIDE (__bothinit_array_end = .)

.fini_array     0x0211ede4        0x0
                0x0211ede4                        PROVIDE (__fini_array_start = .)
 *(SORT_BY_INIT_PRIORITY(.fini_array.*) SORT_BY_INIT_PRIORITY(.dtors.*))
 *(.fini_array EXCLUDE_FILE(*crtend?.o *crtend.o *crtbegin?.o *crtbegin.o) .dtors)
 *(.fini_array*)
                0x0211ede4                        PROVIDE (__fini_array_end = .)

.ctors          0x0211ede4        0x0
 *crtbegin.o(.ctors)
 *crtbegin?.o(.ctors)
 *(EXCLUDE_FILE(*crtend?.o *crtend.o) .ctors)
 *(SORT_BY_NAME(.ctors.*))
 *(.ctors)
                0x0211ede4                        . = ALIGN (0x4)

.dtors          0x0211ede4        0x0
 *crtbegin.o(.dtors)
 *crtbegin?.o(.dtors)
 *(EXCLUDE_FILE(*crtend?.o *crtend.o) .dtors)
 *(SORT_BY_NAME(.dtors.*))
 *(.dtors)
                0x0211ede4                        . = ALIGN (0x4)

.eh_frame       0x0211ede4        0x4
 *(.eh_frame)
 .eh_frame      0x0211ede4        0x4 C:/msys64/opt/wonderful/toolchain/gcc-arm-none-eabi/lib/gcc/arm-none-eabi/15.2.1/thumb/arm946e-s/crtend.o
                0x0211ede8                        . = ALIGN (0x4)

.rel.dyn        0x0211ede8        0x0
 .rel.iplt      0x0211ede8        0x0 C:/msys64/opt/wonderful/thirdparty/blocksds/core/sys/crts/ds_arm9_crt0.o

.gcc_except_table
                0x0211ede8        0x0
 *(.gcc_except_table .gcc_except_table.*)
                0x0211ede8                        . = ALIGN (0x4)

.got            0x0211ede8       0x10
 *(.got.plt)
 .got.plt       0x0211ede8        0xc C:/msys64/opt/wonderful/thirdparty/blocksds/core/sys/crts/ds_arm9_crt0.o
                0x0211ede8                _GLOBAL_OFFSET_TABLE_
 *(.got)
 .got           0x0211edf4        0x4 C:/msys64/opt/wonderful/thirdparty/blocksds/core/sys/crts/ds_arm9_crt0.o
 *(.rel.got)
 .rel.got       0x0211edf8        0x0 C:/msys64/opt/wonderful/thirdparty/blocksds/core/sys/crts/ds_arm9_crt0.o

.ewram          0x0211edf8        0x0
                0x0211edf8                        __ewram_start = ABSOLUTE (.)
 *(.ewram)
 *ewram.*(.text)
                0x0211edf8                        . = ALIGN (0x4)

.data           0x0211edf8     0x3b78
                0x0211edf8                        __data_start = ABSOLUTE (.)
 *(EXCLUDE_FILE(*.twl*) .data)
 .data          0x0211edf8       0x28 C:/msys64/opt/wonderful/thirdparty/blocksds/core/libs/libnds/lib\libnds9.a(mpu_setup.s.o)
 .data          0x0211ee20        0x4 C:/msys64/opt/wonderful/toolchain/gcc-arm-none-eabi/lib/gcc/arm-none-eabi/15.2.1/../../../../arm-none-eabi/lib/thumb/arm946e-s\libc.a(libc_locale_localedata.c.o)
                0x0211ee20                __global_locale
 *(EXCLUDE_FILE(*.twl*) .data.*)
 .data.province_cores
                0x0211ee24      0x6b4 build/Code/source/province_cores.c.o
                0x0211ee24                province_cores
 .data.provinces
                0x0211f4d8     0x3070 build/Code/source/province_data.c.o
                0x0211f4d8                provinces
 .data.province_owners
                0x02122548      0x307 build/Code/source/province_owners.c.o
                0x02122548                province_owners
 .data._ZL14decisionsDirty
                0x0212284f        0x1 build/Code/source/decisions.cpp.o
 .data._ZL19selectedDecisionIdx
                0x02122850        0x4 build/Code/source/decisions.cpp.o
 .data.politicalMapDirty
                0x02122854        0x1 build/Code/source/display.cpp.o
                0x02122854                politicalMapDirty
 *fill*         0x02122855        0x1 ff
 .data.lastProvinceID
                0x02122856        0x2 build/Code/source/display.cpp.o
                0x02122856                lastProvinceID
 .data.needsRedraw
                0x02122858        0x1 build/Code/source/display.cpp.o
                0x02122858                needsRedraw
 *fill*         0x02122859        0x3 ff
 .data.mapScale
                0x0212285c        0x4 build/Code/source/display.cpp.o
                0x0212285c                mapScale
 .data._ZL14loadedIdeology
                0x02122860        0x4 build/Code/source/flags.cpp.o
 .data._ZL13loadedCountry
                0x02122864        0x4 build/Code/source/flags.cpp.o
 .data._ZL11loadedSheet
                0x02122868        0x4 build/Code/source/flags.cpp.o
 .data._ZL14popupCountryId
                0x0212286c        0x1 build/Code/source/main.cpp.o
 *fill*         0x0212286d        0x3 ff
 .data._ZL9popupBoxW
                0x02122870        0x4 build/Code/source/main.cpp.o
 .data.countryConfirmButton
                0x02122874       0x18 build/Code/source/menu.cpp.o
                0x02122874                countryConfirmButton
 .data.countryNavButtons
                0x0212288c       0x30 build/Code/source/menu.cpp.o
                0x0212288c                countryNavButtons
 .data.mainMenuButtons
                0x021228bc       0x48 build/Code/source/menu.cpp.o
                0x021228bc                mainMenuButtons
 .data.countrySelectDirty
                0x02122904        0x1 build/Code/source/menu.cpp.o
                0x02122904                countrySelectDirty
 .data.menuDirty
                0x02122905        0x1 build/Code/source/menu.cpp.o
                0x02122905                menuDirty
 *fill*         0x02122906        0x2 ff
 .data.IDEOLOGY_NAMES
                0x02122908       0x10 build/Code/source/politics.cpp.o
                0x02122908                IDEOLOGY_NAMES
 .data.firstConsoleInit.0
                0x02122918        0x1 C:/msys64/opt/wonderful/thirdparty/blocksds/core/libs/libnds/lib\libnds9.a(console.c.o)
 *fill*         0x02122919        0x3 ff
 .data.currentConsole
                0x0212291c        0x4 C:/msys64/opt/wonderful/thirdparty/blocksds/core/libs/libnds/lib\libnds9.a(console.c.o)
 .data.__stderr
                0x02122920       0x10 C:/msys64/opt/wonderful/thirdparty/blocksds/core/libs/libnds/lib\libnds9.a(iob.c.o)
 .data.__stdout
                0x02122930       0x10 C:/msys64/opt/wonderful/thirdparty/blocksds/core/libs/libnds/lib\libnds9.a(iob.c.o)
 .data.count    0x02122940        0x1 C:/msys64/opt/wonderful/thirdparty/blocksds/core/libs/libnds/lib\libnds9.a(keys.c.o)
 .data.repeat   0x02122941        0x1 C:/msys64/opt/wonderful/thirdparty/blocksds/core/libs/libnds/lib\libnds9.a(keys.c.o)
 .data.delay    0x02122942        0x1 C:/msys64/opt/wonderful/thirdparty/blocksds/core/libs/libnds/lib\libnds9.a(keys.c.o)
 *fill*         0x02122943        0x1 ff
 .data.latchedArm7Buttons
                0x02122944        0x2 C:/msys64/opt/wonderful/thirdparty/blocksds/core/libs/libnds/lib\libnds9.a(keys.c.o)
 .data.receivedArm7Buttons
                0x02122946        0x2 C:/msys64/opt/wonderful/thirdparty/blocksds/core/libs/libnds/lib\libnds9.a(keys.c.o)
 .data.oamSub   0x02122948       0x14 C:/msys64/opt/wonderful/thirdparty/blocksds/core/libs/libnds/lib\libnds9.a(sprite.c.o)
                0x02122948                oamSub
 .data.oamMain  0x0212295c       0x14 C:/msys64/opt/wonderful/thirdparty/blocksds/core/libs/libnds/lib\libnds9.a(sprite.c.o)
                0x0212295c                oamMain
 *(EXCLUDE_FILE(*.twl*) .gnu.linkonce.d*)
                0x02122970                        . = ALIGN (0x4)

.igot.plt       0x02122970        0x0
 .igot.plt      0x02122970        0x0 C:/msys64/opt/wonderful/thirdparty/blocksds/core/sys/crts/ds_arm9_crt0.o

.tdata          0x02122970        0x0
                0x02122970                        __tdata_start = ABSOLUTE (.)
 *(.tdata .tdata.* .gnu.linkonce.td.*)
                0x02122970                        . = ALIGN (0x4)
                0x02122970                        __tdata_end = ABSOLUTE (.)
                0x02122970                        __data_end = .
                0x00000000                        __tdata_size = (__tdata_end - __tdata_start)

.tbss           0x02122970        0x8
                0x02122970                        __tbss_start = ABSOLUTE (.)
 *(.tbss .tbss.* .gnu.linkonce.tb.*)
 .tbss          0x02122970        0x4 C:/msys64/opt/wonderful/toolchain/gcc-arm-none-eabi/lib/gcc/arm-none-eabi/15.2.1/../../../../arm-none-eabi/lib/thumb/arm946e-s\libc.a(libc_errno_errno.c.o)
                0x02122970                errno
 .tbss          0x02122974        0x4 C:/msys64/opt/wonderful/toolchain/gcc-arm-none-eabi/lib/gcc/arm-none-eabi/15.2.1/../../../../arm-none-eabi/lib/thumb/arm946e-s\libc.a(libc_locale_localedata.c.o)
                0x02122974                _locale
 *(.tcommon)
                0x02122978                        . = ALIGN (0x4)
                0x02122978                        __tbss_end = ABSOLUTE (.)
                0x00000008                        __tbss_size = (__tbss_end - __tbss_start)
                0x02122970                        __bss_vma = .

.dtcm           0x02ff4000        0x0 load address 0x02122970
                0x02122970                        __dtcm_lma = LOADADDR (.dtcm)
 *(.dtcm)
 *(.dtcm.*)
                0x02ff4000                        . = ALIGN (0x4)
                0x02ff4000                        __dtcm_end = ABSOLUTE (.)

.itcm           0x01000000      0x468 load address 0x02122970
                0x02122970                        __itcm_lma = LOADADDR (.itcm)
                0x01000000                        __itcm_start = ABSOLUTE (.)
 *(.vectors .vectors.*)
 *(.itcm)
 *(.itcm.*)
 .itcm.text     0x01000000       0x8c C:/msys64/opt/wonderful/thirdparty/blocksds/core/libs/libnds/lib\libnds9.a(cache.c.o)
                0x01000000                CP15_CleanAndFlushDCacheRange
                0x01000034                CP15_FlushDCacheRange
                0x01000060                CP15_FlushICacheRange
 .itcm.text     0x0100008c       0xd4 C:/msys64/opt/wonderful/thirdparty/blocksds/core/libs/libnds/lib\libnds9.a(threads.c.o)
                0x0100008c                cothread_yield_signal
                0x010000e0                cothread_send_signal
 .itcm.data     0x01000160        0x4 C:/msys64/opt/wonderful/thirdparty/blocksds/core/libs/libnds/lib\libnds9.a(threads.c.o)
                0x01000160                __tls
 .itcm.bss      0x01000164       0x8c C:/msys64/opt/wonderful/thirdparty/blocksds/core/libs/libnds/lib\libnds9.a(threads.c.o)
                0x01000164                cothread_threads_waiting_count
                0x01000168                cothread_threads_count
                0x0100016c                cothread_list_signal
                0x01000170                cothread_list_irq
 .itcm.data     0x010001f0       0x80 C:/msys64/opt/wonderful/thirdparty/blocksds/core/libs/libnds/lib\libnds9.a(interrupts.c.o)
                0x010001f0                irqTable
 .itcm.text     0x01000270       0x90 C:/msys64/opt/wonderful/thirdparty/blocksds/core/libs/libnds/lib\libnds9.a(swiIntrWait.c.o)
                0x01000270                swiIntrWait
                0x010002f4                swiWaitForVBlank
 .itcm.setCpuClock
                0x01000300       0x50 C:/msys64/opt/wonderful/thirdparty/blocksds/core/libs/libnds/lib\libnds9.a(cpu_clock.s.o)
                0x01000300                setCpuClock
 .itcm.IntrMain
                0x01000350      0x110 C:/msys64/opt/wonderful/thirdparty/blocksds/core/libs/libnds/lib\libnds9.a(interruptDispatcher.s.o)
                0x01000350                IntrMain
                0x0100045c                irq_nesting_level
 .itcm.IntrMain.__stub
                0x01000460        0x8 linker stubs
 *.itcm*(.text .stub .text.*)
                0x01000468                        . = ALIGN (0x4)
                0x01000468                        __itcm_end = ABSOLUTE (.)

.sbss           0x02ff4000        0x0
                0x02ff4000                        __sbss_start = ABSOLUTE (.)
                0x02ff4000                        __sbss_start__ = ABSOLUTE (.)
 *(.sbss)
 *(.sbss.*)
                0x02ff4000                        . = ALIGN (0x4)
                0x02ff4000                        __sbss_end = ABSOLUTE (.)

.bss            0x02122970    0x1a69c
                0x02122970                        __bss_start = ABSOLUTE (.)
                0x02122970                        __bss_start__ = ABSOLUTE (.)
 *(EXCLUDE_FILE(*.twl*) .dynbss)
 *(EXCLUDE_FILE(*.twl*) .gnu.linkonce.b*)
 *(EXCLUDE_FILE(*.twl*) .bss*)
 .bss._ZL18decisionListScroll
                0x02122970        0x4 build/Code/source/decisions.cpp.o
 .bss._ZL17decisionListCount
                0x02122974        0x4 build/Code/source/decisions.cpp.o
 .bss._ZL22visibleDecisionIndices
                0x02122978       0x18 build/Code/source/decisions.cpp.o
 .bss._ZL16runtimeCoreCount
                0x02122990        0x4 build/Code/source/decisions.cpp.o
 .bss._ZL12runtimeCores
                0x02122994      0x200 build/Code/source/decisions.cpp.o
 .bss._ZL21decisionLastTakenTurn
                0x02122b94      0x318 build/Code/source/decisions.cpp.o
 .bss.countryExists
                0x02122eac       0x21 build/Code/source/decisions.cpp.o
                0x02122eac                countryExists
 *fill*         0x02122ecd        0x3 
 .bss.decision_taken
                0x02122ed0        0x6 build/Code/source/decisions.cpp.o
                0x02122ed0                decision_taken
 *fill*         0x02122ed6        0x2 
 .bss.country_politics_runtime
                0x02122ed8      0x14a build/Code/source/decisions.cpp.o
                0x02122ed8                country_politics_runtime
 *fill*         0x02123022        0x2 
 .bss._ZL17renderSkipCounter
                0x02123024        0x4 build/Code/source/display.cpp.o
 .bss.politicalWasMoving
                0x02123028        0x1 build/Code/source/display.cpp.o
                0x02123028                politicalWasMoving
 *fill*         0x02123029        0x3 
 .bss.politicalMapBuffer
                0x0212302c    0x18000 build/Code/source/display.cpp.o
                0x0212302c                politicalMapBuffer
 .bss.hasProvinceInfo
                0x0213b02c        0x1 build/Code/source/display.cpp.o
                0x0213b02c                hasProvinceInfo
 .bss.currentMapType
                0x0213b02d        0x1 build/Code/source/display.cpp.o
                0x0213b02d                currentMapType
 .bss.showPoliticalMap
                0x0213b02e        0x1 build/Code/source/display.cpp.o
                0x0213b02e                showPoliticalMap
 *fill*         0x0213b02f        0x1 
 .bss.mapY      0x0213b030        0x4 build/Code/source/display.cpp.o
                0x0213b030                mapY
 .bss.mapX      0x0213b034        0x4 build/Code/source/display.cpp.o
                0x0213b034                mapX
 .bss._ZL8flagSlot
                0x0213b038        0x4 build/Code/source/flags.cpp.o
 .bss._ZL10popupLine2
                0x0213b03c       0x18 build/Code/source/main.cpp.o
 .bss._ZL10popupLine1
                0x0213b054       0x18 build/Code/source/main.cpp.o
 .bss._ZL6popupY
                0x0213b06c        0x4 build/Code/source/main.cpp.o
 .bss._ZL6popupX
                0x0213b070        0x4 build/Code/source/main.cpp.o
 .bss._ZL16countryPopupOpen
                0x0213b074        0x1 build/Code/source/main.cpp.o
 *fill*         0x0213b075        0x3 
 .bss.menuConsole
                0x0213b078        0x4 build/Code/source/menu.cpp.o
                0x0213b078                menuConsole
 .bss.selectedCountryIdx
                0x0213b07c        0x4 build/Code/source/menu.cpp.o
                0x0213b07c                selectedCountryIdx
 .bss.menuCursor
                0x0213b080        0x4 build/Code/source/menu.cpp.o
                0x0213b080                menuCursor
 .bss.currentState
                0x0213b084        0x1 build/Code/source/menu.cpp.o
                0x0213b084                currentState
 *fill*         0x0213b085        0x3 
 .bss._ZZ15initTextSprites10TextEngineE7tileBuf
                0x0213b088       0x20 build/Code/source/text_sprites.cpp.o
 .bss._ZL6ctxSub
                0x0213b0a8      0x45c build/Code/source/text_sprites.cpp.o
 .bss._ZL7ctxMain
                0x0213b504      0x45c build/Code/source/text_sprites.cpp.o
 .bss.turnOrder
                0x0213b960       0x21 build/Code/source/turn_system.cpp.o
                0x0213b960                turnOrder
 .bss.CURRENT_STAGE
                0x0213b981        0x1 build/Code/source/turn_system.cpp.o
                0x0213b981                CURRENT_STAGE
 *fill*         0x0213b982        0x2 
 .bss.CURRENT_TURN
                0x0213b984        0xc build/Code/source/turn_system.cpp.o
                0x0213b984                CURRENT_TURN
 .bss.PLAYER_COUNTRY
                0x0213b990        0x1 build/Code/source/turn_system.cpp.o
                0x0213b990                PLAYER_COUNTRY
 *fill*         0x0213b991        0x3 
 .bss.arm7console
                0x0213b994        0x4 C:/msys64/opt/wonderful/thirdparty/blocksds/core/libs/libnds/lib\libnds9.a(console.c.o)
 .bss.arm7con   0x0213b998        0x4 C:/msys64/opt/wonderful/thirdparty/blocksds/core/libs/libnds/lib\libnds9.a(console.c.o)
 .bss.libnds_stderr_write
                0x0213b99c        0x4 C:/msys64/opt/wonderful/thirdparty/blocksds/core/libs/libnds/lib\libnds9.a(console.c.o)
                0x0213b99c                libnds_stderr_write
 .bss.libnds_stdout_write
                0x0213b9a0        0x4 C:/msys64/opt/wonderful/thirdparty/blocksds/core/libs/libnds/lib\libnds9.a(console.c.o)
                0x0213b9a0                libnds_stdout_write
 .bss.currentCopy
                0x0213b9a4       0x40 C:/msys64/opt/wonderful/thirdparty/blocksds/core/libs/libnds/lib\libnds9.a(console.c.o)
 .bss._gm_      0x0213b9e4      0x1dc C:/msys64/opt/wonderful/thirdparty/blocksds/core/libs/libnds/lib\libnds9.a(dlmalloc.c.o)
 .bss.mparams   0x0213bbc0       0x14 C:/msys64/opt/wonderful/thirdparty/blocksds/core/libs/libnds/lib\libnds9.a(dlmalloc.c.o)
 .bss.malloc_global_mutex
                0x0213bbd4        0x1 C:/msys64/opt/wonderful/thirdparty/blocksds/core/libs/libnds/lib\libnds9.a(dlmalloc.c.o)
 *fill*         0x0213bbd5        0x1 
 .bss.stderr_buf_len
                0x0213bbd6        0x2 C:/msys64/opt/wonderful/thirdparty/blocksds/core/libs/libnds/lib\libnds9.a(iob.c.o)
 .bss.stdout_buf_len
                0x0213bbd8        0x2 C:/msys64/opt/wonderful/thirdparty/blocksds/core/libs/libnds/lib\libnds9.a(iob.c.o)
 *fill*         0x0213bbda        0x2 
 .bss.stderr_buf
                0x0213bbdc       0x11 C:/msys64/opt/wonderful/thirdparty/blocksds/core/libs/libnds/lib\libnds9.a(iob.c.o)
 *fill*         0x0213bbed        0x3 
 .bss.stdout_buf
                0x0213bbf0       0x11 C:/msys64/opt/wonderful/thirdparty/blocksds/core/libs/libnds/lib\libnds9.a(iob.c.o)
 *fill*         0x0213bc01        0x3 
 .bss.punixTime
                0x0213bc04        0x4 C:/msys64/opt/wonderful/thirdparty/blocksds/core/libs/libnds/lib\libnds9.a(initSystem.c.o)
                0x0213bc04                punixTime
 .bss.__debugger_unit
                0x0213bc08        0x1 C:/msys64/opt/wonderful/thirdparty/blocksds/core/libs/libnds/lib\libnds9.a(initSystem.c.o)
                0x0213bc08                __debugger_unit
 .bss.__dsimode
                0x0213bc09        0x1 C:/msys64/opt/wonderful/thirdparty/blocksds/core/libs/libnds/lib\libnds9.a(initSystem.c.o)
                0x0213bc09                __dsimode
 .bss.keysrepeat
                0x0213bc0a        0x2 C:/msys64/opt/wonderful/thirdparty/blocksds/core/libs/libnds/lib\libnds9.a(keys.c.o)
 .bss.keysup    0x0213bc0c        0x2 C:/msys64/opt/wonderful/thirdparty/blocksds/core/libs/libnds/lib\libnds9.a(keys.c.o)
 .bss.keysdown  0x0213bc0e        0x2 C:/msys64/opt/wonderful/thirdparty/blocksds/core/libs/libnds/lib\libnds9.a(keys.c.o)
 .bss.keys      0x0213bc10        0x2 C:/msys64/opt/wonderful/thirdparty/blocksds/core/libs/libnds/lib\libnds9.a(keys.c.o)
 *fill*         0x0213bc12        0x2 
 .bss.latchedTouchPosition
                0x0213bc14        0xc C:/msys64/opt/wonderful/thirdparty/blocksds/core/libs/libnds/lib\libnds9.a(keys.c.o)
 .bss.receivedTouchPosition
                0x0213bc20        0xc C:/msys64/opt/wonderful/thirdparty/blocksds/core/libs/libnds/lib\libnds9.a(keys.c.o)
 .bss.SDcallback
                0x0213bc2c        0x4 C:/msys64/opt/wonderful/thirdparty/blocksds/core/libs/libnds/lib\libnds9.a(system.c.o)
 .bss.bgIsTextLut
                0x0213bc30        0x8 C:/msys64/opt/wonderful/thirdparty/blocksds/core/libs/libnds/lib\libnds9.a(background.c.o)
                0x0213bc30                bgIsTextLut
 .bss.bgState   0x0213bc38      0x140 C:/msys64/opt/wonderful/thirdparty/blocksds/core/libs/libnds/lib\libnds9.a(background.c.o)
                0x0213bc38                bgState
 .bss.OamMemory
                0x0213bd78      0x400 C:/msys64/opt/wonderful/thirdparty/blocksds/core/libs/libnds/lib\libnds9.a(sprite.c.o)
                0x0213bd78                OamMemory
 .bss.OamMemorySub
                0x0213c178      0x400 C:/msys64/opt/wonderful/thirdparty/blocksds/core/libs/libnds/lib\libnds9.a(sprite.c.o)
                0x0213c178                OamMemorySub
 .bss.main_args
                0x0213c578        0x8 C:/msys64/opt/wonderful/thirdparty/blocksds/core/libs/libnds/lib\libnds9.a(threads.c.o)
 .bss.cothread_list
                0x0213c580       0x20 C:/msys64/opt/wonderful/thirdparty/blocksds/core/libs/libnds/lib\libnds9.a(threads.c.o)
 .bss.cothread_active_thread
                0x0213c5a0        0x4 C:/msys64/opt/wonderful/thirdparty/blocksds/core/libs/libnds/lib\libnds9.a(threads.c.o)
 .bss.free_fn   0x0213c5a4        0x4 C:/msys64/opt/wonderful/thirdparty/blocksds/core/libs/libnds/lib\libnds9.a(threads.c.o)
 .bss.exceptionMsg
                0x0213c5a8        0x4 C:/msys64/opt/wonderful/thirdparty/blocksds/core/libs/libnds/lib\libnds9.a(exceptions.c.o)
                0x0213c5a8                exceptionMsg
 .bss.fifo_rx_processing
                0x0213c5ac        0x1 C:/msys64/opt/wonderful/thirdparty/blocksds/core/libs/libnds/lib\libnds9.a(fifosystem.c.o)
 *fill*         0x0213c5ad        0x3 
 .bss.fifo_datamsg_data
                0x0213c5b0       0x40 C:/msys64/opt/wonderful/thirdparty/blocksds/core/libs/libnds/lib\libnds9.a(fifosystem.c.o)
 .bss.fifo_value32_data
                0x0213c5f0       0x40 C:/msys64/opt/wonderful/thirdparty/blocksds/core/libs/libnds/lib\libnds9.a(fifosystem.c.o)
 .bss.fifo_address_data
                0x0213c630       0x40 C:/msys64/opt/wonderful/thirdparty/blocksds/core/libs/libnds/lib\libnds9.a(fifosystem.c.o)
 .bss.fifo_datamsg_func
                0x0213c670       0x40 C:/msys64/opt/wonderful/thirdparty/blocksds/core/libs/libnds/lib\libnds9.a(fifosystem.c.o)
 .bss.fifo_value32_func
                0x0213c6b0       0x40 C:/msys64/opt/wonderful/thirdparty/blocksds/core/libs/libnds/lib\libnds9.a(fifosystem.c.o)
 .bss.fifo_address_func
                0x0213c6f0       0x40 C:/msys64/opt/wonderful/thirdparty/blocksds/core/libs/libnds/lib\libnds9.a(fifosystem.c.o)
 .bss.fifo_rx_queue
                0x0213c730        0x4 C:/msys64/opt/wonderful/thirdparty/blocksds/core/libs/libnds/lib\libnds9.a(fifosystem.c.o)
 .bss.fifo_tx_queue
                0x0213c734        0x4 C:/msys64/opt/wonderful/thirdparty/blocksds/core/libs/libnds/lib\libnds9.a(fifosystem.c.o)
 .bss.fifo_free_queue
                0x0213c738        0x4 C:/msys64/opt/wonderful/thirdparty/blocksds/core/libs/libnds/lib\libnds9.a(fifosystem.c.o)
 .bss.fifo_value32_queue
                0x0213c73c       0x40 C:/msys64/opt/wonderful/thirdparty/blocksds/core/libs/libnds/lib\libnds9.a(fifosystem.c.o)
 .bss.fifo_data_queue
                0x0213c77c       0x40 C:/msys64/opt/wonderful/thirdparty/blocksds/core/libs/libnds/lib\libnds9.a(fifosystem.c.o)
 .bss.fifo_address_queue
                0x0213c7bc       0x40 C:/msys64/opt/wonderful/thirdparty/blocksds/core/libs/libnds/lib\libnds9.a(fifosystem.c.o)
 .bss.global_pool_free_words
                0x0213c7fc        0x4 C:/msys64/opt/wonderful/thirdparty/blocksds/core/libs/libnds/lib\libnds9.a(fifosystem.c.o)
 .bss.global_fifo_pool
                0x0213c800      0x800 C:/msys64/opt/wonderful/thirdparty/blocksds/core/libs/libnds/lib\libnds9.a(fifosystem.c.o)
 .bss.heap_start
                0x0213d000        0x4 C:/msys64/opt/wonderful/thirdparty/blocksds/core/libs/libnds/lib\libnds9.a(sbrk.c.o)
 .bss.fake_heap_start
                0x0213d004        0x4 C:/msys64/opt/wonderful/thirdparty/blocksds/core/libs/libnds/lib\libnds9.a(sbrk.c.o)
                0x0213d004                fake_heap_start
 .bss.fake_heap_end
                0x0213d008        0x4 C:/msys64/opt/wonderful/thirdparty/blocksds/core/libs/libnds/lib\libnds9.a(sbrk.c.o)
                0x0213d008                fake_heap_end
 *(EXCLUDE_FILE(*.twl*) COMMON)
                0x0213d00c                        . = ALIGN (0x4)
                0x0213d00c                        __bss_end__ = ABSOLUTE (.)

.noinit         0x0213d00c        0x0
                0x0213d00c                        __noinit_start = ABSOLUTE (.)
 *(EXCLUDE_FILE(*.twl*) .noinit)
 *(EXCLUDE_FILE(*.twl*) .noinit.*)
 *(EXCLUDE_FILE(*.twl*) .gnu.linkonce.n.*)
                0x0213d00c                        . = ALIGN (0x4)
                0x0213d00c                        __noinit_end = ABSOLUTE (.)

.tls            0x0213d00c        0x8
                0x0213d00c                        __tls_start = ABSOLUTE (.)
                0x0213d014                        . = ((. + __tdata_size) + __tbss_size)
 *fill*         0x0213d00c        0x8 
                0x0213d014                        . = ALIGN (0x4)
                0x0213d014                        __tls_end = ABSOLUTE (.)
                0x0213d014                        __end__ = ABSOLUTE (.)
                0x00000008                        __tls_size = (__tls_end - __tls_start)

.twl            0x0213d014        0x0 load address 0x02400000
                0x02400000                        __arm9i_lma__ = LOADADDR (.twl)
                0x0213d014                        __arm9i_start__ = ABSOLUTE (.)
 *(.twl)
 *(.twl.text .twl.text.*)
 *(.twl.rodata .twl.rodata.*)
 *(.twl.data .twl.data.*)
 *.twl*(.text .stub .text.* .gnu.linkonce.t.*)
 *.twl*(.rodata)
 *.twl*(.roda)
 *.twl*(.rodata.*)
 *.twl*(.data)
 *.twl*(.data.*)
 *.twl*(.gnu.linkonce.d*)
                0x0213d014                        . = ALIGN (0x4)
                0x0213d014                        __arm9i_end__ = ABSOLUTE (.)

.twl_bss        0x0213d014        0x0
                0x0213d014                        __twl_bss_start__ = ABSOLUTE (.)
 *(.twl_bss .twl_bss.*)
 *(.twl.bss .twl.bss.*)
 *.twl*(.dynbss)
 *.twl*(.gnu.linkonce.b*)
 *.twl*(.bss*)
 *.twl*(COMMON)
                0x0213d014                        . = ALIGN (0x4)
                0x0213d014                        __twl_bss_end__ = ABSOLUTE (.)

.twl_noinit     0x0213d014        0x0
                0x0213d014                        __twl_noinit_start__ = ABSOLUTE (.)
 *(.twl_noinit .twl_noinit.*)
 *(.twl.noinit .twl.noinit.*)
 *.twl*(.noinit)
 *.twl*(.noinit.*)
 *.twl*(.gnu.linkonce.n.*)
                0x0213d014                        . = ALIGN (0x4)
                0x0213d014                        __twl_noinit_end__ = ABSOLUTE (.)
                0x0213d014                        __twl_end__ = ABSOLUTE (.)
                0x00000468                        __itcm_size = (__itcm_end - __itcm_start)
                0x00000000                        __dtcm_size = (__dtcm_end - __dtcm_data_start)
                0x00000000                        __arm9i_size__ = (__arm9i_end__ - __arm9i_start__)
                0x0001a69c                        __bss_size__ = (__bss_end__ - __bss_start__)
                0x00000000                        __sbss_size = (__sbss_end - __sbss_start)
                0x00000000                        __twl_bss_size__ = (__twl_bss_end__ - __twl_bss_start__)

.stab
 *(.stab)

.stabstr
 *(.stabstr)

.stab.excl
 *(.stab.excl)

.stab.exclstr
 *(.stab.exclstr)

.stab.index
 *(.stab.index)

.stab.indexstr
 *(.stab.indexstr)

.comment        0x00000000       0x2b
 *(.comment)
 .comment       0x00000000       0x2b build/Code/gfx/flags_sheet0.png.o
                                 0x2c (size before relaxing)
 .comment       0x0000002b        0x0 build/Code/gfx/flags_sheet1.png.o
                                 0x2c (size before relaxing)
 .comment       0x0000002b        0x0 build/Code/gfx/flags_sheet2.png.o
                                 0x2c (size before relaxing)
 .comment       0x0000002b        0x0 build/Code/gfx/flags_sheet3.png.o
                                 0x2c (size before relaxing)
 .comment       0x0000002b        0x0 build/Code/gfx/flags_sheet4.png.o
                                 0x2c (size before relaxing)
 .comment       0x0000002b        0x0 build/Code/gfx/splash.png.o
                                 0x2c (size before relaxing)
 .comment       0x0000002b        0x0 build/Code/source/countries.c.o
                                 0x2c (size before relaxing)
 .comment       0x0000002b        0x0 build/Code/source/decisions_data.c.o
                                 0x2c (size before relaxing)
 .comment       0x0000002b        0x0 build/Code/source/formable_cores.c.o
                                 0x2c (size before relaxing)
 .comment       0x0000002b        0x0 build/Code/source/political_data.c.o
                                 0x2c (size before relaxing)
 .comment       0x0000002b        0x0 build/Code/source/province_cores.c.o
                                 0x2c (size before relaxing)
 .comment       0x0000002b        0x0 build/Code/source/province_data.c.o
                                 0x2c (size before relaxing)
 .comment       0x0000002b        0x0 build/Code/source/province_map.c.o
                                 0x2c (size before relaxing)
 .comment       0x0000002b        0x0 build/Code/source/province_owners.c.o
                                 0x2c (size before relaxing)
 .comment       0x0000002b        0x0 build/Code/source/decisions.cpp.o
                                 0x2c (size before relaxing)
 .comment       0x0000002b        0x0 build/Code/source/display.cpp.o
                                 0x2c (size before relaxing)
 .comment       0x0000002b        0x0 build/Code/source/flags.cpp.o
                                 0x2c (size before relaxing)
 .comment       0x0000002b        0x0 build/Code/source/main.cpp.o
                                 0x2c (size before relaxing)
 .comment       0x0000002b        0x0 build/Code/source/menu.cpp.o
                                 0x2c (size before relaxing)
 .comment       0x0000002b        0x0 build/Code/source/politics.cpp.o
                                 0x2c (size before relaxing)
 .comment       0x0000002b        0x0 build/Code/source/sprites.cpp.o
                                 0x2c (size before relaxing)
 .comment       0x0000002b        0x0 build/Code/source/text_sprites.cpp.o
                                 0x2c (size before relaxing)
 .comment       0x0000002b        0x0 build/Code/source/turn_system.cpp.o
                                 0x2c (size before relaxing)
 .comment       0x0000002b        0x0 C:/msys64/opt/wonderful/thirdparty/blocksds/core/libs/libnds/lib\libnds9.a(console.c.o)
                                 0x2c (size before relaxing)
 .comment       0x0000002b        0x0 C:/msys64/opt/wonderful/thirdparty/blocksds/core/libs/libnds/lib\libnds9.a(dlmalloc.c.o)
                                 0x2c (size before relaxing)
 .comment       0x0000002b        0x0 C:/msys64/opt/wonderful/thirdparty/blocksds/core/libs/libnds/lib\libnds9.a(crt0_argv.c.o)
                                 0x2c (size before relaxing)
 .comment       0x0000002b        0x0 C:/msys64/opt/wonderful/thirdparty/blocksds/core/libs/libnds/lib\libnds9.a(iob.c.o)
                                 0x2c (size before relaxing)
 .comment       0x0000002b        0x0 C:/msys64/opt/wonderful/thirdparty/blocksds/core/libs/libnds/lib\libnds9.a(sassert.c.o)
                                 0x2c (size before relaxing)
 .comment       0x0000002b        0x0 C:/msys64/opt/wonderful/thirdparty/blocksds/core/libs/libnds/lib\libnds9.a(cache.c.o)
                                 0x2c (size before relaxing)
 .comment       0x0000002b        0x0 C:/msys64/opt/wonderful/thirdparty/blocksds/core/libs/libnds/lib\libnds9.a(initSystem.c.o)
                                 0x2c (size before relaxing)
 .comment       0x0000002b        0x0 C:/msys64/opt/wonderful/thirdparty/blocksds/core/libs/libnds/lib\libnds9.a(keys.c.o)
                                 0x2c (size before relaxing)
 .comment       0x0000002b        0x0 C:/msys64/opt/wonderful/thirdparty/blocksds/core/libs/libnds/lib\libnds9.a(securearea.c.o)
                                 0x2c (size before relaxing)
 .comment       0x0000002b        0x0 C:/msys64/opt/wonderful/thirdparty/blocksds/core/libs/libnds/lib\libnds9.a(system.c.o)
                                 0x2c (size before relaxing)
 .comment       0x0000002b        0x0 C:/msys64/opt/wonderful/thirdparty/blocksds/core/libs/libnds/lib\libnds9.a(background.c.o)
                                 0x2c (size before relaxing)
 .comment       0x0000002b        0x0 C:/msys64/opt/wonderful/thirdparty/blocksds/core/libs/libnds/lib\libnds9.a(sprite.c.o)
                                 0x2c (size before relaxing)
 .comment       0x0000002b        0x0 C:/msys64/opt/wonderful/thirdparty/blocksds/core/libs/libnds/lib\libnds9.a(sprite_alloc.c.o)
                                 0x2c (size before relaxing)
 .comment       0x0000002b        0x0 C:/msys64/opt/wonderful/thirdparty/blocksds/core/libs/libnds/lib\libnds9.a(video.c.o)
                                 0x2c (size before relaxing)
 .comment       0x0000002b        0x0 C:/msys64/opt/wonderful/thirdparty/blocksds/core/libs/libnds/lib\libnds9.a(threads.c.o)
                                 0x2c (size before relaxing)
 .comment       0x0000002b        0x0 C:/msys64/opt/wonderful/thirdparty/blocksds/core/libs/libnds/lib\libnds9.a(exceptions.c.o)
                                 0x2c (size before relaxing)
 .comment       0x0000002b        0x0 C:/msys64/opt/wonderful/thirdparty/blocksds/core/libs/libnds/lib\libnds9.a(fifosystem.c.o)
                                 0x2c (size before relaxing)
 .comment       0x0000002b        0x0 C:/msys64/opt/wonderful/thirdparty/blocksds/core/libs/libnds/lib\libnds9.a(interrupts.c.o)
                                 0x2c (size before relaxing)
 .comment       0x0000002b        0x0 C:/msys64/opt/wonderful/thirdparty/blocksds/core/libs/libnds/lib\libnds9.a(exit.c.o)
                                 0x2c (size before relaxing)
 .comment       0x0000002b        0x0 C:/msys64/opt/wonderful/thirdparty/blocksds/core/libs/libnds/lib\libnds9.a(heapfuncs.c.o)
                                 0x2c (size before relaxing)
 .comment       0x0000002b        0x0 C:/msys64/opt/wonderful/thirdparty/blocksds/core/libs/libnds/lib\libnds9.a(sbrk.c.o)
                                 0x2c (size before relaxing)
 .comment       0x0000002b        0x0 C:/msys64/opt/wonderful/thirdparty/blocksds/core/libs/libnds/lib\libnds9.a(coroutine.c.o)
                                 0x2c (size before relaxing)
 .comment       0x0000002b        0x0 C:/msys64/opt/wonderful/thirdparty/blocksds/core/libs/libnds/lib\libnds9.a(swiIntrWait.c.o)
                                 0x2c (size before relaxing)
 .comment       0x0000002b        0x0 C:/msys64/opt/wonderful/thirdparty/blocksds/core/libs/libnds/lib\libnds9.a(default_font.png.o)
                                 0x2c (size before relaxing)
 .comment       0x0000002b        0x0 C:/msys64/opt/wonderful/thirdparty/blocksds/core/libs/libnds/lib\libnds9.a(exceptions.c.o)
                                 0x2c (size before relaxing)
 .comment       0x0000002b        0x0 C:/msys64/opt/wonderful/thirdparty/blocksds/core/libs/libnds/lib\libnds9.a(trig.c.o)
                                 0x2c (size before relaxing)
 .comment       0x0000002b        0x0 C:/msys64/opt/wonderful/toolchain/gcc-arm-none-eabi/lib/gcc/arm-none-eabi/15.2.1/../../../../arm-none-eabi/lib/thumb/arm946e-s\libc.a(libc_errno_errno.c.o)
                                 0x2c (size before relaxing)
 .comment       0x0000002b        0x0 C:/msys64/opt/wonderful/toolchain/gcc-arm-none-eabi/lib/gcc/arm-none-eabi/15.2.1/../../../../arm-none-eabi/lib/thumb/arm946e-s\libc.a(libc_misc_init.c.o)
                                 0x2c (size before relaxing)
 .comment       0x0000002b        0x0 C:/msys64/opt/wonderful/toolchain/gcc-arm-none-eabi/lib/gcc/arm-none-eabi/15.2.1/../../../../arm-none-eabi/lib/thumb/arm946e-s\libc.a(libc_stdio_fflush.c.o)
                                 0x2c (size before relaxing)
 .comment       0x0000002b        0x0 C:/msys64/opt/wonderful/toolchain/gcc-arm-none-eabi/lib/gcc/arm-none-eabi/15.2.1/../../../../arm-none-eabi/lib/thumb/arm946e-s\libc.a(libc_stdio_printf.c.o)
                                 0x2c (size before relaxing)