Archive member included to satisfy reference by file (symbol)

C:/msys64/opt/wonderful/thirdparty/blocksds/core/libs/libnds/lib\libnds9.a(cp15.s.o)
                              C:/msys64/opt/wonderful/thirdparty/blocksds/core/sys/crts/ds_arm9_crt0.o (CP15_FlushICache)
C:/msys64/opt/wonderful/thirdparty/blocksds/core/libs/libnds/lib\libnds9.a(mpu_setup.s.o)
                              C:/msys64/opt/wonderful/thirdparty/blocksds/core/sys/crts/ds_arm9_crt0.o (__libnds_mpu_setup)
C:/msys64/opt/wonderful/thirdparty/blocksds/core/libs/libnds/lib\libnds9.a(dma.s.o)
                              build/Code/source/main.cpp.o (dmaSetParams)
C:/msys64/opt/wonderful/thirdparty/blocksds/core/libs/libnds/lib\libnds9.a(memcpy.s.o)
                              build/Code/source/menu.cpp.o (memcpy)
C:/msys64/opt/wonderful/thirdparty/blocksds/core/libs/libnds/lib\libnds9.a(memset.s.o)
                              build/Code/source/main.cpp.o (memset)
C:/msys64/opt/wonderful/thirdparty/blocksds/core/libs/libnds/lib\libnds9.a(console.c.o)
                              build/Code/source/menu.cpp.o (consoleInit)
C:/msys64/opt/wonderful/thirdparty/blocksds/core/libs/libnds/lib\libnds9.a(dlmalloc.c.o)
                              C:/msys64/opt/wonderful/thirdparty/blocksds/core/libs/libnds/lib\libnds9.a(console.c.o) (malloc)
C:/msys64/opt/wonderful/thirdparty/blocksds/core/libs/libnds/lib\libnds9.a(crt0_argv.c.o)
                              C:/msys64/opt/wonderful/thirdparty/blocksds/core/sys/crts/ds_arm9_crt0.o (build_argv)
C:/msys64/opt/wonderful/thirdparty/blocksds/core/libs/libnds/lib\libnds9.a(iob.c.o)
                              C:/msys64/opt/wonderful/thirdparty/blocksds/core/libs/libnds/lib\libnds9.a(console.c.o) (stderr)
C:/msys64/opt/wonderful/thirdparty/blocksds/core/libs/libnds/lib\libnds9.a(sassert.c.o)
                              build/Code/source/text_sprites.cpp.o (__sassert)
C:/msys64/opt/wonderful/thirdparty/blocksds/core/libs/libnds/lib\libnds9.a(cache.c.o)
                              build/Code/source/sprites.cpp.o (CP15_CleanAndFlushDCacheRange)
C:/msys64/opt/wonderful/thirdparty/blocksds/core/libs/libnds/lib\libnds9.a(initSystem.c.o)
                              C:/msys64/opt/wonderful/thirdparty/blocksds/core/sys/crts/ds_arm9_crt0.o (__debugger_unit)
C:/msys64/opt/wonderful/thirdparty/blocksds/core/libs/libnds/lib\libnds9.a(keys.c.o)
                              build/Code/source/main.cpp.o (scanKeys)
C:/msys64/opt/wonderful/thirdparty/blocksds/core/libs/libnds/lib\libnds9.a(securearea.c.o)
                              C:/msys64/opt/wonderful/thirdparty/blocksds/core/sys/crts/ds_arm9_crt0.o (__secure_area__)
C:/msys64/opt/wonderful/thirdparty/blocksds/core/libs/libnds/lib\libnds9.a(system.c.o)
                              C:/msys64/opt/wonderful/thirdparty/blocksds/core/libs/libnds/lib\libnds9.a(initSystem.c.o) (systemValueHandler)
C:/msys64/opt/wonderful/thirdparty/blocksds/core/libs/libnds/lib\libnds9.a(trig.c.o)
                              build/Code/source/sprites.cpp.o (sinLerp)
C:/msys64/opt/wonderful/thirdparty/blocksds/core/libs/libnds/lib\libnds9.a(background.c.o)
                              C:/msys64/opt/wonderful/thirdparty/blocksds/core/libs/libnds/lib\libnds9.a(console.c.o) (bgState)
C:/msys64/opt/wonderful/thirdparty/blocksds/core/libs/libnds/lib\libnds9.a(sprite.c.o)
                              build/Code/source/text_sprites.cpp.o (oamInit)
C:/msys64/opt/wonderful/thirdparty/blocksds/core/libs/libnds/lib\libnds9.a(sprite_alloc.c.o)
                              C:/msys64/opt/wonderful/thirdparty/blocksds/core/libs/libnds/lib\libnds9.a(sprite.c.o) (oamAllocReset)
C:/msys64/opt/wonderful/thirdparty/blocksds/core/libs/libnds/lib\libnds9.a(video.c.o)
                              C:/msys64/opt/wonderful/thirdparty/blocksds/core/libs/libnds/lib\libnds9.a(console.c.o) (setBrightness)
C:/msys64/opt/wonderful/thirdparty/blocksds/core/libs/libnds/lib\libnds9.a(threads.c.o)
                              C:/msys64/opt/wonderful/thirdparty/blocksds/core/libs/libnds/lib\libnds9.a(iob.c.o) (cothread_yield_irq)
C:/msys64/opt/wonderful/thirdparty/blocksds/core/libs/libnds/lib\libnds9.a(debugprint.c.o)
                              C:/msys64/opt/wonderful/thirdparty/blocksds/core/libs/libnds/lib\libnds9.a(console.c.o) (nocash_putc_buffered)
C:/msys64/opt/wonderful/thirdparty/blocksds/core/libs/libnds/lib\libnds9.a(exceptions.c.o)
                              C:/msys64/opt/wonderful/thirdparty/blocksds/core/libs/libnds/lib\libnds9.a(threads.c.o) (libndsCrash)
C:/msys64/opt/wonderful/thirdparty/blocksds/core/libs/libnds/lib\libnds9.a(fifosystem.c.o)
                              C:/msys64/opt/wonderful/thirdparty/blocksds/core/libs/libnds/lib\libnds9.a(system.c.o) (fifoSendValue32)
C:/msys64/opt/wonderful/thirdparty/blocksds/core/libs/libnds/lib\libnds9.a(interrupts.c.o)
[...]
Memory Configuration

Name             Origin             Length             Attributes
ewram            0x02000000         0x00380000
dtcm             0x02ff4000         0x00004000
itcm             0x01000000         0x00008000
*default*        0x00000000         0xffffffff

Linker script and memory map

                0x00000000                        PROVIDE (__dtcm_data_size = 0x0)
                0x00000001                        ASSERT (((__dtcm_data_size & 0x3) == 0x0), __dtcm_data_size must be a multiple of 4)
                0x00004000                        PROVIDE (__dldi_size = 0x4000)
                0x00000040                        PROVIDE (__dtcm_reserved_size = 0x40)
                0x00000001                        ASSERT (((__dtcm_reserved_size & 0x3) == 0x0), __dtcm_reserved_size must be a multiple of 4)
                0x00000100                        PROVIDE (__svc_stack_size = 0x100)
                0x00000001                        ASSERT (((__svc_stack_size & 0x3) == 0x0), __svc_stack_size must be a multiple of 4)
                0x00000100                        PROVIDE (__irq_stack_size = 0x100)
                0x00000001                        ASSERT (((__irq_stack_size & 0x3) == 0x0), __irq_stack_size must be a multiple of 4)
                0x00000000                        PROVIDE (__usr_stack_size = 0x0)
                0x00000001                        ASSERT (((__usr_stack_size & 0x3) == 0x0), __usr_stack_size must be a multiple of 4)
                0x02380000                        __ewram_end = (ORIGIN (ewram) + LENGTH (ewram))
                0x02380000                        __eheap_end = (ORIGIN (ewram) + LENGTH (ewram))
                0x02ff4000                        __dtcm_start = ORIGIN (dtcm)
                0x02ff8000                        __dtcm_top = (ORIGIN (dtcm) + LENGTH (dtcm))
                0x02ff7ff8                        __irq_flags = (__dtcm_top - 0x8)
                0x02ff7ffc                        __irq_vector = (__dtcm_top - 0x4)
                0x02ff7fc0                        __sp_svc = (__dtcm_top - __dtcm_reserved_size)
                0x02ff7ec0                        __sp_irq = (__sp_svc - __svc_stack_size)
                0x02ff7dc0                        __sp_usr = ((__sp_irq - __irq_stack_size) - __dtcm_data_size)
                0x02ff4000                        __dtcm_data_start = (__dtcm_data_size > 0x0)?__sp_usr:ORIGIN (dtcm)
                0x02ff7dc0                        __dtcm_data_top = (__dtcm_data_size > 0x0)?(__sp_irq - __irq_stack_size):(__sp_usr - __usr_stack_size)
                0x0000000e                        __dldi_log2_size = (LOG2CEIL ((__dldi_size + 0x1)) - 0x1)

.secure         0x02000000      0x800
 *(.secure)
 .secure        0x02000000      0x800 C:/msys64/opt/wonderful/thirdparty/blocksds/core/libs/libnds/lib\libnds9.a(securearea.c.o)
                0x02000000                __secure_area__

.crt0           0x02000800      0x2e4
                0x02000800                        __text_start = .
 *(.crt0)
 .crt0          0x02000800      0x2e4 C:/msys64/opt/wonderful/thirdparty/blocksds/core/sys/crts/ds_arm9_crt0.o
                0x02000800                _start
                0x02000ae4                        . = ALIGN (0x4)

.dldi           0x02000ae4        0x0
                0x02000ae4                        __dldi_start = .
 *(.dldi)
                0x02000ae4                        . = ALIGN (0x4)
                0x02000ae4                        __dldi_data_end = .
                0x02000ae4                        __dldi_end = (__dldi_data_end > __dldi_start)?(__dldi_start + __dldi_size):__dldi_start
                0x02000ae4                        . = __dldi_end
                0x02000ae4                        . = ALIGN (0x4)

.plt
 *(.plt)

.init           0x02000ae4        0x8
 *(SORT_NONE(.init))
 .init          0x02000ae4        0x8 C:/msys64/opt/wonderful/toolchain/gcc-arm-none-eabi/lib/gcc/arm-none-eabi/15.2.1/thumb/arm946e-s/crtn.o

.text           0x02000af0     0x7c40
 *(EXCLUDE_FILE(*.twl* *.itcm*) .text)
 .text          0x02000af0        0xe C:/msys64/opt/wonderful/toolchain/gcc-arm-none-eabi/lib/gcc/arm-none-eabi/15.2.1/../../../../arm-none-eabi/lib/thumb/arm946e-s\libc.a(strlen.S.o)
                0x02000af0                strlen
 *fill*         0x02000afe        0x2 ff
 .text          0x02000b00       0x14 C:/msys64/opt/wonderful/toolchain/gcc-arm-none-eabi/lib/gcc/arm-none-eabi/15.2.1/thumb/arm946e-s\libgcc.a(_thumb1_case_uqi.o)
                0x02000b00                __gnu_thumb1_case_uqi
 .text          0x02000b14       0x14 C:/msys64/opt/wonderful/toolchain/gcc-arm-none-eabi/lib/gcc/arm-none-eabi/15.2.1/thumb/arm946e-s\libgcc.a(_thumb1_case_uhi.o)
                0x02000b14                __gnu_thumb1_case_uhi
 .text          0x02000b28      0x214 C:/msys64/opt/wonderful/toolchain/gcc-arm-none-eabi/lib/gcc/arm-none-eabi/15.2.1/thumb/arm946e-s\libgcc.a(_udivsi3.o)
                0x02000b28                __aeabi_uidiv
                0x02000b28                __udivsi3
                0x02000d1c                __aeabi_uidivmod
 .text          0x02000d3c      0x248 C:/msys64/opt/wonderful/toolchain/gcc-arm-none-eabi/lib/gcc/arm-none-eabi/15.2.1/thumb/arm946e-s\libgcc.a(_divsi3.o)
                0x02000d3c                __divsi3
                0x02000d3c                __aeabi_idiv
                0x02000f64                __aeabi_idivmod
 .text          0x02000f84        0x4 C:/msys64/opt/wonderful/toolchain/gcc-arm-none-eabi/lib/gcc/arm-none-eabi/15.2.1/thumb/arm946e-s\libgcc.a(_dvmd_tls.o)
                0x02000f84                __aeabi_idiv0
                0x02000f84                __aeabi_ldiv0
 .text          0x02000f88       0x18 C:/msys64/opt/wonderful/toolchain/gcc-arm-none-eabi/lib/gcc/arm-none-eabi/15.2.1/thumb/arm946e-s\libgcc.a(_lshrdi3.o)
                0x02000f88                __lshrdi3
                0x02000f88                __aeabi_llsr
 .text          0x02000fa0       0x1c C:/msys64/opt/wonderful/toolchain/gcc-arm-none-eabi/lib/gcc/arm-none-eabi/15.2.1/thumb/arm946e-s\libgcc.a(_ashrdi3.o)
                0x02000fa0                __aeabi_lasr
                0x02000fa0                __ashrdi3
 .text          0x02000fbc       0x18 C:/msys64/opt/wonderful/toolchain/gcc-arm-none-eabi/lib/gcc/arm-none-eabi/15.2.1/thumb/arm946e-s\libgcc.a(_ashldi3.o)
                0x02000fbc                __aeabi_llsl
                0x02000fbc                __ashldi3
 .text          0x02000fd4        0x8 C:/msys64/opt/wonderful/toolchain/gcc-arm-none-eabi/lib/gcc/arm-none-eabi/15.2.1/thumb/arm946e-s\libgcc.a(_clzsi2.o)
                0x02000fd4                __clzsi2
 .text          0x02000fdc       0x3c C:/msys64/opt/wonderful/toolchain/gcc-arm-none-eabi/lib/gcc/arm-none-eabi/15.2.1/thumb/arm946e-s\libgcc.a(_aeabi_uldivmod.o)
                0x02000fdc                __aeabi_uldivmod
 .text          0x02001018      0x190 C:/msys64/opt/wonderful/toolchain/gcc-arm-none-eabi/lib/gcc/arm-none-eabi/15.2.1/thumb/arm946e-s\libgcc.a(_udivmoddi4.o)
                0x02001018                __udivmoddi4
 .text          0x020011a8       0x14 C:/msys64/opt/wonderful/toolchain/gcc-arm-none-eabi/lib/gcc/arm-none-eabi/15.2.1/thumb/arm946e-s\libgcc.a(muldi3.o)
                0x020011a8                __muldi3
                0x020011a8                __aeabi_lmul
 .text          0x020011bc       0x14 C:/msys64/opt/wonderful/toolchain/gcc-arm-none-eabi/lib/gcc/arm-none-eabi/15.2.1/thumb/arm946e-s\libgcc.a(_clzdi2.o)
                0x020011bc                __clzdi2
 *(EXCLUDE_FILE(*.twl* *.itcm*) .stub)
 *(EXCLUDE_FILE(*.twl* *.itcm*) .text.*)
 .text._Z17printProvinceInfot.part.0
                0x020011d0      0x1a8 build/Code/source/main.cpp.o
 .text._Z9initVideov
                0x02001378       0xc8 build/Code/source/main.cpp.o
                0x02001378                initVideo()
 .text._Z19blitTerrainViewportv
                0x02001440       0xf8 build/Code/source/main.cpp.o
                0x02001440                blitTerrainViewport()
 .text._Z20generatePoliticalMapv
                0x02001538      0x15c build/Code/source/main.cpp.o
                0x02001538                generatePoliticalMap()
 .text._Z12updateCameraii
                0x02001694      0x198 build/Code/source/main.cpp.o
                0x02001694                updateCamera(int, int)
 .text._Z18getTouchedProvincePt
                0x0200182c       0x74 build/Code/source/main.cpp.o
                0x0200182c                getTouchedProvince(unsigned short*)
 .text.startup.main
                0x020018a0      0x148 build/Code/source/main.cpp.o
                0x020018a0                main
 .text._Z15initMenuConsolev
                0x020019e8       0x2c build/Code/source/menu.cpp.o
                0x020019e8                initMenuConsole()
 .text._Z20renderMenuBackgroundv
                0x02001a14       0x58 build/Code/source/menu.cpp.o
                0x02001a14                renderMenuBackground()
 .text._Z14drawButtonRectiiiibb
                0x02001a6c       0xd8 build/Code/source/menu.cpp.o
                0x02001a6c                drawButtonRect(int, int, int, int, bool, bool)
 .text._Z14enterMenuStatev
                0x02001b44       0x2c build/Code/source/menu.cpp.o
                0x02001b44                enterMenuState()
 .text._Z8drawMenuv
                0x02001b70       0xb8 build/Code/source/menu.cpp.o
                0x02001b70                drawMenu()
 .text._Z10updateMenui
                0x02001c28      0x100 build/Code/source/menu.cpp.o
                0x02001c28                updateMenu(int)
 .text._Z17drawCountrySelectv
                0x02001d28       0xc8 build/Code/source/menu.cpp.o
                0x02001d28                drawCountrySelect()
 .text._Z19updateCountrySelecti
                0x02001df0      0x170 build/Code/source/menu.cpp.o
                0x02001df0                updateCountrySelect(int)
 .text._Z15initTextSprites10TextEngine
                0x02001f60      0x114 build/Code/source/text_sprites.cpp.o
                0x02001f60                initTextSprites(TextEngine)
 .text._Z9clearText10TextEngine
                0x02002074       0x58 build/Code/source/text_sprites.cpp.o
                0x02002074                clearText(TextEngine)
 .text._Z8drawText10TextEngineiiPKc
                0x020020cc       0xc0 build/Code/source/text_sprites.cpp.o
                0x020020cc                drawText(TextEngine, int, int, char const*)
 .text._Z10commitText10TextEngine
                0x0200218c       0x1c build/Code/source/text_sprites.cpp.o
                0x0200218c                commitText(TextEngine)
 .text._Z15debugDrawGlyph1v
                0x020021a8       0xbc build/Code/source/text_sprites.cpp.o
                0x020021a8                debugDrawGlyph1()
 .text._Z16init_turn_systemv
                0x02002264       0x24 build/Code/source/turn_system.cpp.o
                0x02002264                init_turn_system()
 .text._Z9pass_turni
                0x02002288       0x68 build/Code/source/turn_system.cpp.o
                0x02002288                pass_turn(int)
 .text.CP15_FlushICache
                0x020022f0        0xc C:/msys64/opt/wonderful/thirdparty/blocksds/core/libs/libnds/lib\libnds9.a(cp15.s.o)
                0x020022f0                CP15_FlushICache
 .text.CP15_FlushDCache
                0x020022fc        0xc C:/msys64/opt/wonderful/thirdparty/blocksds/core/libs/libnds/lib\libnds9.a(cp15.s.o)
                0x020022fc                CP15_FlushDCache
 .text.CP15_CleanAndFlushDCache
                0x02002308       0x34 C:/msys64/opt/wonderful/thirdparty/blocksds/core/libs/libnds/lib\libnds9.a(cp15.s.o)
                0x02002308                CP15_CleanAndFlushDCache
 .text.__libnds_mpu_setup
                0x0200233c      0x1c4 C:/msys64/opt/wonderful/thirdparty/blocksds/core/libs/libnds/lib\libnds9.a(mpu_setup.s.o)
                0x0200233c                __libnds_mpu_setup
 .text.CP15_MPUDisable
                0x02002500       0x3c C:/msys64/opt/wonderful/thirdparty/blocksds/core/libs/libnds/lib\libnds9.a(mpu_setup.s.o)
                0x02002500                CP15_MPUDisable
 .text.__libnds_mpu_jump_past_dtcm
                0x0200253c       0x4c C:/msys64/opt/wonderful/thirdparty/blocksds/core/libs/libnds/lib\libnds9.a(mpu_setup.s.o)
                0x0200253c                __libnds_mpu_jump_past_dtcm
 .text.memUncached
                0x02002588       0x20 C:/msys64/opt/wonderful/thirdparty/blocksds/core/libs/libnds/lib\libnds9.a(mpu_setup.s.o)
                0x02002588                memUncached
 .text.dmaSetParams
                0x020025a8       0x1c C:/msys64/opt/wonderful/thirdparty/blocksds/core/libs/libnds/lib\libnds9.a(dma.s.o)
                0x020025a8                dmaSetParams
 .text.__aeabi_memcpy
                0x020025c4       0xc8 C:/msys64/opt/wonderful/thirdparty/blocksds/core/libs/libnds/lib\libnds9.a(memcpy.s.o)
                0x020025c4                __aeabi_memcpy
                0x020025fc                __aeabi_memcpy4
                0x020025fc                __aeabi_memcpy8
                0x02002668                __ndsabi_memcpy2
 .text.__ndsabi_memcpy1
                0x0200268c       0x14 C:/msys64/opt/wonderful/thirdparty/blocksds/core/libs/libnds/lib\libnds9.a(memcpy.s.o)
                0x0200268c                __ndsabi_memcpy1
 .text.memcpy   0x020026a0       0x10 C:/msys64/opt/wonderful/thirdparty/blocksds/core/libs/libnds/lib\libnds9.a(memcpy.s.o)
                0x020026a0                memcpy
 .text.__aeabi_memset
                0x020026b0       0x9c C:/msys64/opt/wonderful/thirdparty/blocksds/core/libs/libnds/lib\libnds9.a(memset.s.o)
                0x020026b0                __aeabi_memset
                0x020026d4                __aeabi_memset8
                0x020026d4                __aeabi_memset4
                0x020026e0                __ndsabi_wordset4
                0x020026e4                __ndsabi_lwordset4
 .text.__ndsabi_memset1
                0x0200274c       0x10 C:/msys64/opt/wonderful/thirdparty/blocksds/core/libs/libnds/lib\libnds9.a(memset.s.o)
                0x0200274c                __ndsabi_memset1
 .text.memset   0x0200275c       0x1c C:/msys64/opt/wonderful/thirdparty/blocksds/core/libs/libnds/lib\libnds9.a(memset.s.o)
                0x0200275c                memset
 .text.newRow   0x02002778       0x88 C:/msys64/opt/wonderful/thirdparty/blocksds/core/libs/libnds/lib\libnds9.a(console.c.o)
 .text.consolePrintChar.part.0
                0x02002800      0x100 C:/msys64/opt/wonderful/thirdparty/blocksds/core/libs/libnds/lib\libnds9.a(console.c.o)
 .text.consolePrintChar
                0x02002900       0x2c C:/msys64/opt/wonderful/thirdparty/blocksds/core/libs/libnds/lib\libnds9.a(console.c.o)
                0x02002900                consolePrintChar
 .text.con_write
                0x0200292c      0x330 C:/msys64/opt/wonderful/thirdparty/blocksds/core/libs/libnds/lib\libnds9.a(console.c.o)
 .text.consoleLoadFont
                0x02002c5c      0x24c C:/msys64/opt/wonderful/thirdparty/blocksds/core/libs/libnds/lib\libnds9.a(console.c.o)
                0x02002c5c                consoleLoadFont
 .text.consoleInitEx
                0x02002ea8      0x19c C:/msys64/opt/wonderful/thirdparty/blocksds/core/libs/libnds/lib\libnds9.a(console.c.o)
                0x02002ea8                consoleInitEx
 .text.consoleInit
                0x02003044       0x2c C:/msys64/opt/wonderful/thirdparty/blocksds/core/libs/libnds/lib\libnds9.a(console.c.o)
                0x02003044                consoleInit
 .text.consoleDemoInit
                0x02003070       0x48 C:/msys64/opt/wonderful/thirdparty/blocksds/core/libs/libnds/lib\libnds9.a(console.c.o)
                0x02003070                consoleDemoInit
 .text.consoleSetCursor
                0x020030b8       0x24 C:/msys64/opt/wonderful/thirdparty/blocksds/core/libs/libnds/lib\libnds9.a(console.c.o)
                0x020030b8                consoleSetCursor
 .text.consoleSetColor
                0x020030dc       0x18 C:/msys64/opt/wonderful/thirdparty/blocksds/core/libs/libnds/lib\libnds9.a(console.c.o)
                0x020030dc                consoleSetColor
 .text.consoleArm7Flush
                0x020030f4       0x90 C:/msys64/opt/wonderful/thirdparty/blocksds/core/libs/libnds/lib\libnds9.a(console.c.o)
                0x020030f4                consoleArm7Flush
 .text.comutex_acquire
                0x02003184       0x28 C:/msys64/opt/wonderful/thirdparty/blocksds/core/libs/libnds/lib\libnds9.a(dlmalloc.c.o)
 .text.comutex_release
                0x020031ac       0x14 C:/msys64/opt/wonderful/thirdparty/blocksds/core/libs/libnds/lib\libnds9.a(dlmalloc.c.o)
 .text.dispose_chunk.constprop.0
                0x020031c0      0x304 C:/msys64/opt/wonderful/thirdparty/blocksds/core/libs/libnds/lib\libnds9.a(dlmalloc.c.o)
 .text.init_top.constprop.0
                0x020034c4       0x3c C:/msys64/opt/wonderful/thirdparty/blocksds/core/libs/libnds/lib\libnds9.a(dlmalloc.c.o)
 .text.segment_holding.constprop.0
                0x02003500       0x20 C:/msys64/opt/wonderful/thirdparty/blocksds/core/libs/libnds/lib\libnds9.a(dlmalloc.c.o)
 .text.try_realloc_chunk.constprop.0.isra.0
                0x02003520      0x230 C:/msys64/opt/wonderful/thirdparty/blocksds/core/libs/libnds/lib\libnds9.a(dlmalloc.c.o)
 .text.init_mparams.isra.0
                0x02003750       0x5c C:/msys64/opt/wonderful/thirdparty/blocksds/core/libs/libnds/lib\libnds9.a(dlmalloc.c.o)
 .text.sys_trim.constprop.0
                0x020037ac       0xf8 C:/msys64/opt/wonderful/thirdparty/blocksds/core/libs/libnds/lib\libnds9.a(dlmalloc.c.o)
 .text.malloc   0x020038a4      0xce0 C:/msys64/opt/wonderful/thirdparty/blocksds/core/libs/libnds/lib\libnds9.a(dlmalloc.c.o)
                0x020038a4                __malloc_malloc
                0x020038a4                malloc
 .text.free     0x02004584      0x360 C:/msys64/opt/wonderful/thirdparty/blocksds/core/libs/libnds/lib\libnds9.a(dlmalloc.c.o)
                0x02004584                cfree
                0x02004584                free
                0x02004584                __malloc_free
 .text.realloc  0x020048e4       0xc4 C:/msys64/opt/wonderful/thirdparty/blocksds/core/libs/libnds/lib\libnds9.a(dlmalloc.c.o)
                0x020048e4                realloc
 .text.build_argv
                0x020049a8       0x58 C:/msys64/opt/wonderful/thirdparty/blocksds/core/libs/libnds/lib\libnds9.a(crt0_argv.c.o)
                0x020049a8                build_argv
 .text.putc_buffered
                0x02004a00       0x94 C:/msys64/opt/wonderful/thirdparty/blocksds/core/libs/libnds/lib\libnds9.a(iob.c.o)
 .text.stderr_putc_buffered
                0x02004a94       0x20 C:/msys64/opt/wonderful/thirdparty/blocksds/core/libs/libnds/lib\libnds9.a(iob.c.o)
 .text.stdout_putc_buffered
                0x02004ab4       0x40 C:/msys64/opt/wonderful/thirdparty/blocksds/core/libs/libnds/lib\libnds9.a(iob.c.o)
 .text.__sassert
                0x02004af4       0x90 C:/msys64/opt/wonderful/thirdparty/blocksds/core/libs/libnds/lib\libnds9.a(sassert.c.o)
                0x02004af4                __sassert
 .text.initSystem
                0x02004b84      0x130 C:/msys64/opt/wonderful/thirdparty/blocksds/core/libs/libnds/lib\libnds9.a(initSystem.c.o)
                0x02004b84                initSystem
 .text.scanKeys
                0x02004cb4       0xcc C:/msys64/opt/wonderful/thirdparty/blocksds/core/libs/libnds/lib\libnds9.a(keys.c.o)
                0x02004cb4                scanKeys
 .text.keysHeld
                0x02004d80        0xc C:/msys64/opt/wonderful/thirdparty/blocksds/core/libs/libnds/lib\libnds9.a(keys.c.o)
                0x02004d80                keysHeld
 .text.keysDown
                0x02004d8c        0xc C:/msys64/opt/wonderful/thirdparty/blocksds/core/libs/libnds/lib\libnds9.a(keys.c.o)
                0x02004d8c                keysDown
 .text.touchRead
                0x02004d98       0x24 C:/msys64/opt/wonderful/thirdparty/blocksds/core/libs/libnds/lib\libnds9.a(keys.c.o)
                0x02004d98                touchRead
 .text.setTransferInputData
                0x02004dbc       0x1c C:/msys64/opt/wonderful/thirdparty/blocksds/core/libs/libnds/lib\libnds9.a(keys.c.o)
                0x02004dbc                setTransferInputData
 .text.systemValueHandler
                0x02004dd8       0xc4 C:/msys64/opt/wonderful/thirdparty/blocksds/core/libs/libnds/lib\libnds9.a(system.c.o)
                0x02004dd8                systemValueHandler
 .text.systemMsgHandler
                0x02004e9c       0x2c C:/msys64/opt/wonderful/thirdparty/blocksds/core/libs/libnds/lib\libnds9.a(system.c.o)
                0x02004e9c                systemMsgHandler
 .text.powerOn  0x02004ec8       0x2c C:/msys64/opt/wonderful/thirdparty/blocksds/core/libs/libnds/lib\libnds9.a(system.c.o)
                0x02004ec8                powerOn
 .text.sinLutLookup
                0x02004ef4       0x4c C:/msys64/opt/wonderful/thirdparty/blocksds/core/libs/libnds/lib\libnds9.a(trig.c.o)
                0x02004ef4                sinLutLookup
 .text.sinLerp  0x02004f40       0x38 C:/msys64/opt/wonderful/thirdparty/blocksds/core/libs/libnds/lib\libnds9.a(trig.c.o)
                0x02004f40                sinLerp
 .text.cosLerp  0x02004f78       0x44 C:/msys64/opt/wonderful/thirdparty/blocksds/core/libs/libnds/lib\libnds9.a(trig.c.o)
                0x02004f78                cosLerp
 .text.checkIfText
                0x02004fbc       0x6c C:/msys64/opt/wonderful/thirdparty/blocksds/core/libs/libnds/lib\libnds9.a(background.c.o)
                0x02004fbc                checkIfText
 .text.bgUpdate
                0x02005028       0xe8 C:/msys64/opt/wonderful/thirdparty/blocksds/core/libs/libnds/lib\libnds9.a(background.c.o)
                0x02005028                bgUpdate
 .text.bgInit_call
                0x02005110       0xa8 C:/msys64/opt/wonderful/thirdparty/blocksds/core/libs/libnds/lib\libnds9.a(background.c.o)
                0x02005110                bgInit_call
 .text.bgInitSub_call
                0x020051b8       0xb0 C:/msys64/opt/wonderful/thirdparty/blocksds/core/libs/libnds/lib\libnds9.a(background.c.o)
                0x020051b8                bgInitSub_call
 .text.oamInit  0x02005268      0x100 C:/msys64/opt/wonderful/thirdparty/blocksds/core/libs/libnds/lib\libnds9.a(sprite.c.o)
                0x02005268                oamInit
 .text.oamGetGfxPtr
                0x02005368       0x34 C:/msys64/opt/wonderful/thirdparty/blocksds/core/libs/libnds/lib\libnds9.a(sprite.c.o)
                0x02005368                oamGetGfxPtr
 .text.oamGfxPtrToOffset
                0x0200539c       0x34 C:/msys64/opt/wonderful/thirdparty/blocksds/core/libs/libnds/lib\libnds9.a(sprite.c.o)
                0x0200539c                oamGfxPtrToOffset
 .text.oamSet   0x020053d0      0x10c C:/msys64/opt/wonderful/thirdparty/blocksds/core/libs/libnds/lib\libnds9.a(sprite.c.o)
                0x020053d0                oamSet
 .text.oamUpdate
                0x020054dc       0x50 C:/msys64/opt/wonderful/thirdparty/blocksds/core/libs/libnds/lib\libnds9.a(sprite.c.o)
                0x020054dc                oamUpdate
 .text.oamAllocReset
                0x0200552c       0x1c C:/msys64/opt/wonderful/thirdparty/blocksds/core/libs/libnds/lib\libnds9.a(sprite_alloc.c.o)
                0x0200552c                oamAllocReset
 .text.oamAllocateGfx
                0x02005548      0x578 C:/msys64/opt/wonderful/thirdparty/blocksds/core/libs/libnds/lib\libnds9.a(sprite_alloc.c.o)
                0x02005548                oamAllocateGfx
 .text.setBrightness
                0x02005ac0       0x40 C:/msys64/opt/wonderful/thirdparty/blocksds/core/libs/libnds/lib\libnds9.a(video.c.o)
                0x02005ac0                setBrightness
 .text.vramDefault
                0x02005b00       0xe4 C:/msys64/opt/wonderful/thirdparty/blocksds/core/libs/libnds/lib\libnds9.a(video.c.o)
                0x02005b00                vramDefault
 .text.cothread_delete_internal
                0x02005be4       0xb4 C:/msys64/opt/wonderful/thirdparty/blocksds/core/libs/libnds/lib\libnds9.a(threads.c.o)
 .text.cothread_main
                0x02005c98       0x1c C:/msys64/opt/wonderful/thirdparty/blocksds/core/libs/libnds/lib\libnds9.a(threads.c.o)
                0x02005c98                cothread_main
 .text.cothread_start
                0x02005cb4      0x114 C:/msys64/opt/wonderful/thirdparty/blocksds/core/libs/libnds/lib\libnds9.a(threads.c.o)
                0x02005cb4                cothread_start
 .text.setExceptionHandler
                0x02005dc8       0x18 C:/msys64/opt/wonderful/thirdparty/blocksds/core/libs/libnds/lib\libnds9.a(exceptions.c.o)
                0x02005dc8                setExceptionHandler
 .text.libndsCrash
                0x02005de0        0xc C:/msys64/opt/wonderful/thirdparty/blocksds/core/libs/libnds/lib\libnds9.a(exceptions.c.o)
                0x02005de0                libndsCrash
 .text.fifo_buffer_wait_block
                0x02005dec       0x74 C:/msys64/opt/wonderful/thirdparty/blocksds/core/libs/libnds/lib\libnds9.a(fifosystem.c.o)
 .text.fifoFillTxFifoFromBuffer
                0x02005e60       0xa0 C:/msys64/opt/wonderful/thirdparty/blocksds/core/libs/libnds/lib\libnds9.a(fifosystem.c.o)
 .text.fifoInternalSendInterrupt
                0x02005f00        0x8 C:/msys64/opt/wonderful/thirdparty/blocksds/core/libs/libnds/lib\libnds9.a(fifosystem.c.o)
 .text.fifoInternalSend
                0x02005f08       0xd8 C:/msys64/opt/wonderful/thirdparty/blocksds/core/libs/libnds/lib\libnds9.a(fifosystem.c.o)
 .text.fifoSendValue32
                0x02005fe0       0x3c C:/msys64/opt/wonderful/thirdparty/blocksds/core/libs/libnds/lib\libnds9.a(fifosystem.c.o)
                0x02005fe0                fifoSendValue32
 .text.fifoGetDatamsg
                0x0200601c       0xe0 C:/msys64/opt/wonderful/thirdparty/blocksds/core/libs/libnds/lib\libnds9.a(fifosystem.c.o)
                0x0200601c                fifoGetDatamsg
 .text.fifoReadRxFifoAndProcessBuffer
                0x020060fc      0x344 C:/msys64/opt/wonderful/thirdparty/blocksds/core/libs/libnds/lib\libnds9.a(fifosystem.c.o)
 .text.fifoGetValue32
                0x02006440       0x7c C:/msys64/opt/wonderful/thirdparty/blocksds/core/libs/libnds/lib\libnds9.a(fifosystem.c.o)
                0x02006440                fifoGetValue32
 .text.fifoInternalRecvInterrupt
                0x020064bc        0x8 C:/msys64/opt/wonderful/thirdparty/blocksds/core/libs/libnds/lib\libnds9.a(fifosystem.c.o)
 .text.fifoSetValue32Handler
                0x020064c4       0x80 C:/msys64/opt/wonderful/thirdparty/blocksds/core/libs/libnds/lib\libnds9.a(fifosystem.c.o)
                0x020064c4                fifoSetValue32Handler
 .text.fifoSetDatamsgHandler
                0x02006544       0xa8 C:/msys64/opt/wonderful/thirdparty/blocksds/core/libs/libnds/lib\libnds9.a(fifosystem.c.o)
                0x02006544                fifoSetDatamsgHandler
 .text.fifoInit
                0x020065ec      0x138 C:/msys64/opt/wonderful/thirdparty/blocksds/core/libs/libnds/lib\libnds9.a(fifosystem.c.o)
                0x020065ec                fifoInit
 .text.irqSet   0x02006724       0x90 C:/msys64/opt/wonderful/thirdparty/blocksds/core/libs/libnds/lib\libnds9.a(interrupts.c.o)
                0x02006724                irqSet
 .text.irqInit  0x020067b4       0x44 C:/msys64/opt/wonderful/thirdparty/blocksds/core/libs/libnds/lib\libnds9.a(interrupts.c.o)
                0x020067b4                irqInit
 .text.irqEnable
                0x020067f8       0x64 C:/msys64/opt/wonderful/thirdparty/blocksds/core/libs/libnds/lib\libnds9.a(interrupts.c.o)
                0x020067f8                irqEnable
 .text.systemErrorExit
                0x0200685c        0x4 C:/msys64/opt/wonderful/thirdparty/blocksds/core/libs/libnds/lib\libnds9.a(exit.c.o)
                0x0200685c                systemErrorExit
 .text.__libnds_exit
                0x02006860        0x8 C:/msys64/opt/wonderful/thirdparty/blocksds/core/libs/libnds/lib\libnds9.a(exit.c.o)
                0x02006860                __libnds_exit
 .text._exit    0x02006868      0x10c C:/msys64/opt/wonderful/thirdparty/blocksds/core/libs/libnds/lib\libnds9.a(exit.c.o)
                0x02006868                _exit
 .text.reduceHeapSize
                0x02006974       0x2c C:/msys64/opt/wonderful/thirdparty/blocksds/core/libs/libnds/lib\libnds9.a(heapfuncs.c.o)
                0x02006974                reduceHeapSize
 .text.sbrk     0x020069a0       0x44 C:/msys64/opt/wonderful/thirdparty/blocksds/core/libs/libnds/lib\libnds9.a(sbrk.c.o)
                0x020069a0                sbrk
 .text.__ndsabi_coro_make_noctx
                0x020069e4       0x28 C:/msys64/opt/wonderful/thirdparty/blocksds/core/libs/libnds/lib\libnds9.a(coroutine.c.o)
                0x020069e4                __ndsabi_coro_make_noctx
 .text.__aeabi_read_tp
                0x02006a0c        0xc C:/msys64/opt/wonderful/thirdparty/blocksds/core/libs/libnds/lib\libnds9.a(aeabi_read_tp.s.o)
                0x02006a0c                __aeabi_read_tp
 .text.enterException
                0x02006a18       0xd4 C:/msys64/opt/wonderful/thirdparty/blocksds/core/libs/libnds/lib\libnds9.a(exceptionHandler.s.o)
                0x02006a18                enterException
                0x02006a8c                exceptionC
                0x02006a90                exceptionStack
                0x02006a94                exceptionRegisters
 .text.__ndsabi_coro_resume
                0x02006aec       0x18 C:/msys64/opt/wonderful/thirdparty/blocksds/core/libs/libnds/lib\libnds9.a(coroutine.s.o)
                0x02006aec                __ndsabi_coro_resume
 .text.__ndsabi_coro_yield
                0x02006b04       0x1c C:/msys64/opt/wonderful/thirdparty/blocksds/core/libs/libnds/lib\libnds9.a(coroutine.s.o)
                0x02006b04                __ndsabi_coro_yield
 .text.__ndsabi_coro_pop_noctx
                0x02006b20       0x34 C:/msys64/opt/wonderful/thirdparty/blocksds/core/libs/libnds/lib\libnds9.a(coroutine.s.o)
                0x02006b20                __ndsabi_coro_pop_noctx
 .text.releaseCrashHandler
                0x02006b54       0x7c C:/msys64/opt/wonderful/thirdparty/blocksds/core/libs/libnds/lib\libnds9.a(exceptions.c.o)
 .text.exceptionStatePrint
                0x02006bd0       0xf4 C:/msys64/opt/wonderful/thirdparty/blocksds/core/libs/libnds/lib\libnds9.a(exceptions.c.o)
                0x02006bd0                exceptionStatePrint
 .text.releaseExceptionHandler
                0x02006cc4       0x10 C:/msys64/opt/wonderful/thirdparty/blocksds/core/libs/libnds/lib\libnds9.a(exceptions.c.o)
                0x02006cc4                releaseExceptionHandler
 .text.getCPSR  0x02006cd4        0x8 C:/msys64/opt/wonderful/thirdparty/blocksds/core/libs/libnds/lib\libnds9.a(cpu.s.o)
                0x02006cd4                getCPSR
 .text.__libc_init_array
                0x02006cdc       0x1c C:/msys64/opt/wonderful/toolchain/gcc-arm-none-eabi/lib/gcc/arm-none-eabi/15.2.1/../../../../arm-none-eabi/lib/thumb/arm946e-s\libc.a(libc_misc_init.c.o)
                0x02006cdc                __libc_init_array
 .text.fflush   0x02006cf8       0x10 C:/msys64/opt/wonderful/toolchain/gcc-arm-none-eabi/lib/gcc/arm-none-eabi/15.2.1/../../../../arm-none-eabi/lib/thumb/arm946e-s\libc.a(libc_stdio_fflush.c.o)
                0x02006cf8                fflush
 .text.printf   0x02006d08       0x20 C:/msys64/opt/wonderful/toolchain/gcc-arm-none-eabi/lib/gcc/arm-none-eabi/15.2.1/../../../../arm-none-eabi/lib/thumb/arm946e-s\libc.a(libc_stdio_printf.c.o)
                0x02006d08                printf
 .text.putchar  0x02006d28       0x10 C:/msys64/opt/wonderful/toolchain/gcc-arm-none-eabi/lib/gcc/arm-none-eabi/15.2.1/../../../../arm-none-eabi/lib/thumb/arm946e-s\libc.a(libc_stdio_putchar.c.o)
                0x02006d28                putchar_unlocked
                0x02006d28                putchar
 .text.puts     0x02006d38       0x44 C:/msys64/opt/wonderful/toolchain/gcc-arm-none-eabi/lib/gcc/arm-none-eabi/15.2.1/../../../../arm-none-eabi/lib/thumb/arm946e-s\libc.a(libc_stdio_puts.c.o)
                0x02006d38                puts
 .text.setvbuf  0x02006d7c       0x18 C:/msys64/opt/wonderful/toolchain/gcc-arm-none-eabi/lib/gcc/arm-none-eabi/15.2.1/../../../../arm-none-eabi/lib/thumb/arm946e-s\libc.a(libc_stdio_setvbuf.c.o)
                0x02006d7c                setvbuf
 .text.snprintf
                0x02006d94       0x54 C:/msys64/opt/wonderful/toolchain/gcc-arm-none-eabi/lib/gcc/arm-none-eabi/15.2.1/../../../../arm-none-eabi/lib/thumb/arm946e-s\libc.a(libc_stdio_snprintf.c.o)
                0x02006d94                snprintf
 .text.__ultoa_invert
                0x02006de8       0x52 C:/msys64/opt/wonderful/toolchain/gcc-arm-none-eabi/lib/gcc/arm-none-eabi/15.2.1/../../../../arm-none-eabi/lib/thumb/arm946e-s\libc.a(libc_stdio_vfprintf.c.o)
 *fill*         0x02006e3a        0x2 ff
 .text.skip_to_arg
                0x02006e3c      0x13c C:/msys64/opt/wonderful/toolchain/gcc-arm-none-eabi/lib/gcc/arm-none-eabi/15.2.1/../../../../arm-none-eabi/lib/thumb/arm946e-s\libc.a(libc_stdio_vfprintf.c.o)
 .text.vfprintf
                0x02006f78      0xad0 C:/msys64/opt/wonderful/toolchain/gcc-arm-none-eabi/lib/gcc/arm-none-eabi/15.2.1/../../../../arm-none-eabi/lib/thumb/arm946e-s\libc.a(libc_stdio_vfprintf.c.o)
                0x02006f78                vfprintf
                0x02006f78                __d_vfprintf
 .text.vprintf  0x02007a48       0x14 C:/msys64/opt/wonderful/toolchain/gcc-arm-none-eabi/lib/gcc/arm-none-eabi/15.2.1/../../../../arm-none-eabi/lib/thumb/arm946e-s\libc.a(libc_stdio_vprintf.c.o)
                0x02007a48                vprintf
 .text.mulShiftAll64
                0x02007a5c      0x202 C:/msys64/opt/wonderful/toolchain/gcc-arm-none-eabi/lib/gcc/arm-none-eabi/15.2.1/../../../../arm-none-eabi/lib/thumb/arm946e-s\libc.a(libc_stdio_dtoa_ryu.c.o)
 *fill*         0x02007c5e        0x2 ff
 .text.div10    0x02007c60       0x28 C:/msys64/opt/wonderful/toolchain/gcc-arm-none-eabi/lib/gcc/arm-none-eabi/15.2.1/../../../../arm-none-eabi/lib/thumb/arm946e-s\libc.a(libc_stdio_dtoa_ryu.c.o)
 .text.__dtoa_engine
                0x02007c88      0x4b8 C:/msys64/opt/wonderful/toolchain/gcc-arm-none-eabi/lib/gcc/arm-none-eabi/15.2.1/../../../../arm-none-eabi/lib/thumb/arm946e-s\libc.a(libc_stdio_dtoa_ryu.c.o)
                0x02007c88                __dtoa_engine
 .text.__log10Pow2
                0x02008140        0xc C:/msys64/opt/wonderful/toolchain/gcc-arm-none-eabi/lib/gcc/arm-none-eabi/15.2.1/../../../../arm-none-eabi/lib/thumb/arm946e-s\libc.a(libc_stdio_ryu_log10.c.o)
                0x02008140                __log10Pow2
 .text.__log10Pow5
                0x0200814c        0xc C:/msys64/opt/wonderful/toolchain/gcc-arm-none-eabi/lib/gcc/arm-none-eabi/15.2.1/../../../../arm-none-eabi/lib/thumb/arm946e-s\libc.a(libc_stdio_ryu_log10.c.o)
                0x0200814c                __log10Pow5
 .text.__pow5bits
                0x02008158       0x10 C:/msys64/opt/wonderful/toolchain/gcc-arm-none-eabi/lib/gcc/arm-none-eabi/15.2.1/../../../../arm-none-eabi/lib/thumb/arm946e-s\libc.a(libc_stdio_ryu_pow5bits.c.o)
                0x02008158                __pow5bits
 .text.__pow5Factor
                0x02008168       0x2c C:/msys64/opt/wonderful/toolchain/gcc-arm-none-eabi/lib/gcc/arm-none-eabi/15.2.1/../../../../arm-none-eabi/lib/thumb/arm946e-s\libc.a(libc_stdio_ryu_table.c.o)
                0x02008168                __pow5Factor
 .text.__double_computePow5
                0x02008194      0x100 C:/msys64/opt/wonderful/toolchain/gcc-arm-none-eabi/lib/gcc/arm-none-eabi/15.2.1/../../../../arm-none-eabi/lib/thumb/arm946e-s\libc.a(libc_stdio_ryu_table.c.o)
                0x02008194                __double_computePow5
 .text.__double_computeInvPow5
                0x02008294       0xfc C:/msys64/opt/wonderful/toolchain/gcc-arm-none-eabi/lib/gcc/arm-none-eabi/15.2.1/../../../../arm-none-eabi/lib/thumb/arm946e-s\libc.a(libc_stdio_ryu_table.c.o)
                0x02008294                __double_computeInvPow5
 .text.__umul128
                0x02008390       0x6c C:/msys64/opt/wonderful/toolchain/gcc-arm-none-eabi/lib/gcc/arm-none-eabi/15.2.1/../../../../arm-none-eabi/lib/thumb/arm946e-s\libc.a(libc_stdio_ryu_umul128.c.o)
                0x02008390                __umul128
 .text.__shiftright128
                0x020083fc       0x28 C:/msys64/opt/wonderful/toolchain/gcc-arm-none-eabi/lib/gcc/arm-none-eabi/15.2.1/../../../../arm-none-eabi/lib/thumb/arm946e-s\libc.a(libc_stdio_ryu_umul128.c.o)
                0x020083fc                __shiftright128
 .text.exit     0x02008424        0xe C:/msys64/opt/wonderful/toolchain/gcc-arm-none-eabi/lib/gcc/arm-none-eabi/15.2.1/../../../../arm-none-eabi/lib/thumb/arm946e-s\libc.a(libc_stdlib_exit.c.o)
                0x02008424                exit
 .text.__ascii_wctomb
                0x02008432       0x16 C:/msys64/opt/wonderful/toolchain/gcc-arm-none-eabi/lib/gcc/arm-none-eabi/15.2.1/../../../../arm-none-eabi/lib/thumb/arm946e-s\libc.a(libc_stdlib_wctomb_r.c.o)
                0x02008432                __ascii_wctomb
 .text.__utf8_wctomb
                0x02008448       0xb8 C:/msys64/opt/wonderful/toolchain/gcc-arm-none-eabi/lib/gcc/arm-none-eabi/15.2.1/../../../../arm-none-eabi/lib/thumb/arm946e-s\libc.a(libc_stdlib_wctomb_r.c.o)
                0x02008448                __utf8_wctomb
 .text.stpcpy   0x02008500       0x12 C:/msys64/opt/wonderful/toolchain/gcc-arm-none-eabi/lib/gcc/arm-none-eabi/15.2.1/../../../../arm-none-eabi/lib/thumb/arm946e-s\libc.a(libc_string_stpcpy.c.o)
                0x02008500                stpcpy
 .text.strnlen  0x02008512       0x16 C:/msys64/opt/wonderful/toolchain/gcc-arm-none-eabi/lib/gcc/arm-none-eabi/15.2.1/../../../../arm-none-eabi/lib/thumb/arm946e-s\libc.a(libc_string_strnlen.c.o)
                0x02008512                strnlen
 .text.time     0x02008528       0x28 C:/msys64/opt/wonderful/toolchain/gcc-arm-none-eabi/lib/gcc/arm-none-eabi/15.2.1/../../../../arm-none-eabi/lib/thumb/arm946e-s\libc.a(libc_time_time.c.o)
                0x02008528                time
 .text.__libc_fini_array
                0x02008550       0x1c C:/msys64/opt/wonderful/toolchain/gcc-arm-none-eabi/lib/gcc/arm-none-eabi/15.2.1/../../../../arm-none-eabi/lib/thumb/arm946e-s\libc.a(libc_misc_fini.c.o)
                0x02008550                __libc_fini_array
 .text.__dtox_engine
                0x0200856c      0x128 C:/msys64/opt/wonderful/toolchain/gcc-arm-none-eabi/lib/gcc/arm-none-eabi/15.2.1/../../../../arm-none-eabi/lib/thumb/arm946e-s\libc.a(libc_stdio_dtox_engine.c.o)
                0x0200856c                __dtox_engine
 .text.__file_str_put
                0x02008694       0x10 C:/msys64/opt/wonderful/toolchain/gcc-arm-none-eabi/lib/gcc/arm-none-eabi/15.2.1/../../../../arm-none-eabi/lib/thumb/arm946e-s\libc.a(libc_stdio_filestrput.c.o)
                0x02008694                __file_str_put
 .text.putc     0x020086a4       0x2c C:/msys64/opt/wonderful/toolchain/gcc-arm-none-eabi/lib/gcc/arm-none-eabi/15.2.1/../../../../arm-none-eabi/lib/thumb/arm946e-s\libc.a(libc_stdio_fputc.c.o)
                0x020086a4                putc
                0x020086a4                fputc
                0x020086a4                putc_unlocked
 .text.gettimeofday
                0x020086d0       0x1c C:/msys64/opt/wonderful/thirdparty/blocksds/core/libs/libnds/lib\libnds9.a(syscalls.c.o)
                0x020086d0                gettimeofday
 *fill*         0x020086ec        0x4 ff
 .text.gettimeofday.__stub
                0x020086f0       0x40 linker stubs
 *(EXCLUDE_FILE(*.twl*) .gnu.warning)
 *(EXCLUDE_FILE(*.twl*) .gnu.linkonce.t*)
 *(.glue_7)
 .glue_7        0x02008730        0x0 linker stubs
 *(.glue_7t)
 .glue_7t       0x02008730        0x0 linker stubs
                0x02008730                        . = ALIGN (0x4)

.vfp11_veneer   0x02008730        0x0
 .vfp11_veneer  0x02008730        0x0 linker stubs

.v4_bx          0x02008730        0x0
 .v4_bx         0x02008730        0x0 linker stubs

.iplt           0x02008730        0x0
 .iplt          0x02008730        0x0 C:/msys64/opt/wonderful/thirdparty/blocksds/core/sys/crts/ds_arm9_crt0.o

.fini           0x02008730        0x8
 *(.fini)
 .fini          0x02008730        0x8 C:/msys64/opt/wonderful/toolchain/gcc-arm-none-eabi/lib/gcc/arm-none-eabi/15.2.1/thumb/arm946e-s/crtn.o
                0x02008738                        __text_end = .

.rodata         0x02008738    0xc340c
 *(EXCLUDE_FILE(*.twl*) .rodata)
 .rodata        0x02008738       0x40 C:/msys64/opt/wonderful/thirdparty/blocksds/core/libs/libnds/lib\libnds9.a(exceptions.c.o)
 .rodata        0x02008778      0x340 C:/msys64/opt/wonderful/toolchain/gcc-arm-none-eabi/lib/gcc/arm-none-eabi/15.2.1/../../../../arm-none-eabi/lib/thumb/arm946e-s\libc.a(libc_stdio_ryu_table.c.o)
 .rodata        0x02008ab8        0x8 C:/msys64/opt/wonderful/toolchain/gcc-arm-none-eabi/lib/gcc/arm-none-eabi/15.2.1/../../../../arm-none-eabi/lib/thumb/arm946e-s\libc.a(libc_stdlib_wctomb_r.c.o)
                0x02008ab8                __wctomb
 *all.rodata*(*)
 *(EXCLUDE_FILE(*.twl*) .roda)
 *(EXCLUDE_FILE(*.twl*) .rodata.*)
 .rodata.splashBitmap
                0x02008ac0    0x60000 build/Code/gfx/splash.png.o
                0x02008ac0                splashBitmap
 .rodata.str1.4
                0x02068ac0     0x21c0 build/Code/source/countries.c.o
                                0x13b (size before relaxing)
 .rodata.countries
                0x0206ac80      0x100 build/Code/source/countries.c.o
                0x0206ac80                countries
 .rodata.province_cores
                0x0206ad80      0x678 build/Code/source/province_cores.c.o
                0x0206ad80                province_cores
 .rodata.str1.4
                0x0206b3f8        0x0 build/Code/source/province_data.c.o
                               0x1db0 (size before relaxing)
 .rodata.provinceMap
                0x0206b3f8    0x60000 build/Code/source/province_map.c.o
                0x0206b3f8                provinceMap
 .rodata._Z17printProvinceInfot.part.0.str1.4
                0x020cb3f8        0x0 build/Code/source/main.cpp.o
                                 0x5c (size before relaxing)
 .rodata._Z8drawMenuv.str1.4
                0x020cb3f8        0x0 build/Code/source/menu.cpp.o
                                 0x15 (size before relaxing)
 .rodata._Z17drawCountrySelectv.str1.4
                0x020cb3f8        0x0 build/Code/source/menu.cpp.o
                                 0x1f (size before relaxing)
 .rodata.str1.4
                0x020cb3f8        0x0 build/Code/source/menu.cpp.o
                                 0x28 (size before relaxing)
 .rodata._Z9clearText10TextEngine.str1.4
                0x020cb3f8        0x0 build/Code/source/text_sprites.cpp.o
                                 0xb3 (size before relaxing)
 .rodata._ZL11FONT_GLYPHS
                0x020cb3f8      0x18c build/Code/source/text_sprites.cpp.o
 .rodata.con_write
                0x020cb584      0x118 C:/msys64/opt/wonderful/thirdparty/blocksds/core/libs/libnds/lib\libnds9.a(console.c.o)
 .rodata.stderr
                0x020cb69c        0x4 C:/msys64/opt/wonderful/thirdparty/blocksds/core/libs/libnds/lib\libnds9.a(iob.c.o)
                0x020cb69c                stderr
 .rodata.stdout
                0x020cb6a0        0x4 C:/msys64/opt/wonderful/thirdparty/blocksds/core/libs/libnds/lib\libnds9.a(iob.c.o)
                0x020cb6a0                stdout
 .rodata.__sassert.str1.4
                0x020cb6a4        0x0 C:/msys64/opt/wonderful/thirdparty/blocksds/core/libs/libnds/lib\libnds9.a(sassert.c.o)
                                 0x73 (size before relaxing)
 .rodata.systemValueHandler.str1.4
                0x020cb6a4        0x0 C:/msys64/opt/wonderful/thirdparty/blocksds/core/libs/libnds/lib\libnds9.a(system.c.o)
                                 0x2b (size before relaxing)
 .rodata.systemValueHandler
                0x020cb6a4       0x10 C:/msys64/opt/wonderful/thirdparty/blocksds/core/libs/libnds/lib\libnds9.a(system.c.o)
 .rodata.SIN_LUT
                0x020cb6b4      0x102 C:/msys64/opt/wonderful/thirdparty/blocksds/core/libs/libnds/lib\libnds9.a(trig.c.o)
                0x020cb6b4                SIN_LUT
 *fill*         0x020cb7b6        0x2 ff
 .rodata.bgTransform
                0x020cb7b8       0x20 C:/msys64/opt/wonderful/thirdparty/blocksds/core/libs/libnds/lib\libnds9.a(background.c.o)
                0x020cb7b8                bgTransform
 .rodata.bgScrollTable
                0x020cb7d8       0x20 C:/msys64/opt/wonderful/thirdparty/blocksds/core/libs/libnds/lib\libnds9.a(background.c.o)
                0x020cb7d8                bgScrollTable
 .rodata.bgControl
                0x020cb7f8       0x20 C:/msys64/opt/wonderful/thirdparty/blocksds/core/libs/libnds/lib\libnds9.a(background.c.o)
                0x020cb7f8                bgControl
 .rodata.__func__.0
                0x020cb818       0x19 C:/msys64/opt/wonderful/thirdparty/blocksds/core/libs/libnds/lib\libnds9.a(threads.c.o)
 .rodata.fifoReadRxFifoAndProcessBuffer.str1.4
                0x020cb831        0x0 C:/msys64/opt/wonderful/thirdparty/blocksds/core/libs/libnds/lib\libnds9.a(fifosystem.c.o)
                                 0x15 (size before relaxing)
 *fill*         0x020cb831        0x3 ff
 .rodata.default_fontTiles
                0x020cb834      0x300 C:/msys64/opt/wonderful/thirdparty/blocksds/core/libs/libnds/lib\libnds9.a(default_font.png.o)
                0x020cb834                default_fontTiles
 .rodata.releaseCrashHandler.str1.4
                0x020cbb34        0x0 C:/msys64/opt/wonderful/thirdparty/blocksds/core/libs/libnds/lib\libnds9.a(exceptions.c.o)
                                 0x33 (size before relaxing)
 .rodata.exceptionStatePrint.str1.4
                0x020cbb34        0x0 C:/msys64/opt/wonderful/thirdparty/blocksds/core/libs/libnds/lib\libnds9.a(exceptions.c.o)
                                 0x58 (size before relaxing)
 .rodata.str1.4
                0x020cbb34        0x0 C:/msys64/opt/wonderful/thirdparty/blocksds/core/libs/libnds/lib\libnds9.a(exceptions.c.o)
                                 0x40 (size before relaxing)
 .rodata.str1.1
                0x020cbb34        0xf C:/msys64/opt/wonderful/toolchain/gcc-arm-none-eabi/lib/gcc/arm-none-eabi/15.2.1/../../../../arm-none-eabi/lib/thumb/arm946e-s\libc.a(libc_stdio_vfprintf.c.o)
 *(EXCLUDE_FILE(*.twl*) .gnu.linkonce.r*)
                0x020cbb44                        . = ALIGN (0x4)
 *fill*         0x020cbb43        0x1 ff

.ARM.extab
 *(.ARM.extab* .gnu.linkonce.armextab.*)
                0x020cbb44                        __exidx_start = .

ARM.exidx       0x020cbb44        0x8
 *(.ARM.exidx* .gnu.linkonce.armexidx.*)
 .ARM.exidx     0x020cbb44        0x8 C:/msys64/opt/wonderful/toolchain/gcc-arm-none-eabi/lib/gcc/arm-none-eabi/15.2.1/thumb/arm946e-s\libgcc.a(_udivmoddi4.o)
                0x020cbb4c                        __exidx_end = .
                0x020cbb4c                        . = ALIGN (0x4)

.init_array     0x020cbb4c        0x0
                [!provide]                        PROVIDE (__preinit_array_start = .)
                0x020cbb4c                        PROVIDE (__bothinit_array_start = .)
 *(.preinit_array)
                [!provide]                        PROVIDE (__preinit_array_end = .)
                [!provide]                        PROVIDE (__init_array_start = .)
 *(SORT_BY_INIT_PRIORITY(.init_array.*) SORT_BY_INIT_PRIORITY(.ctors.*))
 *(.init_array EXCLUDE_FILE(*crtend?.o *crtend.o *crtbegin?.o *crtbegin.o) .ctors)
                [!provide]                        PROVIDE (__init_array_end = .)
                0x020cbb4c                        PROVIDE (__bothinit_array_end = .)

.fini_array     0x020cbb4c        0x0
                0x020cbb4c                        PROVIDE (__fini_array_start = .)
 *(SORT_BY_INIT_PRIORITY(.fini_array.*) SORT_BY_INIT_PRIORITY(.dtors.*))
 *(.fini_array EXCLUDE_FILE(*crtend?.o *crtend.o *crtbegin?.o *crtbegin.o) .dtors)
 *(.fini_array*)
                0x020cbb4c                        PROVIDE (__fini_array_end = .)

.ctors          0x020cbb4c        0x0
 *crtbegin.o(.ctors)
 *crtbegin?.o(.ctors)
 *(EXCLUDE_FILE(*crtend?.o *crtend.o) .ctors)
 *(SORT_BY_NAME(.ctors.*))
 *(.ctors)
                0x020cbb4c                        . = ALIGN (0x4)

.dtors          0x020cbb4c        0x0
 *crtbegin.o(.dtors)
 *crtbegin?.o(.dtors)
 *(EXCLUDE_FILE(*crtend?.o *crtend.o) .dtors)
 *(SORT_BY_NAME(.dtors.*))
 *(.dtors)
                0x020cbb4c                        . = ALIGN (0x4)

.eh_frame       0x020cbb4c        0x4
 *(.eh_frame)
 .eh_frame      0x020cbb4c        0x4 C:/msys64/opt/wonderful/toolchain/gcc-arm-none-eabi/lib/gcc/arm-none-eabi/15.2.1/thumb/arm946e-s/crtend.o
                0x020cbb50                        . = ALIGN (0x4)

.rel.dyn        0x020cbb50        0x0
 .rel.iplt      0x020cbb50        0x0 C:/msys64/opt/wonderful/thirdparty/blocksds/core/sys/crts/ds_arm9_crt0.o

.gcc_except_table
                0x020cbb50        0x0
 *(.gcc_except_table .gcc_except_table.*)
                0x020cbb50                        . = ALIGN (0x4)

.got            0x020cbb50       0x10
 *(.got.plt)
 .got.plt       0x020cbb50        0xc C:/msys64/opt/wonderful/thirdparty/blocksds/core/sys/crts/ds_arm9_crt0.o
                0x020cbb50                _GLOBAL_OFFSET_TABLE_
 *(.got)
 .got           0x020cbb5c        0x4 C:/msys64/opt/wonderful/thirdparty/blocksds/core/sys/crts/ds_arm9_crt0.o
 *(.rel.got)
 .rel.got       0x020cbb60        0x0 C:/msys64/opt/wonderful/thirdparty/blocksds/core/sys/crts/ds_arm9_crt0.o

.ewram          0x020cbb60        0x0
                0x020cbb60                        __ewram_start = ABSOLUTE (.)
 *(.ewram)
 *ewram.*(.text)
                0x020cbb60                        . = ALIGN (0x4)

.data           0x020cbb60     0x3494
                0x020cbb60                        __data_start = ABSOLUTE (.)
 *(EXCLUDE_FILE(*.twl*) .data)
 .data          0x020cbb60       0x28 C:/msys64/opt/wonderful/thirdparty/blocksds/core/libs/libnds/lib\libnds9.a(mpu_setup.s.o)
 .data          0x020cbb88        0x4 C:/msys64/opt/wonderful/toolchain/gcc-arm-none-eabi/lib/gcc/arm-none-eabi/15.2.1/../../../../arm-none-eabi/lib/thumb/arm946e-s\libc.a(libc_locale_localedata.c.o)
                0x020cbb88                __global_locale
 *(EXCLUDE_FILE(*.twl*) .data.*)
 .data.provinces
                0x020cbb8c     0x3070 build/Code/source/province_data.c.o
                0x020cbb8c                provinces
 .data.province_owners
                0x020cebfc      0x307 build/Code/source/province_owners.c.o
                0x020cebfc                province_owners
 *fill*         0x020cef03        0x1 ff
 .data._ZL14lastProvinceID
                0x020cef04        0x2 build/Code/source/main.cpp.o
 .data.needsRedraw
                0x020cef06        0x1 build/Code/source/main.cpp.o
                0x020cef06                needsRedraw
 .data._ZL17politicalMapDirty
                0x020cef07        0x1 build/Code/source/main.cpp.o
 .data.mapScale
                0x020cef08        0x4 build/Code/source/main.cpp.o
                0x020cef08                mapScale
 .data.countryConfirmButton
                0x020cef0c       0x18 build/Code/source/menu.cpp.o
                0x020cef0c                countryConfirmButton
 .data.countryNavButtons
                0x020cef24       0x30 build/Code/source/menu.cpp.o
                0x020cef24                countryNavButtons
 .data.mainMenuButtons
                0x020cef54       0x48 build/Code/source/menu.cpp.o
                0x020cef54                mainMenuButtons
 .data.countrySelectDirty
                0x020cef9c        0x1 build/Code/source/menu.cpp.o
                0x020cef9c                countrySelectDirty
 .data.menuDirty
                0x020cef9d        0x1 build/Code/source/menu.cpp.o
                0x020cef9d                menuDirty
 .data.DEBUG_glyphAllocOK
                0x020cef9e        0x1 build/Code/source/text_sprites.cpp.o
                0x020cef9e                DEBUG_glyphAllocOK
 .data.firstConsoleInit.0
                0x020cef9f        0x1 C:/msys64/opt/wonderful/thirdparty/blocksds/core/libs/libnds/lib\libnds9.a(console.c.o)
 .data.currentConsole
                0x020cefa0        0x4 C:/msys64/opt/wonderful/thirdparty/blocksds/core/libs/libnds/lib\libnds9.a(console.c.o)
 .data.__stderr
                0x020cefa4       0x10 C:/msys64/opt/wonderful/thirdparty/blocksds/core/libs/libnds/lib\libnds9.a(iob.c.o)
 .data.__stdout
                0x020cefb4       0x10 C:/msys64/opt/wonderful/thirdparty/blocksds/core/libs/libnds/lib\libnds9.a(iob.c.o)
 .data.count    0x020cefc4        0x1 C:/msys64/opt/wonderful/thirdparty/blocksds/core/libs/libnds/lib\libnds9.a(keys.c.o)
 .data.repeat   0x020cefc5        0x1 C:/msys64/opt/wonderful/thirdparty/blocksds/core/libs/libnds/lib\libnds9.a(keys.c.o)
 .data.delay    0x020cefc6        0x1 C:/msys64/opt/wonderful/thirdparty/blocksds/core/libs/libnds/lib\libnds9.a(keys.c.o)
 *fill*         0x020cefc7        0x1 ff
 .data.latchedArm7Buttons
                0x020cefc8        0x2 C:/msys64/opt/wonderful/thirdparty/blocksds/core/libs/libnds/lib\libnds9.a(keys.c.o)
 .data.receivedArm7Buttons
                0x020cefca        0x2 C:/msys64/opt/wonderful/thirdparty/blocksds/core/libs/libnds/lib\libnds9.a(keys.c.o)
 .data.oamSub   0x020cefcc       0x14 C:/msys64/opt/wonderful/thirdparty/blocksds/core/libs/libnds/lib\libnds9.a(sprite.c.o)
                0x020cefcc                oamSub
 .data.oamMain  0x020cefe0       0x14 C:/msys64/opt/wonderful/thirdparty/blocksds/core/libs/libnds/lib\libnds9.a(sprite.c.o)
                0x020cefe0                oamMain
 *(EXCLUDE_FILE(*.twl*) .gnu.linkonce.d*)
                0x020ceff4                        . = ALIGN (0x4)

.igot.plt       0x020ceff4        0x0
 .igot.plt      0x020ceff4        0x0 C:/msys64/opt/wonderful/thirdparty/blocksds/core/sys/crts/ds_arm9_crt0.o

.tdata          0x020ceff4        0x0
                0x020ceff4                        __tdata_start = ABSOLUTE (.)
 *(.tdata .tdata.* .gnu.linkonce.td.*)
                0x020ceff4                        . = ALIGN (0x4)
                0x020ceff4                        __tdata_end = ABSOLUTE (.)
                0x020ceff4                        __data_end = .
                0x00000000                        __tdata_size = (__tdata_end - __tdata_start)

.tbss           0x020ceff4        0x8
                0x020ceff4                        __tbss_start = ABSOLUTE (.)
 *(.tbss .tbss.* .gnu.linkonce.tb.*)
 .tbss          0x020ceff4        0x4 C:/msys64/opt/wonderful/toolchain/gcc-arm-none-eabi/lib/gcc/arm-none-eabi/15.2.1/../../../../arm-none-eabi/lib/thumb/arm946e-s\libc.a(libc_errno_errno.c.o)
                0x020ceff4                errno
 .tbss          0x020ceff8        0x4 C:/msys64/opt/wonderful/toolchain/gcc-arm-none-eabi/lib/gcc/arm-none-eabi/15.2.1/../../../../arm-none-eabi/lib/thumb/arm946e-s\libc.a(libc_locale_localedata.c.o)
                0x020ceff8                _locale
 *(.tcommon)
                0x020ceffc                        . = ALIGN (0x4)
                0x020ceffc                        __tbss_end = ABSOLUTE (.)
                0x00000008                        __tbss_size = (__tbss_end - __tbss_start)
                0x020ceff4                        __bss_vma = .

.dtcm           0x02ff4000        0x0 load address 0x020ceff4
                0x020ceff4                        __dtcm_lma = LOADADDR (.dtcm)
 *(.dtcm)
 *(.dtcm.*)
                0x02ff4000                        . = ALIGN (0x4)
                0x02ff4000                        __dtcm_end = ABSOLUTE (.)

.itcm           0x01000000      0x468 load address 0x020ceff4
                0x020ceff4                        __itcm_lma = LOADADDR (.itcm)
                0x01000000                        __itcm_start = ABSOLUTE (.)
 *(.vectors .vectors.*)
 *(.itcm)
 *(.itcm.*)
 .itcm.text     0x01000000       0x8c C:/msys64/opt/wonderful/thirdparty/blocksds/core/libs/libnds/lib\libnds9.a(cache.c.o)
                0x01000000                CP15_CleanAndFlushDCacheRange
                0x01000034                CP15_FlushDCacheRange
                0x01000060                CP15_FlushICacheRange
 .itcm.text     0x0100008c       0xd4 C:/msys64/opt/wonderful/thirdparty/blocksds/core/libs/libnds/lib\libnds9.a(threads.c.o)
                0x0100008c                cothread_yield_signal
                0x010000e0                cothread_send_signal
 .itcm.data     0x01000160        0x4 C:/msys64/opt/wonderful/thirdparty/blocksds/core/libs/libnds/lib\libnds9.a(threads.c.o)
                0x01000160                __tls
 .itcm.bss      0x01000164       0x8c C:/msys64/opt/wonderful/thirdparty/blocksds/core/libs/libnds/lib\libnds9.a(threads.c.o)
                0x01000164                cothread_threads_waiting_count
                0x01000168                cothread_threads_count
                0x0100016c                cothread_list_signal
                0x01000170                cothread_list_irq
 .itcm.data     0x010001f0       0x80 C:/msys64/opt/wonderful/thirdparty/blocksds/core/libs/libnds/lib\libnds9.a(interrupts.c.o)
                0x010001f0                irqTable
 .itcm.text     0x01000270       0x90 C:/msys64/opt/wonderful/thirdparty/blocksds/core/libs/libnds/lib\libnds9.a(swiIntrWait.c.o)
                0x01000270                swiIntrWait
                0x010002f4                swiWaitForVBlank
 .itcm.setCpuClock
                0x01000300       0x50 C:/msys64/opt/wonderful/thirdparty/blocksds/core/libs/libnds/lib\libnds9.a(cpu_clock.s.o)
                0x01000300                setCpuClock
 .itcm.IntrMain
                0x01000350      0x110 C:/msys64/opt/wonderful/thirdparty/blocksds/core/libs/libnds/lib\libnds9.a(interruptDispatcher.s.o)
                0x01000350                IntrMain
                0x0100045c                irq_nesting_level
 .itcm.IntrMain.__stub
                0x01000460        0x8 linker stubs
 *.itcm*(.text .stub .text.*)
                0x01000468                        . = ALIGN (0x4)
                0x01000468                        __itcm_end = ABSOLUTE (.)

.sbss           0x02ff4000        0x0
                0x02ff4000                        __sbss_start = ABSOLUTE (.)
                0x02ff4000                        __sbss_start__ = ABSOLUTE (.)
 *(.sbss)
 *(.sbss.*)
                0x02ff4000                        . = ALIGN (0x4)
                0x02ff4000                        __sbss_end = ABSOLUTE (.)

.bss            0x020ceff4    0x19844
                0x020ceff4                        __bss_start = ABSOLUTE (.)
                0x020ceff4                        __bss_start__ = ABSOLUTE (.)
 *(EXCLUDE_FILE(*.twl*) .dynbss)
 *(EXCLUDE_FILE(*.twl*) .gnu.linkonce.b*)
 *(EXCLUDE_FILE(*.twl*) .bss*)
 .bss._ZL15hasProvinceInfo
                0x020ceff4        0x1 build/Code/source/main.cpp.o
 *fill*         0x020ceff5        0x3 
 .bss._ZL17renderSkipCounter
                0x020ceff8        0x4 build/Code/source/main.cpp.o
 .bss._ZL18politicalWasMoving
                0x020ceffc        0x1 build/Code/source/main.cpp.o
 *fill*         0x020ceffd        0x3 
 .bss._ZL18politicalMapBuffer
                0x020cf000    0x18000 build/Code/source/main.cpp.o
 .bss.showPoliticalMap
                0x020e7000        0x1 build/Code/source/main.cpp.o
                0x020e7000                showPoliticalMap
 *fill*         0x020e7001        0x3 
 .bss.mapY      0x020e7004        0x4 build/Code/source/main.cpp.o
                0x020e7004                mapY
 .bss.mapX      0x020e7008        0x4 build/Code/source/main.cpp.o
                0x020e7008                mapX
 .bss.menuConsole
                0x020e700c        0x4 build/Code/source/menu.cpp.o
                0x020e700c                menuConsole
 .bss.selectedCountryIdx
                0x020e7010        0x4 build/Code/source/menu.cpp.o
                0x020e7010                selectedCountryIdx
 .bss.menuCursor
                0x020e7014        0x4 build/Code/source/menu.cpp.o
                0x020e7014                menuCursor
 .bss.currentState
                0x020e7018        0x1 build/Code/source/menu.cpp.o
                0x020e7018                currentState
 *fill*         0x020e7019        0x3 
 .bss._ZL7tileBuf
                0x020e701c       0x20 build/Code/source/text_sprites.cpp.o
 .bss._ZL6ctxSub
                0x020e703c       0xb8 build/Code/source/text_sprites.cpp.o
 .bss._ZL7ctxMain
                0x020e70f4       0xb8 build/Code/source/text_sprites.cpp.o
 .bss.CURRENT_STAGE
                0x020e71ac        0x1 build/Code/source/turn_system.cpp.o
                0x020e71ac                CURRENT_STAGE
 *fill*         0x020e71ad        0x3 
 .bss.CURRENT_TURN
                0x020e71b0        0xc build/Code/source/turn_system.cpp.o
                0x020e71b0                CURRENT_TURN
 .bss.PLAYER_COUNTRY
                0x020e71bc        0x1 build/Code/source/turn_system.cpp.o
                0x020e71bc                PLAYER_COUNTRY
 *fill*         0x020e71bd        0x3 
 .bss.arm7console
                0x020e71c0        0x4 C:/msys64/opt/wonderful/thirdparty/blocksds/core/libs/libnds/lib\libnds9.a(console.c.o)
 .bss.arm7con   0x020e71c4        0x4 C:/msys64/opt/wonderful/thirdparty/blocksds/core/libs/libnds/lib\libnds9.a(console.c.o)
 .bss.libnds_stderr_write
                0x020e71c8        0x4 C:/msys64/opt/wonderful/thirdparty/blocksds/core/libs/libnds/lib\libnds9.a(console.c.o)
                0x020e71c8                libnds_stderr_write
 .bss.libnds_stdout_write
                0x020e71cc        0x4 C:/msys64/opt/wonderful/thirdparty/blocksds/core/libs/libnds/lib\libnds9.a(console.c.o)
                0x020e71cc                libnds_stdout_write
 .bss.currentCopy
                0x020e71d0       0x40 C:/msys64/opt/wonderful/thirdparty/blocksds/core/libs/libnds/lib\libnds9.a(console.c.o)
 .bss._gm_      0x020e7210      0x1dc C:/msys64/opt/wonderful/thirdparty/blocksds/core/libs/libnds/lib\libnds9.a(dlmalloc.c.o)
 .bss.mparams   0x020e73ec       0x14 C:/msys64/opt/wonderful/thirdparty/blocksds/core/libs/libnds/lib\libnds9.a(dlmalloc.c.o)
 .bss.malloc_global_mutex
                0x020e7400        0x1 C:/msys64/opt/wonderful/thirdparty/blocksds/core/libs/libnds/lib\libnds9.a(dlmalloc.c.o)
 *fill*         0x020e7401        0x1 
 .bss.stderr_buf_len
                0x020e7402        0x2 C:/msys64/opt/wonderful/thirdparty/blocksds/core/libs/libnds/lib\libnds9.a(iob.c.o)
 .bss.stdout_buf_len
                0x020e7404        0x2 C:/msys64/opt/wonderful/thirdparty/blocksds/core/libs/libnds/lib\libnds9.a(iob.c.o)
 *fill*         0x020e7406        0x2 
 .bss.stderr_buf
                0x020e7408       0x11 C:/msys64/opt/wonderful/thirdparty/blocksds/core/libs/libnds/lib\libnds9.a(iob.c.o)
 *fill*         0x020e7419        0x3 
 .bss.stdout_buf
                0x020e741c       0x11 C:/msys64/opt/wonderful/thirdparty/blocksds/core/libs/libnds/lib\libnds9.a(iob.c.o)
 *fill*         0x020e742d        0x3 
 .bss.punixTime
                0x020e7430        0x4 C:/msys64/opt/wonderful/thirdparty/blocksds/core/libs/libnds/lib\libnds9.a(initSystem.c.o)
                0x020e7430                punixTime
 .bss.__debugger_unit
                0x020e7434        0x1 C:/msys64/opt/wonderful/thirdparty/blocksds/core/libs/libnds/lib\libnds9.a(initSystem.c.o)
                0x020e7434                __debugger_unit
 .bss.__dsimode
                0x020e7435        0x1 C:/msys64/opt/wonderful/thirdparty/blocksds/core/libs/libnds/lib\libnds9.a(initSystem.c.o)
                0x020e7435                __dsimode
 .bss.keysrepeat
                0x020e7436        0x2 C:/msys64/opt/wonderful/thirdparty/blocksds/core/libs/libnds/lib\libnds9.a(keys.c.o)
 .bss.keysup    0x020e7438        0x2 C:/msys64/opt/wonderful/thirdparty/blocksds/core/libs/libnds/lib\libnds9.a(keys.c.o)
 .bss.keysdown  0x020e743a        0x2 C:/msys64/opt/wonderful/thirdparty/blocksds/core/libs/libnds/lib\libnds9.a(keys.c.o)
 .bss.keys      0x020e743c        0x2 C:/msys64/opt/wonderful/thirdparty/blocksds/core/libs/libnds/lib\libnds9.a(keys.c.o)
 *fill*         0x020e743e        0x2 
 .bss.latchedTouchPosition
                0x020e7440        0xc C:/msys64/opt/wonderful/thirdparty/blocksds/core/libs/libnds/lib\libnds9.a(keys.c.o)
 .bss.receivedTouchPosition
                0x020e744c        0xc C:/msys64/opt/wonderful/thirdparty/blocksds/core/libs/libnds/lib\libnds9.a(keys.c.o)
 .bss.SDcallback
                0x020e7458        0x4 C:/msys64/opt/wonderful/thirdparty/blocksds/core/libs/libnds/lib\libnds9.a(system.c.o)
 .bss.bgIsTextLut
                0x020e745c        0x8 C:/msys64/opt/wonderful/thirdparty/blocksds/core/libs/libnds/lib\libnds9.a(background.c.o)
                0x020e745c                bgIsTextLut
 .bss.bgState   0x020e7464      0x140 C:/msys64/opt/wonderful/thirdparty/blocksds/core/libs/libnds/lib\libnds9.a(background.c.o)
                0x020e7464                bgState
 .bss.OamMemory
                0x020e75a4      0x400 C:/msys64/opt/wonderful/thirdparty/blocksds/core/libs/libnds/lib\libnds9.a(sprite.c.o)
                0x020e75a4                OamMemory
 .bss.OamMemorySub
                0x020e79a4      0x400 C:/msys64/opt/wonderful/thirdparty/blocksds/core/libs/libnds/lib\libnds9.a(sprite.c.o)
                0x020e79a4                OamMemorySub
 .bss.main_args
                0x020e7da4        0x8 C:/msys64/opt/wonderful/thirdparty/blocksds/core/libs/libnds/lib\libnds9.a(threads.c.o)
 .bss.cothread_list
                0x020e7dac       0x20 C:/msys64/opt/wonderful/thirdparty/blocksds/core/libs/libnds/lib\libnds9.a(threads.c.o)
 .bss.cothread_active_thread
                0x020e7dcc        0x4 C:/msys64/opt/wonderful/thirdparty/blocksds/core/libs/libnds/lib\libnds9.a(threads.c.o)
 .bss.free_fn   0x020e7dd0        0x4 C:/msys64/opt/wonderful/thirdparty/blocksds/core/libs/libnds/lib\libnds9.a(threads.c.o)
 .bss.exceptionMsg
                0x020e7dd4        0x4 C:/msys64/opt/wonderful/thirdparty/blocksds/core/libs/libnds/lib\libnds9.a(exceptions.c.o)
                0x020e7dd4                exceptionMsg
 .bss.fifo_rx_processing
                0x020e7dd8        0x1 C:/msys64/opt/wonderful/thirdparty/blocksds/core/libs/libnds/lib\libnds9.a(fifosystem.c.o)
 *fill*         0x020e7dd9        0x3 
 .bss.fifo_datamsg_data
                0x020e7ddc       0x40 C:/msys64/opt/wonderful/thirdparty/blocksds/core/libs/libnds/lib\libnds9.a(fifosystem.c.o)
 .bss.fifo_value32_data
                0x020e7e1c       0x40 C:/msys64/opt/wonderful/thirdparty/blocksds/core/libs/libnds/lib\libnds9.a(fifosystem.c.o)
 .bss.fifo_address_data
                0x020e7e5c       0x40 C:/msys64/opt/wonderful/thirdparty/blocksds/core/libs/libnds/lib\libnds9.a(fifosystem.c.o)
 .bss.fifo_datamsg_func
                0x020e7e9c       0x40 C:/msys64/opt/wonderful/thirdparty/blocksds/core/libs/libnds/lib\libnds9.a(fifosystem.c.o)
 .bss.fifo_value32_func
                0x020e7edc       0x40 C:/msys64/opt/wonderful/thirdparty/blocksds/core/libs/libnds/lib\libnds9.a(fifosystem.c.o)
 .bss.fifo_address_func
                0x020e7f1c       0x40 C:/msys64/opt/wonderful/thirdparty/blocksds/core/libs/libnds/lib\libnds9.a(fifosystem.c.o)
 .bss.fifo_rx_queue
                0x020e7f5c        0x4 C:/msys64/opt/wonderful/thirdparty/blocksds/core/libs/libnds/lib\libnds9.a(fifosystem.c.o)
 .bss.fifo_tx_queue
                0x020e7f60        0x4 C:/msys64/opt/wonderful/thirdparty/blocksds/core/libs/libnds/lib\libnds9.a(fifosystem.c.o)
 .bss.fifo_free_queue
                0x020e7f64        0x4 C:/msys64/opt/wonderful/thirdparty/blocksds/core/libs/libnds/lib\libnds9.a(fifosystem.c.o)
 .bss.fifo_value32_queue
                0x020e7f68       0x40 C:/msys64/opt/wonderful/thirdparty/blocksds/core/libs/libnds/lib\libnds9.a(fifosystem.c.o)
 .bss.fifo_data_queue
                0x020e7fa8       0x40 C:/msys64/opt/wonderful/thirdparty/blocksds/core/libs/libnds/lib\libnds9.a(fifosystem.c.o)
 .bss.fifo_address_queue
                0x020e7fe8       0x40 C:/msys64/opt/wonderful/thirdparty/blocksds/core/libs/libnds/lib\libnds9.a(fifosystem.c.o)
 .bss.global_pool_free_words
                0x020e8028        0x4 C:/msys64/opt/wonderful/thirdparty/blocksds/core/libs/libnds/lib\libnds9.a(fifosystem.c.o)
 .bss.global_fifo_pool
                0x020e802c      0x800 C:/msys64/opt/wonderful/thirdparty/blocksds/core/libs/libnds/lib\libnds9.a(fifosystem.c.o)
 .bss.heap_start
                0x020e882c        0x4 C:/msys64/opt/wonderful/thirdparty/blocksds/core/libs/libnds/lib\libnds9.a(sbrk.c.o)
 .bss.fake_heap_start
                0x020e8830        0x4 C:/msys64/opt/wonderful/thirdparty/blocksds/core/libs/libnds/lib\libnds9.a(sbrk.c.o)
                0x020e8830                fake_heap_start
 .bss.fake_heap_end
                0x020e8834        0x4 C:/msys64/opt/wonderful/thirdparty/blocksds/core/libs/libnds/lib\libnds9.a(sbrk.c.o)
                0x020e8834                fake_heap_end
 *(EXCLUDE_FILE(*.twl*) COMMON)
                0x020e8838                        . = ALIGN (0x4)
                0x020e8838                        __bss_end__ = ABSOLUTE (.)

.noinit         0x020e8838        0x0
                0x020e8838                        __noinit_start = ABSOLUTE (.)
 *(EXCLUDE_FILE(*.twl*) .noinit)
 *(EXCLUDE_FILE(*.twl*) .noinit.*)
 *(EXCLUDE_FILE(*.twl*) .gnu.linkonce.n.*)
                0x020e8838                        . = ALIGN (0x4)
                0x020e8838                        __noinit_end = ABSOLUTE (.)

.tls            0x020e8838        0x8
                0x020e8838                        __tls_start = ABSOLUTE (.)
                0x020e8840                        . = ((. + __tdata_size) + __tbss_size)
 *fill*         0x020e8838        0x8 
                0x020e8840                        . = ALIGN (0x4)
                0x020e8840                        __tls_end = ABSOLUTE (.)
                0x020e8840                        __end__ = ABSOLUTE (.)
                0x00000008                        __tls_size = (__tls_end - __tls_start)

.twl            0x020e8840        0x0 load address 0x02400000
                0x02400000                        __arm9i_lma__ = LOADADDR (.twl)
                0x020e8840                        __arm9i_start__ = ABSOLUTE (.)
 *(.twl)
 *(.twl.text .twl.text.*)
 *(.twl.rodata .twl.rodata.*)
 *(.twl.data .twl.data.*)
 *.twl*(.text .stub .text.* .gnu.linkonce.t.*)
 *.twl*(.rodata)
 *.twl*(.roda)
 *.twl*(.rodata.*)
 *.twl*(.data)
 *.twl*(.data.*)
 *.twl*(.gnu.linkonce.d*)
                0x020e8840                        . = ALIGN (0x4)
                0x020e8840                        __arm9i_end__ = ABSOLUTE (.)

.twl_bss        0x020e8840        0x0
                0x020e8840                        __twl_bss_start__ = ABSOLUTE (.)
 *(.twl_bss .twl_bss.*)
 *(.twl.bss .twl.bss.*)
 *.twl*(.dynbss)
 *.twl*(.gnu.linkonce.b*)
 *.twl*(.bss*)
 *.twl*(COMMON)
                0x020e8840                        . = ALIGN (0x4)
                0x020e8840                        __twl_bss_end__ = ABSOLUTE (.)

.twl_noinit     0x020e8840        0x0
                0x020e8840                        __twl_noinit_start__ = ABSOLUTE (.)
 *(.twl_noinit .twl_noinit.*)
 *(.twl.noinit .twl.noinit.*)
 *.twl*(.noinit)
 *.twl*(.noinit.*)
 *.twl*(.gnu.linkonce.n.*)
                0x020e8840                        . = ALIGN (0x4)
                0x020e8840                        __twl_noinit_end__ = ABSOLUTE (.)
                0x020e8840                        __twl_end__ = ABSOLUTE (.)
                0x00000468                        __itcm_size = (__itcm_end - __itcm_start)
                0x00000000                        __dtcm_size = (__dtcm_end - __dtcm_data_start)
                0x00000000                        __arm9i_size__ = (__arm9i_end__ - __arm9i_start__)
                0x00019844                        __bss_size__ = (__bss_end__ - __bss_start__)
                0x00000000                        __sbss_size = (__sbss_end - __sbss_start)
                0x00000000                        __twl_bss_size__ = (__twl_bss_end__ - __twl_bss_start__)

.stab
 *(.stab)

.stabstr
 *(.stabstr)

.stab.excl
 *(.stab.excl)

.stab.exclstr
 *(.stab.exclstr)

.stab.index
 *(.stab.index)

.stab.indexstr
 *(.stab.indexstr)

.comment        0x00000000       0x2b
 *(.comment)
 .comment       0x00000000       0x2b build/Code/gfx/splash.png.o
                                 0x2c (size before relaxing)
 .comment       0x0000002b        0x0 build/Code/source/countries.c.o
                                 0x2c (size before relaxing)
 .comment       0x0000002b        0x0 build/Code/source/province_cores.c.o
                                 0x2c (size before relaxing)
 .comment       0x0000002b        0x0 build/Code/source/province_data.c.o
                                 0x2c (size before relaxing)
 .comment       0x0000002b        0x0 build/Code/source/province_map.c.o
                                 0x2c (size before relaxing)
 .comment       0x0000002b        0x0 build/Code/source/province_owners.c.o
                                 0x2c (size before relaxing)
 .comment       0x0000002b        0x0 build/Code/source/main.cpp.o
                                 0x2c (size before relaxing)
 .comment       0x0000002b        0x0 build/Code/source/menu.cpp.o
                                 0x2c (size before relaxing)
 .comment       0x0000002b        0x0 build/Code/source/text_sprites.cpp.o
                                 0x2c (size before relaxing)
 .comment       0x0000002b        0x0 build/Code/source/turn_system.cpp.o
                                 0x2c (size before relaxing)
 .comment       0x0000002b        0x0 C:/msys64/opt/wonderful/thirdparty/blocksds/core/libs/libnds/lib\libnds9.a(console.c.o)
                                 0x2c (size before relaxing)
 .comment       0x0000002b        0x0 C:/msys64/opt/wonderful/thirdparty/blocksds/core/libs/libnds/lib\libnds9.a(dlmalloc.c.o)
                                 0x2c (size before relaxing)
 .comment       0x0000002b        0x0 C:/msys64/opt/wonderful/thirdparty/blocksds/core/libs/libnds/lib\libnds9.a(crt0_argv.c.o)
                                 0x2c (size before relaxing)
 .comment       0x0000002b        0x0 C:/msys64/opt/wonderful/thirdparty/blocksds/core/libs/libnds/lib\libnds9.a(iob.c.o)
                                 0x2c (size before relaxing)
 .comment       0x0000002b        0x0 C:/msys64/opt/wonderful/thirdparty/blocksds/core/libs/libnds/lib\libnds9.a(sassert.c.o)
                                 0x2c (size before relaxing)
 .comment       0x0000002b        0x0 C:/msys64/opt/wonderful/thirdparty/blocksds/core/libs/libnds/lib\libnds9.a(cache.c.o)
                                 0x2c (size before relaxing)
 .comment       0x0000002b        0x0 C:/msys64/opt/wonderful/thirdparty/blocksds/core/libs/libnds/lib\libnds9.a(initSystem.c.o)
                                 0x2c (size before relaxing)
 .comment       0x0000002b        0x0 C:/msys64/opt/wonderful/thirdparty/blocksds/core/libs/libnds/lib\libnds9.a(keys.c.o)
                                 0x2c (size before relaxing)
 .comment       0x0000002b        0x0 C:/msys64/opt/wonderful/thirdparty/blocksds/core/libs/libnds/lib\libnds9.a(securearea.c.o)
                                 0x2c (size before relaxing)
 .comment       0x0000002b        0x0 C:/msys64/opt/wonderful/thirdparty/blocksds/core/libs/libnds/lib\libnds9.a(system.c.o)
                                 0x2c (size before relaxing)
 .comment       0x0000002b        0x0 C:/msys64/opt/wonderful/thirdparty/blocksds/core/libs/libnds/lib\libnds9.a(trig.c.o)
                                 0x2c (size before relaxing)
 .comment       0x0000002b        0x0 C:/msys64/opt/wonderful/thirdparty/blocksds/core/libs/libnds/lib\libnds9.a(background.c.o)
                                 0x2c (size before relaxing)
 .comment       0x0000002b        0x0 C:/msys64/opt/wonderful/thirdparty/blocksds/core/libs/libnds/lib\libnds9.a(sprite.c.o)
                                 0x2c (size before relaxing)
 .comment       0x0000002b        0x0 C:/msys64/opt/wonderful/thirdparty/blocksds/core/libs/libnds/lib\libnds9.a(sprite_alloc.c.o)
                                 0x2c (size before relaxing)
 .comment       0x0000002b        0x0 C:/msys64/opt/wonderful/thirdparty/blocksds/core/libs/libnds/lib\libnds9.a(video.c.o)
                                 0x2c (size before relaxing)
 .comment       0x0000002b        0x0 C:/msys64/opt/wonderful/thirdparty/blocksds/core/libs/libnds/lib\libnds9.a(threads.c.o)
                                 0x2c (size before relaxing)
 .comment       0x0000002b        0x0 C:/msys64/opt/wonderful/thirdparty/blocksds/core/libs/libnds/lib\libnds9.a(exceptions.c.o)
                                 0x2c (size before relaxing)
 .comment       0x0000002b        0x0 C:/msys64/opt/wonderful/thirdparty/blocksds/core/libs/libnds/lib\libnds9.a(fifosystem.c.o)
                                 0x2c (size before relaxing)
 .comment       0x0000002b        0x0 C:/msys64/opt/wonderful/thirdparty/blocksds/core/libs/libnds/lib\libnds9.a(interrupts.c.o)
                                 0x2c (size before relaxing)
 .comment       0x0000002b        0x0 C:/msys64/opt/wonderful/thirdparty/blocksds/core/libs/libnds/lib\libnds9.a(exit.c.o)
                                 0x2c (size before relaxing)
 .comment       0x0000002b        0x0 C:/msys64/opt/wonderful/thirdparty/blocksds/core/libs/libnds/lib\libnds9.a(heapfuncs.c.o)
                                 0x2c (size before relaxing)
 .comment       0x0000002b        0x0 C:/msys64/opt/wonderful/thirdparty/blocksds/core/libs/libnds/lib\libnds9.a(sbrk.c.o)
                                 0x2c (size before relaxing)
 .comment       0x0000002b        0x0 C:/msys64/opt/wonderful/thirdparty/blocksds/core/libs/libnds/lib\libnds9.a(coroutine.c.o)
                                 0x2c (size before relaxing)
 .comment       0x0000002b        0x0 C:/msys64/opt/wonderful/thirdparty/blocksds/core/libs/libnds/lib\libnds9.a(swiIntrWait.c.o)
                                 0x2c (size before relaxing)
 .comment       0x0000002b        0x0 C:/msys64/opt/wonderful/thirdparty/blocksds/core/libs/libnds/lib\libnds9.a(default_font.png.o)
                                 0x2c (size before relaxing)
 .comment       0x0000002b        0x0 C:/msys64/opt/wonderful/thirdparty/blocksds/core/libs/libnds/lib\libnds9.a(exceptions.c.o)
                                 0x2c (size before relaxing)
 .comment       0x0000002b        0x0 C:/msys64/opt/wonderful/toolchain/gcc-arm-none-eabi/lib/gcc/arm-none-eabi/15.2.1/../../../../arm-none-eabi/lib/thumb/arm946e-s\libc.a(libc_errno_errno.c.o)
                                 0x2c (size before relaxing)
 .comment       0x0000002b        0x0 C:/msys64/opt/wonderful/toolchain/gcc-arm-none-eabi/lib/gcc/arm-none-eabi/15.2.1/../../../../arm-none-eabi/lib/thumb/arm946e-s\libc.a(libc_misc_init.c.o)
                                 0x2c (size before relaxing)
 .comment       0x0000002b        0x0 C:/msys64/opt/wonderful/toolchain/gcc-arm-none-eabi/lib/gcc/arm-none-eabi/15.2.1/../../../../arm-none-eabi/lib/thumb/arm946e-s\libc.a(libc_stdio_fflush.c.o)
                                 0x2c (size before relaxing)
 .comment       0x0000002b        0x0 C:/msys64/opt/wonderful/toolchain/gcc-arm-none-eabi/lib/gcc/arm-none-eabi/15.2.1/../../../../arm-none-eabi/lib/thumb/arm946e-s\libc.a(libc_stdio_printf.c.o)
                                 0x2c (size before relaxing)
 .comment       0x0000002b        0x0 C:/msys64/opt/wonderful/toolchain/gcc-arm-none-eabi/lib/gcc/arm-none-eabi/15.2.1/../../../../arm-none-eabi/lib/thumb/arm946e-s\libc.a(libc_stdio_putchar.c.o)
                                 0x2c (size before relaxing)
 .comment       0x0000002b        0x0 C:/msys64/opt/wonderful/toolchain/gcc-arm-none-eabi/lib/gcc/arm-none-eabi/15.2.1/../../../../arm-none-eabi/lib/thumb/arm946e-s\libc.a(libc_stdio_puts.c.o)
                                 0x2c (size before relaxing)
 .comment       0x0000002b        0x0 C:/msys64/opt/wonderful/toolchain/gcc-arm-none-eabi/lib/gcc/arm-none-eabi/15.2.1/../../../../arm-none-eabi/lib/thumb/arm946e-s\libc.a(libc_stdio_setvbuf.c.o)
                                 0x2c (size before relaxing)
 .comment       0x0000002b        0x0 C:/msys64/opt/wonderful/toolchain/gcc-arm-none-eabi/lib/gcc/arm-none-eabi/15.2.1/../../../../arm-none-eabi/lib/thumb/arm946e-s\libc.a(libc_stdio_snprintf.c.o)
                                 0x2c (size before relaxing)
 .comment       0x0000002b        0x0 C:/msys64/opt/wonderful/toolchain/gcc-arm-none-eabi/lib/gcc/arm-none-eabi/15.2.1/../../../../arm-none-eabi/lib/thumb/arm946e-s\libc.a(libc_stdio_vfprintf.c.o)
                                 0x2c (size before relaxing)
 .comment       0x0000002b        0x0 C:/msys64/opt/wonderful/toolchain/gcc-arm-none-eabi/lib/gcc/arm-none-eabi/15.2.1/../../../../arm-none-eabi/lib/thumb/arm946e-s\libc.a(libc_stdio_vprintf.c.o)
                                 0x2c (size before relaxing)
 .comment       0x0000002b        0x0 C:/msys64/opt/wonderful/toolchain/gcc-arm-none-eabi/lib/gcc/arm-none-eabi/15.2.1/../../../../arm-none-eabi/lib/thumb/arm946e-s\libc.a(libc_stdio_dtoa_ryu.c.o)
                                 0x2c (size before relaxing)
 .comment       0x0000002b        0x0 C:/msys64/opt/wonderful/toolchain/gcc-arm-none-eabi/lib/gcc/arm-none-eabi/15.2.1/../../../../arm-none-eabi/lib/thumb/arm946e-s\libc.a(libc_stdio_ryu_log10.c.o)
                                 0x2c (size before relaxing)
 .comment       0x0000002b        0x0 C:/msys64/opt/wonderful/toolchain/gcc-arm-none-eabi/lib/gcc/arm-none-eabi/15.2.1/../../../../arm-none-eabi/lib/thumb/arm946e-s\libc.a(libc_stdio_ryu_pow5bits.c.o)
                                 0x2c (size before relaxing)
 .comment       0x0000002b        0x0 C:/msys64/opt/wonderful/toolchain/gcc-arm-none-eabi/lib/gcc/arm-none-eabi/15.2.1/../../../../arm-none-eabi/lib/thumb/arm946e-s\libc.a(libc_stdio_ryu_table.c.o)
                                 0x2c (size before relaxing)
 .comment       0x0000002b        0x0 C:/msys64/opt/wonderful/toolchain/gcc-arm-none-eabi/lib/gcc/arm-none-eabi/15.2.1/../../../../arm-none-eabi/lib/thumb/arm946e-s\libc.a(libc_stdio_ryu_umul128.c.o)
                                 0x2c (size before relaxing)
 .comment       0x0000002b        0x0 C:/msys64/opt/wonderful/toolchain/gcc-arm-none-eabi/lib/gcc/arm-none-eabi/15.2.1/../../../../arm-none-eabi/lib/thumb/arm946e-s\libc.a(libc_stdlib_exit.c.o)
                                 0x2c (size before relaxing)
 .comment       0x0000002b        0x0 C:/msys64/opt/wonderful/toolchain/gcc-arm-none-eabi/lib/gcc/arm-none-eabi/15.2.1/../../../../arm-none-eabi/lib/thumb/arm946e-s\libc.a(libc_stdlib_wctomb_r.c.o)
                                 0x2c (size before relaxing)
 .comment       0x0000002b        0x0 C:/msys64/opt/wonderful/toolchain/gcc-arm-none-eabi/lib/gcc/arm-none-eabi/15.2.1/../../../../arm-none-eabi/lib/thumb/arm946e-s\libc.a(libc_string_stpcpy.c.o)
                                 0x2c (size before relaxing)
 .comment       0x0000002b        0x0 C:/msys64/opt/wonderful/toolchain/gcc-arm-none-eabi/lib/gcc/arm-none-eabi/15.2.1/../../../../arm-none-eabi/lib/thumb/arm946e-s\libc.a(libc_string_strnlen.c.o)
                                 0x2c (size before relaxing)
 .comment       0x0000002b        0x0 C:/msys64/opt/wonderful/toolchain/gcc-arm-none-eabi/lib/gcc/arm-none-eabi/15.2.1/../../../../arm-none-eabi/lib/thumb/arm946e-s\libc.a(libc_time_time.c.o)
                                 0x2c (size before relaxing)
 .comment       0x0000002b        0x0 C:/msys64/opt/wonderful/toolchain/gcc-arm-none-eabi/lib/gcc/arm-none-eabi/15.2.1/../../../../arm-none-eabi/lib/thumb/arm946e-s\libc.a(libc_locale_localedata.c.o)
                                 0x2c (size before relaxing)
 .comment       0x0000002b        0x0 C:/msys64/opt/wonderful/toolchain/gcc-arm-none-eabi/lib/gcc/arm-none-eabi/15.2.1/../../../../arm-none-eabi/lib/thumb/arm946e-s\libc.a(libc_misc_fini.c.o)
                                 0x2c (size before relaxing)
 .comment       0x0000002b        0x0 C:/msys64/opt/wonderful/toolchain/gcc-arm-none-eabi/lib/gcc/arm-none-eabi/15.2.1/../../../../arm-none-eabi/lib/thumb/arm946e-s\libc.a(libc_stdio_dtox_engine.c.o)
                                 0x2c (size before relaxing)
 .comment       0x0000002b        0x0 C:/msys64/opt/wonderful/toolchain/gcc-arm-none-eabi/lib/gcc/arm-none-eabi/15.2.1/../../../../arm-none-eabi/lib/thumb/arm946e-s\libc.a(libc_stdio_filestrput.c.o)
                                 0x2c (size before relaxing)
 .comment       0x0000002b        0x0 C:/msys64/opt/wonderful/toolchain/gcc-arm-none-eabi/lib/gcc/arm-none-eabi/15.2.1/../../../../arm-none-eabi/lib/thumb/arm946e-s\libc.a(libc_stdio_fputc.c.o)
                                 0x2c (size before relaxing)
 .comment       0x0000002b        0x0 C:/msys64/opt/wonderful/thirdparty/blocksds/core/libs/libnds/lib\libnds9.a(syscalls.c.o)
                                 0x2c (size before relaxing)
 .comment       0x0000002b        0x0 C:/msys64/opt/wonderful/toolchain/gcc-arm-none-eabi/lib/gcc/arm-none-eabi/15.2.1/thumb/arm946e-s\libgcc.a(_udivmoddi4.o)
                                 0x2c (size before relaxing)
 .comment       0x0000002b        0x0 C:/msys64/opt/wonderful/toolchain/gcc-arm-none-eabi/lib/gcc/arm-none-eabi/15.2.1/thumb/arm946e-s/crtend.o
                                 0x2c (size before relaxing)

.gnu.build.attributes
 *(.gnu.build.attributes .gnu.build.attributes.*)

.debug
 *(.debug)

.line
 *(.line)

.debug_srcinfo
 *(.debug_srcinfo)

.debug_sfnames
 *(.debug_sfnames)

.debug_aranges  0x00000000     0x1230
 *(.debug_aranges)
 .debug_aranges
                0x00000000       0x20 C:/msys64/opt/wonderful/thirdparty/blocksds/core/sys/crts/ds_arm9_crt0.o
 .debug_aranges
                0x00000020       0x18 build/Code/gfx/splash.png.o
 .debug_aranges
                0x00000038       0x18 build/Code/source/countries.c.o
 .debug_aranges
                0x00000050       0x18 build/Code/source/province_cores.c.o
 .debug_aranges
                0x00000068       0x18 build/Code/source/province_data.c.o
 .debug_aranges
                0x00000080       0x18 build/Code/source/province_map.c.o
 .debug_aranges
                0x00000098       0x18 build/Code/source/province_owners.c.o
 .debug_aranges
                0x000000b0      0x1b0 C:/msys64/opt/wonderful/thirdparty/blocksds/core/libs/libnds/lib\libnds9.a(cp15.s.o)
 .debug_aranges
                0x00000260       0x50 C:/msys64/opt/wonderful/thirdparty/blocksds/core/libs/libnds/lib\libnds9.a(mpu_setup.s.o)
 .debug_aranges
                0x000002b0       0x28 C:/msys64/opt/wonderful/thirdparty/blocksds/core/libs/libnds/lib\libnds9.a(dma.s.o)
 .debug_aranges
                0x000002d8       0x30 C:/msys64/opt/wonderful/thirdparty/blocksds/core/libs/libnds/lib\libnds9.a(memcpy.s.o)
 .debug_aranges
                0x00000308       0x40 C:/msys64/opt/wonderful/thirdparty/blocksds/core/libs/libnds/lib\libnds9.a(memset.s.o)
 .debug_aranges
                0x00000348       0xd8 C:/msys64/opt/wonderful/thirdparty/blocksds/core/libs/libnds/lib\libnds9.a(console.c.o)
 .debug_aranges
                0x00000420      0x110 C:/msys64/opt/wonderful/thirdparty/blocksds/core/libs/libnds/lib\libnds9.a(dlmalloc.c.o)
 .debug_aranges
                0x00000530       0x20 C:/msys64/opt/wonderful/thirdparty/blocksds/core/libs/libnds/lib\libnds9.a(crt0_argv.c.o)
 .debug_aranges
                0x00000550       0x38 C:/msys64/opt/wonderful/thirdparty/blocksds/core/libs/libnds/lib\libnds9.a(iob.c.o)
 .debug_aranges
                0x00000588       0x20 C:/msys64/opt/wonderful/thirdparty/blocksds/core/libs/libnds/lib\libnds9.a(sassert.c.o)
 .debug_aranges
                0x000005a8       0x30 C:/msys64/opt/wonderful/thirdparty/blocksds/core/libs/libnds/lib\libnds9.a(cache.c.o)
 .debug_aranges
                0x000005d8       0x20 C:/msys64/opt/wonderful/thirdparty/blocksds/core/libs/libnds/lib\libnds9.a(initSystem.c.o)
 .debug_aranges
                0x000005f8       0x60 C:/msys64/opt/wonderful/thirdparty/blocksds/core/libs/libnds/lib\libnds9.a(keys.c.o)
 .debug_aranges
                0x00000658       0x18 C:/msys64/opt/wonderful/thirdparty/blocksds/core/libs/libnds/lib\libnds9.a(securearea.c.o)
 .debug_aranges
                0x00000670       0x88 C:/msys64/opt/wonderful/thirdparty/blocksds/core/libs/libnds/lib\libnds9.a(system.c.o)
 .debug_aranges
                0x000006f8       0x60 C:/msys64/opt/wonderful/thirdparty/blocksds/core/libs/libnds/lib\libnds9.a(trig.c.o)
 .debug_aranges
                0x00000758       0x40 C:/msys64/opt/wonderful/thirdparty/blocksds/core/libs/libnds/lib\libnds9.a(background.c.o)
 .debug_aranges
                0x00000798       0x70 C:/msys64/opt/wonderful/thirdparty/blocksds/core/libs/libnds/lib\libnds9.a(sprite.c.o)
 .debug_aranges
                0x00000808       0x38 C:/msys64/opt/wonderful/thirdparty/blocksds/core/libs/libnds/lib\libnds9.a(sprite_alloc.c.o)
 .debug_aranges
                0x00000840       0x38 C:/msys64/opt/wonderful/thirdparty/blocksds/core/libs/libnds/lib\libnds9.a(video.c.o)
 .debug_aranges
                0x00000878       0x90 C:/msys64/opt/wonderful/thirdparty/blocksds/core/libs/libnds/lib\libnds9.a(threads.c.o)
 .debug_aranges
                0x00000908       0x38 C:/msys64/opt/wonderful/thirdparty/blocksds/core/libs/libnds/lib\libnds9.a(exceptions.c.o)
 .debug_aranges
                0x00000940       0xd8 C:/msys64/opt/wonderful/thirdparty/blocksds/core/libs/libnds/lib\libnds9.a(fifosystem.c.o)
 .debug_aranges
                0x00000a18       0x48 C:/msys64/opt/wonderful/thirdparty/blocksds/core/libs/libnds/lib\libnds9.a(interrupts.c.o)
 .debug_aranges
                0x00000a60       0x38 C:/msys64/opt/wonderful/thirdparty/blocksds/core/libs/libnds/lib\libnds9.a(exit.c.o)
 .debug_aranges
                0x00000a98       0x38 C:/msys64/opt/wonderful/thirdparty/blocksds/core/libs/libnds/lib\libnds9.a(heapfuncs.c.o)
 .debug_aranges
                0x00000ad0       0x20 C:/msys64/opt/wonderful/thirdparty/blocksds/core/libs/libnds/lib\libnds9.a(sbrk.c.o)
 .debug_aranges
                0x00000af0       0x28 C:/msys64/opt/wonderful/thirdparty/blocksds/core/libs/libnds/lib\libnds9.a(coroutine.c.o)
 .debug_aranges
                0x00000b18       0x28 C:/msys64/opt/wonderful/thirdparty/blocksds/core/libs/libnds/lib\libnds9.a(swiIntrWait.c.o)
 .debug_aranges
                0x00000b40       0x18 C:/msys64/opt/wonderful/thirdparty/blocksds/core/libs/libnds/lib\libnds9.a(default_font.png.o)
 .debug_aranges
                0x00000b58       0x20 C:/msys64/opt/wonderful/thirdparty/blocksds/core/libs/libnds/lib\libnds9.a(cpu_clock.s.o)
 .debug_aranges
                0x00000b78       0x20 C:/msys64/opt/wonderful/thirdparty/blocksds/core/libs/libnds/lib\libnds9.a(aeabi_read_tp.s.o)
 .debug_aranges
                0x00000b98       0x20 C:/msys64/opt/wonderful/thirdparty/blocksds/core/libs/libnds/lib\libnds9.a(exceptionHandler.s.o)
 .debug_aranges
                0x00000bb8       0x20 C:/msys64/opt/wonderful/thirdparty/blocksds/core/libs/libnds/lib\libnds9.a(interruptDispatcher.s.o)
 .debug_aranges
                0x00000bd8       0x38 C:/msys64/opt/wonderful/thirdparty/blocksds/core/libs/libnds/lib\libnds9.a(coroutine.s.o)
 .debug_aranges
                0x00000c10       0x48 C:/msys64/opt/wonderful/thirdparty/blocksds/core/libs/libnds/lib\libnds9.a(exceptions.c.o)
 .debug_aranges
                0x00000c58       0x28 C:/msys64/opt/wonderful/thirdparty/blocksds/core/libs/libnds/lib\libnds9.a(cpu.s.o)
 .debug_aranges
                0x00000c80       0x20 C:/msys64/opt/wonderful/toolchain/gcc-arm-none-eabi/lib/gcc/arm-none-eabi/15.2.1/../../../../arm-none-eabi/lib/thumb/arm946e-s\libc.a(strlen.S.o)
 .debug_aranges
                0x00000ca0       0x18 C:/msys64/opt/wonderful/toolchain/gcc-arm-none-eabi/lib/gcc/arm-none-eabi/15.2.1/../../../../arm-none-eabi/lib/thumb/arm946e-s\libc.a(libc_errno_errno.c.o)
 .debug_aranges
                0x00000cb8       0x20 C:/msys64/opt/wonderful/toolchain/gcc-arm-none-eabi/lib/gcc/arm-none-eabi/15.2.1/../../../../arm-none-eabi/lib/thumb/arm946e-s\libc.a(libc_misc_init.c.o)
 .debug_aranges
                0x00000cd8       0x20 C:/msys64/opt/wonderful/toolchain/gcc-arm-none-eabi/lib/gcc/arm-none-eabi/15.2.1/../../../../arm-none-eabi/lib/thumb/arm946e-s\libc.a(libc_stdio_fflush.c.o)
 .debug_aranges
                0x00000cf8       0x20 C:/msys64/opt/wonderful/toolchain/gcc-arm-none-eabi/lib/gcc/arm-none-eabi/15.2.1/../../../../arm-none-eabi/lib/thumb/arm946e-s\libc.a(libc_stdio_printf.c.o)
 .debug_aranges
                0x00000d18       0x20 C:/msys64/opt/wonderful/toolchain/gcc-arm-none-eabi/lib/gcc/arm-none-eabi/15.2.1/../../../../arm-none-eabi/lib/thumb/arm946e-s\libc.a(libc_stdio_putchar.c.o)
 .debug_aranges
                0x00000d38       0x20 C:/msys64/opt/wonderful/toolchain/gcc-arm-none-eabi/lib/gcc/arm-none-eabi/15.2.1/../../../../arm-none-eabi/lib/thumb/arm946e-s\libc.a(libc_stdio_puts.c.o)
 .debug_aranges
                0x00000d58       0x20 C:/msys64/opt/wonderful/toolchain/gcc-arm-none-eabi/lib/gcc/arm-none-eabi/15.2.1/../../../../arm-none-eabi/lib/thumb/arm946e-s\libc.a(libc_stdio_setvbuf.c.o)
 .debug_aranges
                0x00000d78       0x20 C:/msys64/opt/wonderful/toolchain/gcc-arm-none-eabi/lib/gcc/arm-none-eabi/15.2.1/../../../../arm-none-eabi/lib/thumb/arm946e-s\libc.a(libc_stdio_snprintf.c.o)
 .debug_aranges
                0x00000d98       0x30 C:/msys64/opt/wonderful/toolchain/gcc-arm-none-eabi/lib/gcc/arm-none-eabi/15.2.1/../../../../arm-none-eabi/lib/thumb/arm946e-s\libc.a(libc_stdio_vfprintf.c.o)
 .debug_aranges
                0x00000dc8       0x20 C:/msys64/opt/wonderful/toolchain/gcc-arm-none-eabi/lib/gcc/arm-none-eabi/15.2.1/../../../../arm-none-eabi/lib/thumb/arm946e-s\libc.a(libc_stdio_vprintf.c.o)
 .debug_aranges